Java HotSpot(TM) 64-Bit Server VM (25.341-b10) for bsd-amd64 JRE (1.8.0_341-b10), built on Jun 16 2022 16:44:16 by "java_re" with gcc 4.2.1 Compatible Apple LLVM 11.0.0 (clang-1100.0.33.17)
Memory: 4k page, physical 16777216k(23200k free)

/proc/meminfo:

CommandLine flags: -XX:InitialHeapSize=209715200 -XX:MaxHeapSize=209715200 -XX:MaxNewSize=104857600 -XX:MaxTenuringThreshold=15 -XX:NewSize=104857600 -XX:OldPLABSize=16 -XX:PretenureSizeThreshold=20971520 -XX:+PrintGC -XX:+PrintGCDetails -XX:+PrintGCTimeStamps -XX:SurvivorRatio=8 -XX:+UseCompressedClassPointers -XX:+UseCompressedOops -XX:+UseConcMarkSweepGC -XX:+UseParNewGC 
30.180: [GC (Allocation Failure) 30.181: [ParNew: 76595K->425K(92160K), 0.0252722 secs] 76595K->31147K(194560K), 0.0265197 secs] [Times: user=0.11 sys=0.01, real=0.02 secs] 
31.222: [GC (Allocation Failure) 31.222: [ParNew: 73691K->542K(92160K), 0.0113546 secs] 104413K->51746K(194560K), 0.0114573 secs] [Times: user=0.08 sys=0.01, real=0.01 secs] 
31.235: [GC (CMS Initial Mark) [1 CMS-initial-mark: 51204K(102400K)] 63624K(194560K), 0.0010690 secs] [Times: user=0.00 sys=0.00, real=0.00 secs] 
31.236: [CMS-concurrent-mark-start]
31.236: [CMS-concurrent-mark: 0.000/0.000 secs] [Times: user=0.01 sys=0.00, real=0.00 secs] 
31.236: [CMS-concurrent-preclean-start]
31.237: [CMS-concurrent-preclean: 0.000/0.000 secs] [Times: user=0.00 sys=0.00, real=0.00 secs] 
31.237: [CMS-concurrent-abortable-preclean-start]
32.244: [GC (Allocation Failure) 32.245: [ParNew: 75381K->586K(92160K), 0.0073393 secs] 126585K->62032K(194560K), 0.0074824 secs] [Times: user=0.04 sys=0.01, real=0.01 secs] 
33.261: [GC (Allocation Failure) 33.261: [ParNew: 73803K->614K(92160K), 0.0009363 secs] 135250K->62060K(194560K), 0.0010470 secs] [Times: user=0.01 sys=0.00, real=0.00 secs] 
33.371: [CMS-concurrent-abortable-preclean: 0.106/2.134 secs] [Times: user=0.16 sys=0.01, real=2.14 secs] 
33.372: [GC (CMS Final Remark) [YG occupancy: 43135 K (92160 K)]33.372: [Rescan (parallel) , 0.0009517 secs]33.373: [weak refs processing, 0.0000421 secs]33.373: [class unloading, 0.0024332 secs]33.375: [scrub symbol table, 0.0018151 secs]33.377: [scrub string table, 0.0002805 secs][1 CMS-remark: 61446K(102400K)] 104581K(194560K), 0.0058497 secs] [Times: user=0.00 sys=0.00, real=0.00 secs] 
33.378: [CMS-concurrent-sweep-start]
33.378: [CMS-concurrent-sweep: 0.000/0.000 secs] [Times: user=0.00 sys=0.00, real=0.00 secs] 
33.378: [CMS-concurrent-reset-start]
33.379: [CMS-concurrent-reset: 0.001/0.001 secs] [Times: user=0.00 sys=0.00, real=0.01 secs] 
34.273: [GC (Allocation Failure) 34.273: [ParNew: 73855K->610K(92160K), 0.0026299 secs] 104581K->41578K(194560K), 0.0027617 secs] [Times: user=0.01 sys=0.00, real=0.00 secs] 
35.285: [GC (Allocation Failure) 35.285: [ParNew: 73865K->584K(92160K), 0.0030432 secs] 114834K->51793K(194560K), 0.0032002 secs] [Times: user=0.01 sys=0.01, real=0.00 secs] 
36.295: [GC (Allocation Failure) 36.295: [ParNew: 73850K->660K(92160K), 0.0075848 secs] 125058K->62109K(194560K), 0.0077134 secs] [Times: user=0.05 sys=0.00, real=0.01 secs] 
36.303: [GC (CMS Initial Mark) [1 CMS-initial-mark: 61448K(102400K)] 72349K(194560K), 0.0003972 secs] [Times: user=0.01 sys=0.00, real=0.00 secs] 
36.304: [CMS-concurrent-mark-start]
36.304: [CMS-concurrent-mark: 0.000/0.000 secs] [Times: user=0.00 sys=0.00, real=0.00 secs] 
36.304: [CMS-concurrent-preclean-start]
36.304: [CMS-concurrent-preclean: 0.000/0.000 secs] [Times: user=0.00 sys=0.00, real=0.00 secs] 
36.304: [CMS-concurrent-abortable-preclean-start]
37.313: [GC (Allocation Failure) 37.314: [ParNew: 73932K->473K(92160K), 0.0009990 secs] 135380K->61921K(194560K), 0.0014822 secs] [Times: user=0.00 sys=0.00, real=0.00 secs] 
37.321: [GC (Allocation Failure) 37.321: [ParNew (promotion failed): 73748K->73819K(92160K), 0.0224670 secs]37.343: [CMS37.343: [CMS-concurrent-abortable-preclean: 0.054/1.039 secs] [Times: user=0.20 sys=0.01, real=1.04 secs] 
 (concurrent mode failure): 81928K->31107K(102400K), 0.0088727 secs] 135196K->31107K(194560K), [Metaspace: 3201K->3201K(1056768K)], 0.0315262 secs] [Times: user=0.14 sys=0.01, real=0.03 secs] 
38.364: [GC (Allocation Failure) 38.364: [ParNew: 73278K->0K(92160K), 0.0053410 secs] 104385K->51589K(194560K), 0.0055648 secs] [Times: user=0.04 sys=0.01, real=0.01 secs] 
38.370: [GC (CMS Initial Mark) [1 CMS-initial-mark: 51589K(102400K)] 61829K(194560K), 0.0002110 secs] [Times: user=0.00 sys=0.00, real=0.00 secs] 
38.370: [CMS-concurrent-mark-start]
38.371: [CMS-concurrent-mark: 0.001/0.001 secs] [Times: user=0.00 sys=0.00, real=0.00 secs] 
38.372: [CMS-concurrent-preclean-start]
38.372: [CMS-concurrent-preclean: 0.000/0.000 secs] [Times: user=0.00 sys=0.00, real=0.00 secs] 
38.372: [CMS-concurrent-abortable-preclean-start]
39.380: [GC (Allocation Failure) 39.380: [ParNew: 73279K->0K(92160K), 0.0035640 secs] 124868K->61831K(194560K), 0.0037808 secs] [Times: user=0.02 sys=0.00, real=0.00 secs] 
40.393: [GC (Allocation Failure) 40.394: [ParNew: 73280K->0K(92160K), 0.0009373 secs] 135111K->61831K(194560K), 0.0010578 secs] [Times: user=0.00 sys=0.00, real=0.00 secs] 
40.599: [CMS-concurrent-abortable-preclean: 0.011/2.227 secs] [Times: user=0.05 sys=0.00, real=2.22 secs] 
40.599: [GC (CMS Final Remark) [YG occupancy: 42561 K (92160 K)]40.599: [Rescan (parallel) , 0.0006215 secs]40.600: [weak refs processing, 0.0000404 secs]40.600: [class unloading, 0.0009630 secs]40.601: [scrub symbol table, 0.0015949 secs]40.602: [scrub string table, 0.0003613 secs][1 CMS-remark: 61831K(102400K)] 104392K(194560K), 0.0037994 secs] [Times: user=0.01 sys=0.00, real=0.00 secs] 
40.603: [CMS-concurrent-sweep-start]
40.603: [CMS-concurrent-sweep: 0.000/0.000 secs] [Times: user=0.00 sys=0.00, real=0.00 secs] 
40.603: [CMS-concurrent-reset-start]
40.603: [CMS-concurrent-reset: 0.000/0.000 secs] [Times: user=0.00 sys=0.00, real=0.00 secs] 
41.404: [GC (Allocation Failure) 41.404: [ParNew: 73281K->0K(92160K), 0.0021980 secs] 104392K->41353K(194560K), 0.0023570 secs] [Times: user=0.01 sys=0.00, real=0.00 secs] 
42.413: [GC (Allocation Failure) 42.413: [ParNew: 73281K->0K(92160K), 0.0016738 secs] 114635K->51593K(194560K), 0.0018037 secs] [Times: user=0.01 sys=0.00, real=0.00 secs] 
43.422: [GC (Allocation Failure) 43.422: [ParNew: 73282K->0K(92160K), 0.0028553 secs] 124875K->61835K(194560K), 0.0029915 secs] [Times: user=0.01 sys=0.01, real=0.00 secs] 
43.425: [GC (CMS Initial Mark) [1 CMS-initial-mark: 61835K(102400K)] 72075K(194560K), 0.0002136 secs] [Times: user=0.00 sys=0.00, real=0.00 secs] 
43.426: [CMS-concurrent-mark-start]
43.426: [CMS-concurrent-mark: 0.001/0.001 secs] [Times: user=0.00 sys=0.00, real=0.00 secs] 
43.427: [CMS-concurrent-preclean-start]
43.427: [CMS-concurrent-preclean: 0.000/0.000 secs] [Times: user=0.00 sys=0.00, real=0.00 secs] 
43.427: [CMS-concurrent-abortable-preclean-start]
44.432: [GC (Allocation Failure) 44.432: [ParNew: 73282K->0K(92160K), 0.0007217 secs] 135117K->61835K(194560K), 0.0007862 secs] [Times: user=0.00 sys=0.00, real=0.00 secs] 
44.438: [GC (Allocation Failure) 44.438: [ParNew (promotion failed): 73282K->73282K(92160K), 0.0032415 secs]44.441: [CMS44.441: [CMS-concurrent-abortable-preclean: 0.006/1.015 secs] [Times: user=0.04 sys=0.00, real=1.02 secs] 
 (concurrent mode failure): 82315K->31107K(102400K), 0.0062759 secs] 135117K->31107K(194560K), [Metaspace: 3201K->3201K(1056768K)], 0.0096561 secs] [Times: user=0.02 sys=0.00, real=0.01 secs] 
45.457: [GC (Allocation Failure) 45.457: [ParNew: 73282K->0K(92160K), 0.0028356 secs] 104389K->51589K(194560K), 0.0029795 secs] [Times: user=0.02 sys=0.00, real=0.01 secs] 
45.460: [GC (CMS Initial Mark) [1 CMS-initial-mark: 51589K(102400K)] 61829K(194560K), 0.0002309 secs] [Times: user=0.00 sys=0.00, real=0.00 secs] 
45.461: [CMS-concurrent-mark-start]
45.461: [CMS-concurrent-mark: 0.001/0.001 secs] [Times: user=0.00 sys=0.00, real=0.00 secs] 
45.461: [CMS-concurrent-preclean-start]
45.462: [CMS-concurrent-preclean: 0.000/0.000 secs] [Times: user=0.00 sys=0.00, real=0.00 secs] 
45.462: [CMS-concurrent-abortable-preclean-start]
46.473: [GC (Allocation Failure) 46.473: [ParNew: 73282K->0K(92160K), 0.0015493 secs] 124871K->61831K(194560K), 0.0017271 secs] [Times: user=0.01 sys=0.00, real=0.00 secs] 
47.485: [GC (Allocation Failure) 47.485: [ParNew: 73282K->0K(92160K), 0.0006193 secs] 135113K->61831K(194560K), 0.0007719 secs] [Times: user=0.00 sys=0.00, real=0.00 secs] 
47.691: [CMS-concurrent-abortable-preclean: 0.013/2.229 secs] [Times: user=0.03 sys=0.00, real=2.23 secs] 
47.691: [GC (CMS Final Remark) [YG occupancy: 42562 K (92160 K)]47.692: [Rescan (parallel) , 0.0007472 secs]47.692: [weak refs processing, 0.0000656 secs]47.692: [class unloading, 0.0009277 secs]47.693: [scrub symbol table, 0.0014715 secs]47.695: [scrub string table, 0.0003889 secs][1 CMS-remark: 61831K(102400K)] 104393K(194560K), 0.0039012 secs] [Times: user=0.01 sys=0.00, real=0.00 secs] 
47.695: [CMS-concurrent-sweep-start]
47.696: [CMS-concurrent-sweep: 0.000/0.000 secs] [Times: user=0.00 sys=0.00, real=0.00 secs] 
47.696: [CMS-concurrent-reset-start]
47.696: [CMS-concurrent-reset: 0.000/0.000 secs] [Times: user=0.00 sys=0.00, real=0.00 secs] 
48.498: [GC (Allocation Failure) 48.498: [ParNew: 73282K->0K(92160K), 0.0017180 secs] 104393K->41353K(194560K), 0.0018632 secs] [Times: user=0.01 sys=0.01, real=0.01 secs] 
49.508: [GC (Allocation Failure) 49.508: [ParNew: 73282K->0K(92160K), 0.0015776 secs] 114635K->51593K(194560K), 0.0017570 secs] [Times: user=0.00 sys=0.00, real=0.01 secs] 
50.521: [GC (Allocation Failure) 50.521: [ParNew: 73282K->0K(92160K), 0.0022073 secs] 124875K->61833K(194560K), 0.0023807 secs] [Times: user=0.00 sys=0.00, real=0.00 secs] 
50.524: [GC (CMS Initial Mark) [1 CMS-initial-mark: 61833K(102400K)] 72073K(194560K), 0.0003082 secs] [Times: user=0.00 sys=0.00, real=0.00 secs] 
50.525: [CMS-concurrent-mark-start]
50.526: [CMS-concurrent-mark: 0.001/0.001 secs] [Times: user=0.00 sys=0.00, real=0.00 secs] 
50.526: [CMS-concurrent-preclean-start]
50.526: [CMS-concurrent-preclean: 0.000/0.000 secs] [Times: user=0.00 sys=0.00, real=0.00 secs] 
50.526: [CMS-concurrent-abortable-preclean-start]
51.531: [GC (Allocation Failure) 51.531: [ParNew: 73282K->0K(92160K), 0.0008226 secs] 135115K->61833K(194560K), 0.0009362 secs] [Times: user=0.00 sys=0.00, real=0.00 secs] 
51.539: [GC (Allocation Failure) 51.539: [ParNew (promotion failed): 73282K->73282K(92160K), 0.0024230 secs]51.541: [CMS51.541: [CMS-concurrent-abortable-preclean: 0.006/1.015 secs] [Times: user=0.04 sys=0.00, real=1.02 secs] 
 (concurrent mode failure): 82313K->31107K(102400K), 0.0061520 secs] 135115K->31107K(194560K), [Metaspace: 3201K->3201K(1056768K)], 0.0087381 secs] [Times: user=0.02 sys=0.00, real=0.01 secs] 
52.559: [GC (Allocation Failure) 52.559: [ParNew: 73282K->0K(92160K), 0.0027872 secs] 104389K->51589K(194560K), 0.0029539 secs] [Times: user=0.01 sys=0.00, real=0.00 secs] 
52.563: [GC (CMS Initial Mark) [1 CMS-initial-mark: 51589K(102400K)] 61829K(194560K), 0.0002480 secs] [Times: user=0.00 sys=0.00, real=0.00 secs] 
52.563: [CMS-concurrent-mark-start]
52.564: [CMS-concurrent-mark: 0.001/0.001 secs] [Times: user=0.00 sys=0.00, real=0.00 secs] 
52.564: [CMS-concurrent-preclean-start]
52.565: [CMS-concurrent-preclean: 0.000/0.000 secs] [Times: user=0.00 sys=0.00, real=0.00 secs] 
52.565: [CMS-concurrent-abortable-preclean-start]
53.575: [GC (Allocation Failure) 53.575: [ParNew: 73282K->0K(92160K), 0.0016427 secs] 124871K->61831K(194560K), 0.0018091 secs] [Times: user=0.01 sys=0.00, real=0.00 secs] 
54.585: [GC (Allocation Failure) 54.585: [ParNew: 73282K->0K(92160K), 0.0007529 secs] 135113K->61831K(194560K), 0.0008852 secs] [Times: user=0.00 sys=0.00, real=0.00 secs] 
54.795: [CMS-concurrent-abortable-preclean: 0.011/2.230 secs] [Times: user=0.05 sys=0.00, real=2.23 secs] 
54.795: [GC (CMS Final Remark) [YG occupancy: 42562 K (92160 K)]54.795: [Rescan (parallel) , 0.0006527 secs]54.796: [weak refs processing, 0.0000362 secs]54.796: [class unloading, 0.0009568 secs]54.797: [scrub symbol table, 0.0011844 secs]54.798: [scrub string table, 0.0004454 secs][1 CMS-remark: 61831K(102400K)] 104393K(194560K), 0.0034970 secs] [Times: user=0.00 sys=0.01, real=0.00 secs] 
54.798: [CMS-concurrent-sweep-start]
54.799: [CMS-concurrent-sweep: 0.000/0.000 secs] [Times: user=0.00 sys=0.00, real=0.00 secs] 
54.799: [CMS-concurrent-reset-start]
54.799: [CMS-concurrent-reset: 0.000/0.000 secs] [Times: user=0.00 sys=0.00, real=0.01 secs] 
55.599: [GC (Allocation Failure) 55.599: [ParNew: 73282K->0K(92160K), 0.0022610 secs] 104393K->41351K(194560K), 0.0024394 secs] [Times: user=0.01 sys=0.00, real=0.01 secs] 
56.614: [GC (Allocation Failure) 56.614: [ParNew: 73282K->0K(92160K), 0.0021199 secs] 114633K->51591K(194560K), 0.0022873 secs] [Times: user=0.00 sys=0.00, real=0.00 secs] 
57.628: [GC (Allocation Failure) 57.629: [ParNew: 73282K->0K(92160K), 0.0026406 secs] 124873K->61831K(194560K), 0.0028526 secs] [Times: user=0.01 sys=0.00, real=0.01 secs] 
57.632: [GC (CMS Initial Mark) [1 CMS-initial-mark: 61831K(102400K)] 72071K(194560K), 0.0003247 secs] [Times: user=0.00 sys=0.00, real=0.00 secs] 
57.633: [CMS-concurrent-mark-start]
57.634: [CMS-concurrent-mark: 0.001/0.001 secs] [Times: user=0.00 sys=0.00, real=0.00 secs] 
57.634: [CMS-concurrent-preclean-start]
57.635: [CMS-concurrent-preclean: 0.000/0.000 secs] [Times: user=0.00 sys=0.00, real=0.00 secs] 
57.635: [CMS-concurrent-abortable-preclean-start]
58.643: [GC (Allocation Failure) 58.643: [ParNew: 73282K->0K(92160K), 0.0007601 secs] 135113K->61831K(194560K), 0.0009294 secs] [Times: user=0.01 sys=0.00, real=0.00 secs] 
58.651: [GC (Allocation Failure) 58.651: [ParNew: 73282K->0K(92160K), 0.0045841 secs] 135113K->92551K(194560K), 0.0047350 secs] [Times: user=0.03 sys=0.00, real=0.00 secs] 
58.656: [CMS-concurrent-abortable-preclean: 0.005/1.021 secs] [Times: user=0.05 sys=0.00, real=1.02 secs] 
58.657: [GC (CMS Final Remark) [YG occupancy: 10240 K (92160 K)]58.657: [Rescan (parallel) , 0.0002870 secs]58.657: [weak refs processing, 0.0000175 secs]58.657: [class unloading, 0.0002806 secs]58.657: [scrub symbol table, 0.0004544 secs]58.658: [scrub string table, 0.0001950 secs][1 CMS-remark: 92551K(102400K)] 102791K(194560K), 0.0013469 secs] [Times: user=0.00 sys=0.00, real=0.00 secs] 
58.658: [CMS-concurrent-sweep-start]
58.658: [CMS-concurrent-sweep: 0.000/0.000 secs] [Times: user=0.00 sys=0.00, real=0.00 secs] 
58.658: [CMS-concurrent-reset-start]
58.658: [CMS-concurrent-reset: 0.000/0.000 secs] [Times: user=0.00 sys=0.00, real=0.00 secs] 
59.670: [GC (Allocation Failure) 59.670: [ParNew: 73282K->0K(92160K), 0.0030659 secs] 114633K->61833K(194560K), 0.0032002 secs] [Times: user=0.01 sys=0.00, real=0.00 secs] 
59.674: [GC (CMS Initial Mark) [1 CMS-initial-mark: 61833K(102400K)] 72073K(194560K), 0.0001998 secs] [Times: user=0.00 sys=0.00, real=0.00 secs] 
59.674: [CMS-concurrent-mark-start]
59.675: [CMS-concurrent-mark: 0.001/0.001 secs] [Times: user=0.00 sys=0.00, real=0.00 secs] 
59.675: [CMS-concurrent-preclean-start]
59.675: [CMS-concurrent-preclean: 0.000/0.000 secs] [Times: user=0.00 sys=0.00, real=0.00 secs] 
59.675: [CMS-concurrent-abortable-preclean-start]
60.685: [GC (Allocation Failure) 60.685: [ParNew: 73282K->0K(92160K), 0.0014763 secs] 135115K->72073K(194560K), 0.0016463 secs] [Times: user=0.00 sys=0.01, real=0.00 secs] 
61.700: [GC (Allocation Failure) 61.700: [ParNew: 73282K->0K(92160K), 0.0007494 secs] 145355K->72073K(194560K), 0.0008884 secs] [Times: user=0.00 sys=0.00, real=0.00 secs] 
61.911: [CMS-concurrent-abortable-preclean: 0.012/2.236 secs] [Times: user=0.04 sys=0.01, real=2.24 secs] 
61.912: [GC (CMS Final Remark) [YG occupancy: 42562 K (92160 K)]61.912: [Rescan (parallel) , 0.0006370 secs]61.912: [weak refs processing, 0.0000352 secs]61.912: [class unloading, 0.0005893 secs]61.913: [scrub symbol table, 0.0011536 secs]61.914: [scrub string table, 0.0004644 secs][1 CMS-remark: 72073K(102400K)] 114635K(194560K), 0.0030519 secs] [Times: user=0.01 sys=0.00, real=0.00 secs] 
61.915: [CMS-concurrent-sweep-start]
61.915: [CMS-concurrent-sweep: 0.000/0.000 secs] [Times: user=0.00 sys=0.00, real=0.00 secs] 
61.915: [CMS-concurrent-reset-start]
61.915: [CMS-concurrent-reset: 0.000/0.000 secs] [Times: user=0.00 sys=0.00, real=0.00 secs] 
62.715: [GC (Allocation Failure) 62.715: [ParNew: 73282K->0K(92160K), 0.0019955 secs] 104395K->41353K(194560K), 0.0022332 secs] [Times: user=0.01 sys=0.00, real=0.00 secs] 
63.730: [GC (Allocation Failure) 63.730: [ParNew: 73282K->0K(92160K), 0.0027297 secs] 114635K->51595K(194560K), 0.0029330 secs] [Times: user=0.00 sys=0.00, real=0.00 secs] 
64.744: [GC (Allocation Failure) 64.744: [ParNew: 73282K->0K(92160K), 0.0044000 secs] 124877K->61835K(194560K), 0.0045612 secs] [Times: user=0.01 sys=0.00, real=0.00 secs] 
64.750: [GC (CMS Initial Mark) [1 CMS-initial-mark: 61835K(102400K)] 72075K(194560K), 0.0002715 secs] [Times: user=0.00 sys=0.00, real=0.00 secs] 
64.750: [CMS-concurrent-mark-start]
64.751: [CMS-concurrent-mark: 0.001/0.001 secs] [Times: user=0.01 sys=0.00, real=0.00 secs] 
64.752: [CMS-concurrent-preclean-start]
64.752: [CMS-concurrent-preclean: 0.000/0.000 secs] [Times: user=0.00 sys=0.00, real=0.00 secs] 
64.752: [CMS-concurrent-abortable-preclean-start]
65.761: [GC (Allocation Failure) 65.761: [ParNew: 73282K->0K(92160K), 0.0027082 secs] 135117K->61835K(194560K), 0.0030504 secs] [Times: user=0.00 sys=0.00, real=0.00 secs] 
65.770: [GC (Allocation Failure) 65.770: [ParNew (promotion failed): 73282K->73282K(92160K), 0.0030270 secs]65.773: [CMS65.773: [CMS-concurrent-abortable-preclean: 0.007/1.022 secs] [Times: user=0.04 sys=0.00, real=1.02 secs] 
 (concurrent mode failure): 82315K->31107K(102400K), 0.0060962 secs] 135117K->31107K(194560K), [Metaspace: 3201K->3201K(1056768K)], 0.0093358 secs] [Times: user=0.02 sys=0.00, real=0.01 secs] 
66.787: [GC (Allocation Failure) 66.787: [ParNew: 73282K->0K(92160K), 0.0035162 secs] 104389K->51589K(194560K), 0.0036642 secs] [Times: user=0.02 sys=0.00, real=0.01 secs] 
66.792: [GC (CMS Initial Mark) [1 CMS-initial-mark: 51589K(102400K)] 61829K(194560K), 0.0002088 secs] [Times: user=0.00 sys=0.01, real=0.00 secs] 
66.792: [CMS-concurrent-mark-start]
66.793: [CMS-concurrent-mark: 0.001/0.001 secs] [Times: user=0.00 sys=0.00, real=0.00 secs] 
66.793: [CMS-concurrent-preclean-start]
66.793: [CMS-concurrent-preclean: 0.000/0.000 secs] [Times: user=0.00 sys=0.00, real=0.00 secs] 
66.793: [CMS-concurrent-abortable-preclean-start]
67.802: [GC (Allocation Failure) 67.802: [ParNew: 73282K->0K(92160K), 0.0014851 secs] 124871K->61831K(194560K), 0.0016048 secs] [Times: user=0.01 sys=0.00, real=0.00 secs] 
68.814: [GC (Allocation Failure) 68.815: [ParNew: 73282K->0K(92160K), 0.0010152 secs] 135113K->61831K(194560K), 0.0011437 secs] [Times: user=0.00 sys=0.00, real=0.00 secs] 
69.024: [CMS-concurrent-abortable-preclean: 0.008/2.230 secs] [Times: user=0.03 sys=0.00, real=2.23 secs] 
69.024: [GC (CMS Final Remark) [YG occupancy: 42562 K (92160 K)]69.024: [Rescan (parallel) , 0.0004506 secs]69.025: [weak refs processing, 0.0000312 secs]69.025: [class unloading, 0.0009341 secs]69.026: [scrub symbol table, 0.0015462 secs]69.027: [scrub string table, 0.0003681 secs][1 CMS-remark: 61831K(102400K)] 104393K(194560K), 0.0035011 secs] [Times: user=0.01 sys=0.00, real=0.00 secs] 
69.028: [CMS-concurrent-sweep-start]
69.028: [CMS-concurrent-sweep: 0.001/0.001 secs] [Times: user=0.00 sys=0.00, real=0.00 secs] 
69.028: [CMS-concurrent-reset-start]
69.029: [CMS-concurrent-reset: 0.000/0.000 secs] [Times: user=0.00 sys=0.00, real=0.00 secs] 
69.828: [GC (Allocation Failure) 69.828: [ParNew: 73282K->0K(92160K), 0.0027771 secs] 104393K->41351K(194560K), 0.0029600 secs] [Times: user=0.01 sys=0.00, real=0.01 secs] 
70.844: [GC (Allocation Failure) 70.844: [ParNew: 73282K->0K(92160K), 0.0029502 secs] 114633K->51591K(194560K), 0.0032152 secs] [Times: user=0.00 sys=0.00, real=0.00 secs] 
71.856: [GC (Allocation Failure) 71.856: [ParNew: 73282K->0K(92160K), 0.0028146 secs] 124873K->61831K(194560K), 0.0030252 secs] [Times: user=0.01 sys=0.00, real=0.00 secs] 
71.860: [GC (CMS Initial Mark) [1 CMS-initial-mark: 61831K(102400K)] 72071K(194560K), 0.0003112 secs] [Times: user=0.00 sys=0.00, real=0.00 secs] 
71.861: [CMS-concurrent-mark-start]
71.862: [CMS-concurrent-mark: 0.001/0.001 secs] [Times: user=0.00 sys=0.00, real=0.00 secs] 
71.862: [CMS-concurrent-preclean-start]
71.862: [CMS-concurrent-preclean: 0.000/0.000 secs] [Times: user=0.00 sys=0.00, real=0.00 secs] 
71.864: [CMS-concurrent-abortable-preclean-start]
72.871: [GC (Allocation Failure) 72.872: [ParNew: 73282K->0K(92160K), 0.0006588 secs] 135113K->61831K(194560K), 0.0007949 secs] [Times: user=0.00 sys=0.01, real=0.00 secs] 
72.878: [GC (Allocation Failure) 72.878: [ParNew: 73282K->0K(92160K), 0.0032174 secs] 135113K->92551K(194560K), 0.0033651 secs] [Times: user=0.01 sys=0.00, real=0.01 secs] 
72.881: [CMS-concurrent-abortable-preclean: 0.005/1.018 secs] [Times: user=0.03 sys=0.01, real=1.02 secs] 
72.882: [GC (CMS Final Remark) [YG occupancy: 10240 K (92160 K)]72.882: [Rescan (parallel) , 0.0004676 secs]72.882: [weak refs processing, 0.0000143 secs]72.883: [class unloading, 0.0003752 secs]72.883: [scrub symbol table, 0.0003485 secs]72.883: [scrub string table, 0.0001429 secs][1 CMS-remark: 92551K(102400K)] 102791K(194560K), 0.0014650 secs] [Times: user=0.00 sys=0.00, real=0.00 secs] 
72.883: [CMS-concurrent-sweep-start]
72.884: [CMS-concurrent-sweep: 0.000/0.000 secs] [Times: user=0.00 sys=0.00, real=0.00 secs] 
72.884: [CMS-concurrent-reset-start]
72.884: [CMS-concurrent-reset: 0.000/0.000 secs] [Times: user=0.00 sys=0.00, real=0.00 secs] 
73.894: [GC (Allocation Failure) 73.894: [ParNew: 73282K->0K(92160K), 0.0027277 secs] 114633K->61831K(194560K), 0.0028488 secs] [Times: user=0.01 sys=0.00, real=0.00 secs] 
73.898: [GC (CMS Initial Mark) [1 CMS-initial-mark: 61831K(102400K)] 72071K(194560K), 0.0003233 secs] [Times: user=0.00 sys=0.00, real=0.00 secs] 
73.899: [CMS-concurrent-mark-start]
73.900: [CMS-concurrent-mark: 0.001/0.001 secs] [Times: user=0.01 sys=0.00, real=0.00 secs] 
73.900: [CMS-concurrent-preclean-start]
73.900: [CMS-concurrent-preclean: 0.000/0.000 secs] [Times: user=0.00 sys=0.00, real=0.00 secs] 
73.900: [CMS-concurrent-abortable-preclean-start]
74.910: [GC (Allocation Failure) 74.910: [ParNew: 73282K->0K(92160K), 0.0019834 secs] 135113K->72071K(194560K), 0.0021351 secs] [Times: user=0.00 sys=0.00, real=0.00 secs] 
75.923: [GC (Allocation Failure) 75.924: [ParNew: 73282K->0K(92160K), 0.0006913 secs] 145353K->72071K(194560K), 0.0008503 secs] [Times: user=0.00 sys=0.00, real=0.00 secs] 
76.131: [CMS-concurrent-abortable-preclean: 0.010/2.232 secs] [Times: user=0.03 sys=0.00, real=2.23 secs] 
76.132: [GC (CMS Final Remark) [YG occupancy: 42562 K (92160 K)]76.132: [Rescan (parallel) , 0.0010022 secs]76.133: [weak refs processing, 0.0000499 secs]76.133: [class unloading, 0.0006434 secs]76.134: [scrub symbol table, 0.0010083 secs]76.135: [scrub string table, 0.0003523 secs][1 CMS-remark: 72071K(102400K)] 114633K(194560K), 0.0033536 secs] [Times: user=0.01 sys=0.00, real=0.00 secs] 
76.135: [CMS-concurrent-sweep-start]
76.136: [CMS-concurrent-sweep: 0.000/0.000 secs] [Times: user=0.00 sys=0.00, real=0.00 secs] 
76.136: [CMS-concurrent-reset-start]
76.136: [CMS-concurrent-reset: 0.000/0.000 secs] [Times: user=0.00 sys=0.00, real=0.00 secs] 
76.937: [GC (Allocation Failure) 76.937: [ParNew: 73282K->0K(92160K), 0.0024514 secs] 104393K->41351K(194560K), 0.0026559 secs] [Times: user=0.01 sys=0.00, real=0.01 secs] 
77.953: [GC (Allocation Failure) 77.953: [ParNew: 73282K->0K(92160K), 0.0024087 secs] 114633K->51591K(194560K), 0.0026254 secs] [Times: user=0.00 sys=0.00, real=0.00 secs] 
78.968: [GC (Allocation Failure) 78.968: [ParNew: 73282K->0K(92160K), 0.0025048 secs] 124873K->61831K(194560K), 0.0027449 secs] [Times: user=0.01 sys=0.01, real=0.01 secs] 
78.972: [GC (CMS Initial Mark) [1 CMS-initial-mark: 61831K(102400K)] 72071K(194560K), 0.0002664 secs] [Times: user=0.00 sys=0.00, real=0.00 secs] 
78.972: [CMS-concurrent-mark-start]
78.973: [CMS-concurrent-mark: 0.001/0.001 secs] [Times: user=0.00 sys=0.00, real=0.00 secs] 
78.973: [CMS-concurrent-preclean-start]
78.974: [CMS-concurrent-preclean: 0.000/0.000 secs] [Times: user=0.00 sys=0.00, real=0.00 secs] 
78.974: [CMS-concurrent-abortable-preclean-start]
79.983: [GC (Allocation Failure) 79.983: [ParNew: 73282K->0K(92160K), 0.0013960 secs] 135113K->61831K(194560K), 0.0016950 secs] [Times: user=0.00 sys=0.00, real=0.00 secs] 
79.992: [GC (Allocation Failure) 79.992: [ParNew: 73282K->0K(92160K), 0.0035400 secs] 135113K->92553K(194560K), 0.0036757 secs] [Times: user=0.03 sys=0.00, real=0.00 secs] 
79.995: [CMS-concurrent-abortable-preclean: 0.005/1.022 secs] [Times: user=0.05 sys=0.00, real=1.02 secs] 
79.996: [GC (CMS Final Remark) [YG occupancy: 10240 K (92160 K)]79.996: [Rescan (parallel) , 0.0003078 secs]79.997: [weak refs processing, 0.0000191 secs]79.997: [class unloading, 0.0003376 secs]79.997: [scrub symbol table, 0.0004670 secs]79.997: [scrub string table, 0.0001939 secs][1 CMS-remark: 92553K(102400K)] 102793K(194560K), 0.0014377 secs] [Times: user=0.00 sys=0.00, real=0.00 secs] 
79.998: [CMS-concurrent-sweep-start]
79.998: [CMS-concurrent-sweep: 0.000/0.000 secs] [Times: user=0.00 sys=0.00, real=0.00 secs] 
79.998: [CMS-concurrent-reset-start]
79.998: [CMS-concurrent-reset: 0.000/0.000 secs] [Times: user=0.00 sys=0.00, real=0.00 secs] 
81.010: [GC (Allocation Failure) 81.011: [ParNew: 73282K->0K(92160K), 0.0028333 secs] 114635K->61833K(194560K), 0.0034328 secs] [Times: user=0.01 sys=0.00, real=0.00 secs] 
81.015: [GC (CMS Initial Mark) [1 CMS-initial-mark: 61833K(102400K)] 72073K(194560K), 0.0002762 secs] [Times: user=0.00 sys=0.00, real=0.00 secs] 
81.015: [CMS-concurrent-mark-start]
81.016: [CMS-concurrent-mark: 0.001/0.001 secs] [Times: user=0.01 sys=0.00, real=0.00 secs] 
81.016: [CMS-concurrent-preclean-start]
81.016: [CMS-concurrent-preclean: 0.000/0.000 secs] [Times: user=0.00 sys=0.00, real=0.00 secs] 
81.016: [CMS-concurrent-abortable-preclean-start]
82.026: [GC (Allocation Failure) 82.026: [ParNew: 73282K->0K(92160K), 0.0015552 secs] 135115K->72073K(194560K), 0.0017304 secs] [Times: user=0.00 sys=0.00, real=0.00 secs] 
83.040: [GC (Allocation Failure) 83.041: [ParNew: 73282K->0K(92160K), 0.0009158 secs] 145355K->72073K(194560K), 0.0010848 secs] [Times: user=0.00 sys=0.00, real=0.00 secs] 
83.248: [CMS-concurrent-abortable-preclean: 0.013/2.232 secs] [Times: user=0.03 sys=0.00, real=2.23 secs] 
83.249: [GC (CMS Final Remark) [YG occupancy: 42562 K (92160 K)]83.249: [Rescan (parallel) , 0.0008027 secs]83.250: [weak refs processing, 0.0000406 secs]83.250: [class unloading, 0.0005781 secs]83.250: [scrub symbol table, 0.0008297 secs]83.251: [scrub string table, 0.0002839 secs][1 CMS-remark: 72073K(102400K)] 114635K(194560K), 0.0027664 secs] [Times: user=0.01 sys=0.00, real=0.01 secs] 
83.252: [CMS-concurrent-sweep-start]
83.252: [CMS-concurrent-sweep: 0.000/0.000 secs] [Times: user=0.00 sys=0.00, real=0.00 secs] 
83.252: [CMS-concurrent-reset-start]
83.252: [CMS-concurrent-reset: 0.000/0.000 secs] [Times: user=0.00 sys=0.00, real=0.00 secs] 
84.055: [GC (Allocation Failure) 84.055: [ParNew: 73282K->0K(92160K), 0.0023632 secs] 104395K->41355K(194560K), 0.0026346 secs] [Times: user=0.01 sys=0.01, real=0.00 secs] 
85.068: [GC (Allocation Failure) 85.068: [ParNew: 73282K->0K(92160K), 0.0020471 secs] 114637K->51595K(194560K), 0.0022432 secs] [Times: user=0.00 sys=0.00, real=0.01 secs] 
86.083: [GC (Allocation Failure) 86.083: [ParNew: 73282K->0K(92160K), 0.0020917 secs] 124877K->61835K(194560K), 0.0023236 secs] [Times: user=0.01 sys=0.00, real=0.00 secs] 
86.086: [GC (CMS Initial Mark) [1 CMS-initial-mark: 61835K(102400K)] 72075K(194560K), 0.0003077 secs] [Times: user=0.00 sys=0.00, real=0.00 secs] 
86.086: [CMS-concurrent-mark-start]
86.088: [CMS-concurrent-mark: 0.001/0.001 secs] [Times: user=0.00 sys=0.00, real=0.00 secs] 
86.088: [CMS-concurrent-preclean-start]
86.088: [CMS-concurrent-preclean: 0.000/0.000 secs] [Times: user=0.00 sys=0.00, real=0.00 secs] 
86.088: [CMS-concurrent-abortable-preclean-start]
87.097: [GC (Allocation Failure) 87.097: [ParNew: 73282K->0K(92160K), 0.0014496 secs] 135117K->61835K(194560K), 0.0017388 secs] [Times: user=0.01 sys=0.00, real=0.00 secs] 
87.106: [GC (Allocation Failure) 87.106: [ParNew (promotion failed): 73282K->73282K(92160K), 0.0027363 secs]87.109: [CMS87.109: [CMS-concurrent-abortable-preclean: 0.006/1.021 secs] [Times: user=0.04 sys=0.00, real=1.02 secs] 
 (concurrent mode failure): 82315K->31107K(102400K), 0.0061494 secs] 135117K->31107K(194560K), [Metaspace: 3201K->3201K(1056768K)], 0.0090877 secs] [Times: user=0.03 sys=0.00, real=0.01 secs] 
88.127: [GC (Allocation Failure) 88.127: [ParNew: 73282K->0K(92160K), 0.0030296 secs] 104389K->51589K(194560K), 0.0032236 secs] [Times: user=0.02 sys=0.00, real=0.01 secs] 
88.131: [GC (CMS Initial Mark) [1 CMS-initial-mark: 51589K(102400K)] 61829K(194560K), 0.0002275 secs] [Times: user=0.00 sys=0.00, real=0.00 secs] 
88.132: [CMS-concurrent-mark-start]
88.133: [CMS-concurrent-mark: 0.001/0.001 secs] [Times: user=0.00 sys=0.00, real=0.00 secs] 
88.133: [CMS-concurrent-preclean-start]
88.133: [CMS-concurrent-preclean: 0.000/0.000 secs] [Times: user=0.00 sys=0.00, real=0.00 secs] 
88.133: [CMS-concurrent-abortable-preclean-start]
89.144: [GC (Allocation Failure) 89.145: [ParNew: 73282K->0K(92160K), 0.0017284 secs] 124871K->61829K(194560K), 0.0027042 secs] [Times: user=0.01 sys=0.00, real=0.00 secs] 
90.154: [GC (Allocation Failure) 90.154: [ParNew: 73282K->0K(92160K), 0.0004489 secs] 135111K->61829K(194560K), 0.0005395 secs] [Times: user=0.00 sys=0.00, real=0.00 secs] 
90.363: [CMS-concurrent-abortable-preclean: 0.009/2.230 secs] [Times: user=0.04 sys=0.00, real=2.23 secs] 
90.363: [GC (CMS Final Remark) [YG occupancy: 42562 K (92160 K)]90.363: [Rescan (parallel) , 0.0002164 secs]90.363: [weak refs processing, 0.0000084 secs]90.363: [class unloading, 0.0001601 secs]90.363: [scrub symbol table, 0.0001953 secs]90.364: [scrub string table, 0.0000734 secs][1 CMS-remark: 61829K(102400K)] 104391K(194560K), 0.0007085 secs] [Times: user=0.00 sys=0.00, real=0.00 secs] 
90.364: [CMS-concurrent-sweep-start]
90.364: [CMS-concurrent-sweep: 0.000/0.000 secs] [Times: user=0.00 sys=0.00, real=0.00 secs] 
90.364: [CMS-concurrent-reset-start]
90.364: [CMS-concurrent-reset: 0.000/0.000 secs] [Times: user=0.00 sys=0.00, real=0.00 secs] 
91.166: [GC (Allocation Failure) 91.166: [ParNew: 73282K->0K(92160K), 0.0022723 secs] 104391K->41349K(194560K), 0.0024358 secs] [Times: user=0.01 sys=0.01, real=0.00 secs] 
92.182: [GC (Allocation Failure) 92.182: [ParNew: 73282K->0K(92160K), 0.0020957 secs] 114631K->51589K(194560K), 0.0022930 secs] [Times: user=0.01 sys=0.00, real=0.00 secs] 
93.196: [GC (Allocation Failure) 93.197: [ParNew: 73282K->0K(92160K), 0.0033453 secs] 124871K->61829K(194560K), 0.0035617 secs] [Times: user=0.00 sys=0.00, real=0.00 secs] 
93.201: [GC (CMS Initial Mark) [1 CMS-initial-mark: 61829K(102400K)] 72069K(194560K), 0.0003101 secs] [Times: user=0.01 sys=0.00, real=0.00 secs] 
93.201: [CMS-concurrent-mark-start]
93.203: [CMS-concurrent-mark: 0.001/0.001 secs] [Times: user=0.00 sys=0.00, real=0.00 secs] 
93.203: [CMS-concurrent-preclean-start]
93.203: [CMS-concurrent-preclean: 0.000/0.000 secs] [Times: user=0.00 sys=0.00, real=0.00 secs] 
93.203: [CMS-concurrent-abortable-preclean-start]
94.212: [GC (Allocation Failure) 94.212: [ParNew: 73282K->0K(92160K), 0.0026802 secs] 135111K->61829K(194560K), 0.0029609 secs] [Times: user=0.00 sys=0.00, real=0.00 secs] 
94.222: [GC (Allocation Failure) 94.222: [ParNew: 73282K->0K(92160K), 0.0037688 secs] 135111K->92549K(194560K), 0.0039333 secs] [Times: user=0.02 sys=0.00, real=0.00 secs] 
94.226: [CMS-concurrent-abortable-preclean: 0.006/1.023 secs] [Times: user=0.04 sys=0.00, real=1.02 secs] 
94.227: [GC (CMS Final Remark) [YG occupancy: 10240 K (92160 K)]94.227: [Rescan (parallel) , 0.0003003 secs]94.227: [weak refs processing, 0.0000225 secs]94.227: [class unloading, 0.0002770 secs]94.227: [scrub symbol table, 0.0004569 secs]94.228: [scrub string table, 0.0001977 secs][1 CMS-remark: 92549K(102400K)] 102789K(194560K), 0.0013965 secs] [Times: user=0.01 sys=0.00, real=0.00 secs] 
94.228: [CMS-concurrent-sweep-start]
94.228: [CMS-concurrent-sweep: 0.000/0.000 secs] [Times: user=0.00 sys=0.00, real=0.00 secs] 
94.228: [CMS-concurrent-reset-start]
94.229: [CMS-concurrent-reset: 0.000/0.000 secs] [Times: user=0.00 sys=0.00, real=0.00 secs] 
95.238: [GC (Allocation Failure) 95.238: [ParNew: 73282K->0K(92160K), 0.0026186 secs] 114631K->61831K(194560K), 0.0027898 secs] [Times: user=0.02 sys=0.00, real=0.01 secs] 
95.241: [GC (CMS Initial Mark) [1 CMS-initial-mark: 61831K(102400K)] 72071K(194560K), 0.0001847 secs] [Times: user=0.00 sys=0.00, real=0.00 secs] 
95.241: [CMS-concurrent-mark-start]
95.242: [CMS-concurrent-mark: 0.001/0.001 secs] [Times: user=0.00 sys=0.00, real=0.00 secs] 
95.242: [CMS-concurrent-preclean-start]
95.242: [CMS-concurrent-preclean: 0.000/0.000 secs] [Times: user=0.00 sys=0.00, real=0.00 secs] 
95.242: [CMS-concurrent-abortable-preclean-start]
96.253: [GC (Allocation Failure) 96.253: [ParNew: 73282K->0K(92160K), 0.0019186 secs] 135113K->72071K(194560K), 0.0020543 secs] [Times: user=0.01 sys=0.00, real=0.00 secs] 
97.266: [GC (Allocation Failure) 97.266: [ParNew: 73282K->0K(92160K), 0.0008180 secs] 145353K->72071K(194560K), 0.0009832 secs] [Times: user=0.01 sys=0.00, real=0.00 secs] 
97.474: [CMS-concurrent-abortable-preclean: 0.011/2.231 secs] [Times: user=0.04 sys=0.01, real=2.23 secs] 
97.474: [GC (CMS Final Remark) [YG occupancy: 42562 K (92160 K)]97.474: [Rescan (parallel) , 0.0003073 secs]97.474: [weak refs processing, 0.0000161 secs]97.475: [class unloading, 0.0003544 secs]97.475: [scrub symbol table, 0.0004831 secs]97.475: [scrub string table, 0.0001837 secs][1 CMS-remark: 72071K(102400K)] 114633K(194560K), 0.0014723 secs] [Times: user=0.00 sys=0.00, real=0.00 secs] 
97.476: [CMS-concurrent-sweep-start]
97.476: [CMS-concurrent-sweep: 0.000/0.000 secs] [Times: user=0.00 sys=0.00, real=0.00 secs] 
97.476: [CMS-concurrent-reset-start]
97.476: [CMS-concurrent-reset: 0.000/0.000 secs] [Times: user=0.00 sys=0.00, real=0.00 secs] 
98.276: [GC (Allocation Failure) 98.276: [ParNew: 73282K->0K(92160K), 0.0010970 secs] 104393K->41351K(194560K), 0.0012204 secs] [Times: user=0.01 sys=0.00, real=0.00 secs] 
99.285: [GC (Allocation Failure) 99.285: [ParNew: 73282K->0K(92160K), 0.0014863 secs] 114633K->51591K(194560K), 0.0016565 secs] [Times: user=0.00 sys=0.00, real=0.00 secs] 
100.294: [GC (Allocation Failure) 100.294: [ParNew: 73282K->0K(92160K), 0.0015877 secs] 124873K->61831K(194560K), 0.0017016 secs] [Times: user=0.00 sys=0.00, real=0.00 secs] 
100.296: [GC (CMS Initial Mark) [1 CMS-initial-mark: 61831K(102400K)] 72071K(194560K), 0.0002898 secs] [Times: user=0.01 sys=0.00, real=0.00 secs] 
100.297: [CMS-concurrent-mark-start]
100.298: [CMS-concurrent-mark: 0.001/0.001 secs] [Times: user=0.00 sys=0.00, real=0.00 secs] 
100.298: [CMS-concurrent-preclean-start]
100.298: [CMS-concurrent-preclean: 0.000/0.000 secs] [Times: user=0.00 sys=0.00, real=0.00 secs] 
100.298: [CMS-concurrent-abortable-preclean-start]
101.307: [GC (Allocation Failure) 101.307: [ParNew: 73282K->0K(92160K), 0.0013555 secs] 135113K->61831K(194560K), 0.0014636 secs] [Times: user=0.00 sys=0.00, real=0.00 secs] 
101.315: [GC (Allocation Failure) 101.315: [ParNew: 73282K->0K(92160K), 0.0041534 secs] 135113K->92551K(194560K), 0.0043082 secs] [Times: user=0.03 sys=0.00, real=0.00 secs] 
101.319: [CMS-concurrent-abortable-preclean: 0.006/1.021 secs] [Times: user=0.05 sys=0.00, real=1.02 secs] 
101.320: [GC (CMS Final Remark) [YG occupancy: 10240 K (92160 K)]101.320: [Rescan (parallel) , 0.0003286 secs]101.320: [weak refs processing, 0.0000214 secs]101.321: [class unloading, 0.0002672 secs]101.321: [scrub symbol table, 0.0003918 secs]101.321: [scrub string table, 0.0001657 secs][1 CMS-remark: 92551K(102400K)] 102791K(194560K), 0.0013065 secs] [Times: user=0.00 sys=0.00, real=0.01 secs] 
101.322: [CMS-concurrent-sweep-start]
101.322: [CMS-concurrent-sweep: 0.000/0.000 secs] [Times: user=0.00 sys=0.00, real=0.00 secs] 
101.322: [CMS-concurrent-reset-start]
101.322: [CMS-concurrent-reset: 0.000/0.000 secs] [Times: user=0.00 sys=0.00, real=0.00 secs] 
102.327: [GC (Allocation Failure) 102.327: [ParNew: 73282K->0K(92160K), 0.0026215 secs] 114633K->61831K(194560K), 0.0027456 secs] [Times: user=0.02 sys=0.00, real=0.00 secs] 
102.331: [GC (CMS Initial Mark) [1 CMS-initial-mark: 61831K(102400K)] 72071K(194560K), 0.0002290 secs] [Times: user=0.00 sys=0.00, real=0.00 secs] 
102.331: [CMS-concurrent-mark-start]
102.332: [CMS-concurrent-mark: 0.001/0.001 secs] [Times: user=0.00 sys=0.00, real=0.00 secs] 
102.332: [CMS-concurrent-preclean-start]
102.332: [CMS-concurrent-preclean: 0.000/0.000 secs] [Times: user=0.00 sys=0.00, real=0.00 secs] 
102.332: [CMS-concurrent-abortable-preclean-start]
103.341: [GC (Allocation Failure) 103.341: [ParNew: 73282K->0K(92160K), 0.0013690 secs] 135113K->72071K(194560K), 0.0014869 secs] [Times: user=0.01 sys=0.00, real=0.00 secs] 
104.352: [GC (Allocation Failure) 104.352: [ParNew: 73282K->0K(92160K), 0.0009343 secs] 145353K->72071K(194560K), 0.0010499 secs] [Times: user=0.00 sys=0.00, real=0.00 secs] 
104.562: [CMS-concurrent-abortable-preclean: 0.009/2.229 secs] [Times: user=0.04 sys=0.01, real=2.23 secs] 
104.562: [GC (CMS Final Remark) [YG occupancy: 42562 K (92160 K)]104.562: [Rescan (parallel) , 0.0003500 secs]104.562: [weak refs processing, 0.0000231 secs]104.562: [class unloading, 0.0003760 secs]104.563: [scrub symbol table, 0.0002012 secs]104.563: [scrub string table, 0.0000698 secs][1 CMS-remark: 72071K(102400K)] 114633K(194560K), 0.0011189 secs] [Times: user=0.00 sys=0.00, real=0.00 secs] 
104.563: [CMS-concurrent-sweep-start]
104.563: [CMS-concurrent-sweep: 0.000/0.000 secs] [Times: user=0.00 sys=0.00, real=0.00 secs] 
104.563: [CMS-concurrent-reset-start]
104.563: [CMS-concurrent-reset: 0.000/0.000 secs] [Times: user=0.00 sys=0.00, real=0.00 secs] 
105.364: [GC (Allocation Failure) 105.364: [ParNew: 73282K->0K(92160K), 0.0020102 secs] 104393K->41351K(194560K), 0.0021957 secs] [Times: user=0.01 sys=0.00, real=0.00 secs] 
106.374: [GC (Allocation Failure) 106.374: [ParNew: 73282K->0K(92160K), 0.0016121 secs] 114633K->51593K(194560K), 0.0018135 secs] [Times: user=0.01 sys=0.00, real=0.00 secs] 
107.383: [GC (Allocation Failure) 107.383: [ParNew: 73282K->0K(92160K), 0.0014402 secs] 124875K->61833K(194560K), 0.0016185 secs] [Times: user=0.01 sys=0.00, real=0.00 secs] 
107.386: [GC (CMS Initial Mark) [1 CMS-initial-mark: 61833K(102400K)] 72073K(194560K), 0.0002786 secs] [Times: user=0.00 sys=0.00, real=0.00 secs] 
107.386: [CMS-concurrent-mark-start]
107.387: [CMS-concurrent-mark: 0.001/0.001 secs] [Times: user=0.00 sys=0.00, real=0.00 secs] 
107.387: [CMS-concurrent-preclean-start]
107.388: [CMS-concurrent-preclean: 0.000/0.000 secs] [Times: user=0.00 sys=0.00, real=0.00 secs] 
107.388: [CMS-concurrent-abortable-preclean-start]
108.397: [GC (Allocation Failure) 108.397: [ParNew: 73282K->0K(92160K), 0.0011222 secs] 135115K->61833K(194560K), 0.0013704 secs] [Times: user=0.00 sys=0.00, real=0.00 secs] 
108.405: [GC (Allocation Failure) 108.405: [ParNew: 73282K->0K(92160K), 0.0039098 secs] 135115K->92553K(194560K), 0.0040464 secs] [Times: user=0.03 sys=0.00, real=0.00 secs] 
108.409: [CMS-concurrent-abortable-preclean: 0.006/1.021 secs] [Times: user=0.05 sys=0.00, real=1.02 secs] 
108.409: [GC (CMS Final Remark) [YG occupancy: 10240 K (92160 K)]108.410: [Rescan (parallel) , 0.0002731 secs]108.410: [weak refs processing, 0.0000192 secs]108.410: [class unloading, 0.0002867 secs]108.410: [scrub symbol table, 0.0004728 secs]108.411: [scrub string table, 0.0001969 secs][1 CMS-remark: 92553K(102400K)] 102793K(194560K), 0.0013890 secs] [Times: user=0.00 sys=0.00, real=0.01 secs] 
108.411: [CMS-concurrent-sweep-start]
108.411: [CMS-concurrent-sweep: 0.000/0.000 secs] [Times: user=0.00 sys=0.00, real=0.00 secs] 
108.411: [CMS-concurrent-reset-start]
108.411: [CMS-concurrent-reset: 0.000/0.000 secs] [Times: user=0.00 sys=0.00, real=0.00 secs] 
109.421: [GC (Allocation Failure) 109.421: [ParNew: 73282K->0K(92160K), 0.0033344 secs] 114635K->61833K(194560K), 0.0034746 secs] [Times: user=0.02 sys=0.01, real=0.00 secs] 
109.426: [GC (CMS Initial Mark) [1 CMS-initial-mark: 61833K(102400K)] 72073K(194560K), 0.0002880 secs] [Times: user=0.00 sys=0.00, real=0.00 secs] 
109.426: [CMS-concurrent-mark-start]
109.427: [CMS-concurrent-mark: 0.001/0.001 secs] [Times: user=0.00 sys=0.00, real=0.00 secs] 
109.427: [CMS-concurrent-preclean-start]
109.427: [CMS-concurrent-preclean: 0.000/0.000 secs] [Times: user=0.00 sys=0.00, real=0.00 secs] 
109.427: [CMS-concurrent-abortable-preclean-start]
110.435: [GC (Allocation Failure) 110.436: [ParNew: 73282K->0K(92160K), 0.0014962 secs] 135115K->72073K(194560K), 0.0016625 secs] [Times: user=0.01 sys=0.00, real=0.00 secs] 
111.451: [GC (Allocation Failure) 111.451: [ParNew: 73282K->0K(92160K), 0.0007818 secs] 145355K->72073K(194560K), 0.0009132 secs] [Times: user=0.00 sys=0.00, real=0.01 secs] 
111.663: [CMS-concurrent-abortable-preclean: 0.011/2.235 secs] [Times: user=0.04 sys=0.00, real=2.24 secs] 
111.663: [GC (CMS Final Remark) [YG occupancy: 42562 K (92160 K)]111.663: [Rescan (parallel) , 0.0008843 secs]111.664: [weak refs processing, 0.0000358 secs]111.664: [class unloading, 0.0008705 secs]111.665: [scrub symbol table, 0.0012835 secs]111.666: [scrub string table, 0.0004913 secs][1 CMS-remark: 72073K(102400K)] 114635K(194560K), 0.0039109 secs] [Times: user=0.00 sys=0.00, real=0.00 secs] 
111.667: [CMS-concurrent-sweep-start]
111.667: [CMS-concurrent-sweep: 0.000/0.000 secs] [Times: user=0.00 sys=0.00, real=0.00 secs] 
111.667: [CMS-concurrent-reset-start]
111.668: [CMS-concurrent-reset: 0.000/0.000 secs] [Times: user=0.00 sys=0.00, real=0.00 secs] 
112.464: [GC (Allocation Failure) 112.464: [ParNew: 73282K->0K(92160K), 0.0023968 secs] 104395K->41353K(194560K), 0.0025748 secs] [Times: user=0.00 sys=0.00, real=0.00 secs] 
113.476: [GC (Allocation Failure) 113.476: [ParNew: 73282K->0K(92160K), 0.0020822 secs] 114635K->51593K(194560K), 0.0022970 secs] [Times: user=0.01 sys=0.00, real=0.00 secs] 
114.487: [GC (Allocation Failure) 114.487: [ParNew: 73282K->0K(92160K), 0.0026090 secs] 124875K->61833K(194560K), 0.0027852 secs] [Times: user=0.01 sys=0.00, real=0.00 secs] 
114.491: [GC (CMS Initial Mark) [1 CMS-initial-mark: 61833K(102400K)] 72073K(194560K), 0.0002970 secs] [Times: user=0.00 sys=0.00, real=0.00 secs] 
114.491: [CMS-concurrent-mark-start]
114.493: [CMS-concurrent-mark: 0.001/0.001 secs] [Times: user=0.00 sys=0.00, real=0.00 secs] 
114.493: [CMS-concurrent-preclean-start]
114.493: [CMS-concurrent-preclean: 0.000/0.000 secs] [Times: user=0.01 sys=0.00, real=0.00 secs] 
114.493: [CMS-concurrent-abortable-preclean-start]
115.501: [GC (Allocation Failure) 115.502: [ParNew: 73282K->0K(92160K), 0.0014464 secs] 135115K->61833K(194560K), 0.0017219 secs] [Times: user=0.00 sys=0.00, real=0.00 secs] 
115.511: [GC (Allocation Failure) 115.511: [ParNew: 73282K->0K(92160K), 0.0033230 secs] 135115K->92553K(194560K), 0.0034526 secs] [Times: user=0.02 sys=0.01, real=0.00 secs] 
115.514: [CMS-concurrent-abortable-preclean: 0.006/1.021 secs] [Times: user=0.04 sys=0.01, real=1.02 secs] 
115.515: [GC (CMS Final Remark) [YG occupancy: 10240 K (92160 K)]115.515: [Rescan (parallel) , 0.0003420 secs]115.515: [weak refs processing, 0.0000289 secs]115.515: [class unloading, 0.0002825 secs]115.516: [scrub symbol table, 0.0004608 secs]115.516: [scrub string table, 0.0002039 secs][1 CMS-remark: 92553K(102400K)] 102793K(194560K), 0.0014425 secs] [Times: user=0.00 sys=0.00, real=0.00 secs] 
115.516: [CMS-concurrent-sweep-start]
115.517: [CMS-concurrent-sweep: 0.000/0.000 secs] [Times: user=0.00 sys=0.00, real=0.00 secs] 
115.517: [CMS-concurrent-reset-start]
115.517: [CMS-concurrent-reset: 0.000/0.000 secs] [Times: user=0.00 sys=0.00, real=0.00 secs] 
116.526: [GC (Allocation Failure) 116.526: [ParNew: 73282K->0K(92160K), 0.0029104 secs] 114635K->61833K(194560K), 0.0030569 secs] [Times: user=0.02 sys=0.00, real=0.00 secs] 
116.530: [GC (CMS Initial Mark) [1 CMS-initial-mark: 61833K(102400K)] 72073K(194560K), 0.0002345 secs] [Times: user=0.00 sys=0.00, real=0.00 secs] 
116.530: [CMS-concurrent-mark-start]
116.531: [CMS-concurrent-mark: 0.001/0.001 secs] [Times: user=0.00 sys=0.00, real=0.01 secs] 
116.531: [CMS-concurrent-preclean-start]
116.531: [CMS-concurrent-preclean: 0.000/0.000 secs] [Times: user=0.00 sys=0.00, real=0.00 secs] 
116.531: [CMS-concurrent-abortable-preclean-start]
117.541: [GC (Allocation Failure) 117.542: [ParNew: 73282K->0K(92160K), 0.0015998 secs] 135115K->72075K(194560K), 0.0021968 secs] [Times: user=0.00 sys=0.00, real=0.00 secs] 
118.555: [GC (Allocation Failure) 118.556: [ParNew: 73282K->0K(92160K), 0.0008433 secs] 145357K->72075K(194560K), 0.0009683 secs] [Times: user=0.01 sys=0.00, real=0.00 secs] 
118.761: [CMS-concurrent-abortable-preclean: 0.012/2.230 secs] [Times: user=0.04 sys=0.00, real=2.23 secs] 
118.762: [GC (CMS Final Remark) [YG occupancy: 42562 K (92160 K)]118.762: [Rescan (parallel) , 0.0004203 secs]118.762: [weak refs processing, 0.0000186 secs]118.762: [class unloading, 0.0007715 secs]118.763: [scrub symbol table, 0.0008216 secs]118.764: [scrub string table, 0.0002000 secs][1 CMS-remark: 72075K(102400K)] 114637K(194560K), 0.0024540 secs] [Times: user=0.00 sys=0.00, real=0.00 secs] 
118.764: [CMS-concurrent-sweep-start]
118.764: [CMS-concurrent-sweep: 0.000/0.000 secs] [Times: user=0.00 sys=0.00, real=0.00 secs] 
118.764: [CMS-concurrent-reset-start]
118.765: [CMS-concurrent-reset: 0.000/0.000 secs] [Times: user=0.00 sys=0.00, real=0.00 secs] 
119.563: [GC (Allocation Failure) 119.563: [ParNew: 73282K->0K(92160K), 0.0029547 secs] 104397K->41355K(194560K), 0.0031891 secs] [Times: user=0.00 sys=0.00, real=0.00 secs] 
120.578: [GC (Allocation Failure) 120.578: [ParNew: 73282K->0K(92160K), 0.0019162 secs] 114637K->51595K(194560K), 0.0020914 secs] [Times: user=0.01 sys=0.00, real=0.00 secs] 
121.591: [GC (Allocation Failure) 121.591: [ParNew: 73282K->0K(92160K), 0.0017354 secs] 124877K->61835K(194560K), 0.0019015 secs] [Times: user=0.00 sys=0.00, real=0.00 secs] 
121.594: [GC (CMS Initial Mark) [1 CMS-initial-mark: 61835K(102400K)] 72075K(194560K), 0.0002835 secs] [Times: user=0.00 sys=0.00, real=0.00 secs] 
121.594: [CMS-concurrent-mark-start]
121.595: [CMS-concurrent-mark: 0.001/0.001 secs] [Times: user=0.00 sys=0.00, real=0.00 secs] 
121.596: [CMS-concurrent-preclean-start]
121.596: [CMS-concurrent-preclean: 0.000/0.000 secs] [Times: user=0.00 sys=0.00, real=0.00 secs] 
121.596: [CMS-concurrent-abortable-preclean-start]
122.604: [GC (Allocation Failure) 122.604: [ParNew: 73282K->0K(92160K), 0.0018812 secs] 135117K->61835K(194560K), 0.0020699 secs] [Times: user=0.01 sys=0.01, real=0.00 secs] 
122.613: [GC (Allocation Failure) 122.613: [ParNew: 73282K->0K(92160K), 0.0039288 secs] 135117K->92555K(194560K), 0.0040687 secs] [Times: user=0.02 sys=0.00, real=0.00 secs] 
122.617: [CMS-concurrent-abortable-preclean: 0.005/1.021 secs] [Times: user=0.04 sys=0.01, real=1.02 secs] 
122.618: [GC (CMS Final Remark) [YG occupancy: 10240 K (92160 K)]122.618: [Rescan (parallel) , 0.0002562 secs]122.618: [weak refs processing, 0.0000204 secs]122.618: [class unloading, 0.0002783 secs]122.618: [scrub symbol table, 0.0004508 secs]122.619: [scrub string table, 0.0001964 secs][1 CMS-remark: 92555K(102400K)] 102795K(194560K), 0.0013181 secs] [Times: user=0.01 sys=0.00, real=0.00 secs] 
122.619: [CMS-concurrent-sweep-start]
122.619: [CMS-concurrent-sweep: 0.000/0.000 secs] [Times: user=0.00 sys=0.00, real=0.00 secs] 
122.619: [CMS-concurrent-reset-start]
122.619: [CMS-concurrent-reset: 0.000/0.000 secs] [Times: user=0.00 sys=0.00, real=0.00 secs] 
123.630: [GC (Allocation Failure) 123.631: [ParNew: 73282K->0K(92160K), 0.0026716 secs] 114637K->61835K(194560K), 0.0028339 secs] [Times: user=0.01 sys=0.00, real=0.01 secs] 
123.634: [GC (CMS Initial Mark) [1 CMS-initial-mark: 61835K(102400K)] 72075K(194560K), 0.0003309 secs] [Times: user=0.00 sys=0.00, real=0.00 secs] 
123.635: [CMS-concurrent-mark-start]
123.635: [CMS-concurrent-mark: 0.001/0.001 secs] [Times: user=0.00 sys=0.00, real=0.00 secs] 
123.635: [CMS-concurrent-preclean-start]
123.636: [CMS-concurrent-preclean: 0.000/0.000 secs] [Times: user=0.01 sys=0.00, real=0.00 secs] 
123.636: [CMS-concurrent-abortable-preclean-start]
124.642: [GC (Allocation Failure) 124.642: [ParNew: 73282K->0K(92160K), 0.0019021 secs] 135117K->72075K(194560K), 0.0020517 secs] [Times: user=0.00 sys=0.00, real=0.00 secs] 
125.656: [GC (Allocation Failure) 125.656: [ParNew: 73282K->0K(92160K), 0.0006376 secs] 145357K->72075K(194560K), 0.0007718 secs] [Times: user=0.00 sys=0.00, real=0.00 secs] 
125.863: [CMS-concurrent-abortable-preclean: 0.011/2.227 secs] [Times: user=0.03 sys=0.00, real=2.23 secs] 
125.863: [GC (CMS Final Remark) [YG occupancy: 42562 K (92160 K)]125.863: [Rescan (parallel) , 0.0005547 secs]125.864: [weak refs processing, 0.0000368 secs]125.864: [class unloading, 0.0005737 secs]125.864: [scrub symbol table, 0.0011854 secs]125.866: [scrub string table, 0.0004849 secs][1 CMS-remark: 72075K(102400K)] 114637K(194560K), 0.0030474 secs] [Times: user=0.00 sys=0.00, real=0.00 secs] 
125.866: [CMS-concurrent-sweep-start]
125.867: [CMS-concurrent-sweep: 0.000/0.000 secs] [Times: user=0.00 sys=0.00, real=0.00 secs] 
125.867: [CMS-concurrent-reset-start]
125.867: [CMS-concurrent-reset: 0.000/0.000 secs] [Times: user=0.00 sys=0.00, real=0.00 secs] 
126.669: [GC (Allocation Failure) 126.669: [ParNew: 73282K->0K(92160K), 0.0023224 secs] 104397K->41355K(194560K), 0.0025071 secs] [Times: user=0.00 sys=0.00, real=0.01 secs] 
127.683: [GC (Allocation Failure) 127.684: [ParNew: 73282K->0K(92160K), 0.0020350 secs] 114637K->51595K(194560K), 0.0022457 secs] [Times: user=0.01 sys=0.00, real=0.00 secs] 
128.697: [GC (Allocation Failure) 128.698: [ParNew: 73282K->0K(92160K), 0.0025223 secs] 124877K->61835K(194560K), 0.0027385 secs] [Times: user=0.01 sys=0.00, real=0.00 secs] 
128.701: [GC (CMS Initial Mark) [1 CMS-initial-mark: 61835K(102400K)] 72075K(194560K), 0.0002977 secs] [Times: user=0.01 sys=0.00, real=0.00 secs] 
128.702: [CMS-concurrent-mark-start]
128.703: [CMS-concurrent-mark: 0.001/0.001 secs] [Times: user=0.00 sys=0.00, real=0.00 secs] 
128.703: [CMS-concurrent-preclean-start]
128.703: [CMS-concurrent-preclean: 0.000/0.000 secs] [Times: user=0.00 sys=0.00, real=0.00 secs] 
128.704: [CMS-concurrent-abortable-preclean-start]
129.712: [GC (Allocation Failure) 129.712: [ParNew: 73282K->0K(92160K), 0.0013229 secs] 135117K->61835K(194560K), 0.0015981 secs] [Times: user=0.00 sys=0.00, real=0.00 secs] 
129.721: [GC (Allocation Failure) 129.721: [ParNew: 73282K->0K(92160K), 0.0036888 secs] 135117K->92555K(194560K), 0.0038084 secs] [Times: user=0.03 sys=0.00, real=0.01 secs] 
129.725: [CMS-concurrent-abortable-preclean: 0.006/1.021 secs] [Times: user=0.05 sys=0.01, real=1.02 secs] 
129.726: [GC (CMS Final Remark) [YG occupancy: 10240 K (92160 K)]129.726: [Rescan (parallel) , 0.0003212 secs]129.726: [weak refs processing, 0.0000251 secs]129.726: [class unloading, 0.0002689 secs]129.726: [scrub symbol table, 0.0004623 secs]129.727: [scrub string table, 0.0003816 secs][1 CMS-remark: 92555K(102400K)] 102795K(194560K), 0.0015580 secs] [Times: user=0.00 sys=0.00, real=0.00 secs] 
129.727: [CMS-concurrent-sweep-start]
129.728: [CMS-concurrent-sweep: 0.000/0.000 secs] [Times: user=0.00 sys=0.00, real=0.00 secs] 
129.728: [CMS-concurrent-reset-start]
129.728: [CMS-concurrent-reset: 0.000/0.000 secs] [Times: user=0.00 sys=0.00, real=0.00 secs] 
130.738: [GC (Allocation Failure) 130.738: [ParNew: 73282K->0K(92160K), 0.0027318 secs] 114620K->61817K(194560K), 0.0028870 secs] [Times: user=0.01 sys=0.00, real=0.00 secs] 
130.742: [GC (CMS Initial Mark) [1 CMS-initial-mark: 61817K(102400K)] 72057K(194560K), 0.0001985 secs] [Times: user=0.00 sys=0.00, real=0.00 secs] 
130.742: [CMS-concurrent-mark-start]
130.743: [CMS-concurrent-mark: 0.001/0.001 secs] [Times: user=0.00 sys=0.00, real=0.00 secs] 
130.743: [CMS-concurrent-preclean-start]
130.743: [CMS-concurrent-preclean: 0.000/0.000 secs] [Times: user=0.00 sys=0.00, real=0.00 secs] 
130.743: [CMS-concurrent-abortable-preclean-start]
131.750: [GC (Allocation Failure) 131.750: [ParNew: 73282K->0K(92160K), 0.0015780 secs] 135100K->72057K(194560K), 0.0017401 secs] [Times: user=0.01 sys=0.00, real=0.01 secs] 
132.759: [GC (Allocation Failure) 132.759: [ParNew: 73282K->0K(92160K), 0.0008088 secs] 145340K->72057K(194560K), 0.0009536 secs] [Times: user=0.00 sys=0.00, real=0.00 secs] 
132.966: [CMS-concurrent-abortable-preclean: 0.010/2.223 secs] [Times: user=0.04 sys=0.00, real=2.22 secs] 
132.966: [GC (CMS Final Remark) [YG occupancy: 42562 K (92160 K)]132.966: [Rescan (parallel) , 0.0003791 secs]132.967: [weak refs processing, 0.0000248 secs]132.967: [class unloading, 0.0003367 secs]132.967: [scrub symbol table, 0.0005784 secs]132.968: [scrub string table, 0.0002479 secs][1 CMS-remark: 72057K(102400K)] 114620K(194560K), 0.0016812 secs] [Times: user=0.00 sys=0.00, real=0.00 secs] 
132.968: [CMS-concurrent-sweep-start]
132.968: [CMS-concurrent-sweep: 0.000/0.000 secs] [Times: user=0.00 sys=0.00, real=0.00 secs] 
132.968: [CMS-concurrent-reset-start]
132.968: [CMS-concurrent-reset: 0.000/0.000 secs] [Times: user=0.00 sys=0.00, real=0.00 secs] 
133.772: [GC (Allocation Failure) 133.772: [ParNew: 73282K->0K(92160K), 0.0016799 secs] 104380K->41337K(194560K), 0.0018381 secs] [Times: user=0.01 sys=0.00, real=0.00 secs] 
134.784: [GC (Allocation Failure) 134.784: [ParNew: 73282K->0K(92160K), 0.0022265 secs] 114620K->51577K(194560K), 0.0023946 secs] [Times: user=0.01 sys=0.00, real=0.00 secs] 
135.798: [GC (Allocation Failure) 135.798: [ParNew: 73282K->0K(92160K), 0.0023587 secs] 124860K->61817K(194560K), 0.0026056 secs] [Times: user=0.01 sys=0.00, real=0.00 secs] 
135.802: [GC (CMS Initial Mark) [1 CMS-initial-mark: 61817K(102400K)] 72057K(194560K), 0.0002897 secs] [Times: user=0.00 sys=0.00, real=0.00 secs] 
135.802: [CMS-concurrent-mark-start]
135.803: [CMS-concurrent-mark: 0.001/0.001 secs] [Times: user=0.00 sys=0.00, real=0.00 secs] 
135.803: [CMS-concurrent-preclean-start]
135.804: [CMS-concurrent-preclean: 0.000/0.000 secs] [Times: user=0.00 sys=0.00, real=0.00 secs] 
135.804: [CMS-concurrent-abortable-preclean-start]
136.810: [GC (Allocation Failure) 136.811: [ParNew: 73282K->0K(92160K), 0.0010933 secs] 135100K->61817K(194560K), 0.0013061 secs] [Times: user=0.00 sys=0.00, real=0.01 secs] 
136.819: [GC (Allocation Failure) 136.819: [ParNew: 73282K->0K(92160K), 0.0033404 secs] 135100K->92537K(194560K), 0.0034654 secs] [Times: user=0.02 sys=0.00, real=0.01 secs] 
136.822: [CMS-concurrent-abortable-preclean: 0.005/1.019 secs] [Times: user=0.04 sys=0.00, real=1.02 secs] 
136.823: [GC (CMS Final Remark) [YG occupancy: 10240 K (92160 K)]136.823: [Rescan (parallel) , 0.0003034 secs]136.824: [weak refs processing, 0.0000197 secs]136.824: [class unloading, 0.0002802 secs]136.824: [scrub symbol table, 0.0004586 secs]136.824: [scrub string table, 0.0002053 secs][1 CMS-remark: 92537K(102400K)] 102777K(194560K), 0.0013876 secs] [Times: user=0.00 sys=0.00, real=0.00 secs] 
136.825: [CMS-concurrent-sweep-start]
136.825: [CMS-concurrent-sweep: 0.000/0.000 secs] [Times: user=0.00 sys=0.00, real=0.00 secs] 
136.825: [CMS-concurrent-reset-start]
136.825: [CMS-concurrent-reset: 0.000/0.000 secs] [Times: user=0.00 sys=0.00, real=0.00 secs] 
137.832: [GC (Allocation Failure) 137.832: [ParNew: 73282K->0K(92160K), 0.0028957 secs] 114620K->61817K(194560K), 0.0030703 secs] [Times: user=0.02 sys=0.00, real=0.00 secs] 
137.836: [GC (CMS Initial Mark) [1 CMS-initial-mark: 61817K(102400K)] 72057K(194560K), 0.0002145 secs] [Times: user=0.00 sys=0.00, real=0.00 secs] 
137.836: [CMS-concurrent-mark-start]
137.837: [CMS-concurrent-mark: 0.001/0.001 secs] [Times: user=0.00 sys=0.00, real=0.00 secs] 
137.837: [CMS-concurrent-preclean-start]
137.837: [CMS-concurrent-preclean: 0.000/0.000 secs] [Times: user=0.00 sys=0.00, real=0.00 secs] 
137.837: [CMS-concurrent-abortable-preclean-start]
138.848: [GC (Allocation Failure) 138.850: [ParNew: 73282K->0K(92160K), 0.0016135 secs] 135100K->72057K(194560K), 0.0030370 secs] [Times: user=0.01 sys=0.00, real=0.01 secs] 
139.861: [GC (Allocation Failure) 139.862: [ParNew: 73282K->0K(92160K), 0.0008510 secs] 145340K->72057K(194560K), 0.0010094 secs] [Times: user=0.01 sys=0.00, real=0.00 secs] 
140.067: [CMS-concurrent-abortable-preclean: 0.013/2.230 secs] [Times: user=0.04 sys=0.00, real=2.23 secs] 
140.067: [GC (CMS Final Remark) [YG occupancy: 42562 K (92160 K)]140.068: [Rescan (parallel) , 0.0008257 secs]140.068: [weak refs processing, 0.0000498 secs]140.069: [class unloading, 0.0006011 secs]140.069: [scrub symbol table, 0.0012347 secs]140.071: [scrub string table, 0.0003647 secs][1 CMS-remark: 72057K(102400K)] 114620K(194560K), 0.0035439 secs] [Times: user=0.00 sys=0.00, real=0.00 secs] 
140.071: [CMS-concurrent-sweep-start]
140.071: [CMS-concurrent-sweep: 0.000/0.000 secs] [Times: user=0.00 sys=0.00, real=0.01 secs] 
140.072: [CMS-concurrent-reset-start]
140.072: [CMS-concurrent-reset: 0.000/0.000 secs] [Times: user=0.00 sys=0.00, real=0.00 secs] 
140.875: [GC (Allocation Failure) 140.875: [ParNew: 73282K->0K(92160K), 0.0016102 secs] 104380K->41337K(194560K), 0.0018130 secs] [Times: user=0.00 sys=0.00, real=0.00 secs] 
141.889: [GC (Allocation Failure) 141.889: [ParNew: 73282K->0K(92160K), 0.0026929 secs] 114620K->51577K(194560K), 0.0029282 secs] [Times: user=0.01 sys=0.00, real=0.01 secs] 
142.904: [GC (Allocation Failure) 142.904: [ParNew: 73282K->0K(92160K), 0.0020892 secs] 124860K->61817K(194560K), 0.0023163 secs] [Times: user=0.01 sys=0.00, real=0.00 secs] 
142.908: [GC (CMS Initial Mark) [1 CMS-initial-mark: 61817K(102400K)] 72057K(194560K), 0.0003343 secs] [Times: user=0.00 sys=0.00, real=0.00 secs] 
142.908: [CMS-concurrent-mark-start]
142.909: [CMS-concurrent-mark: 0.001/0.001 secs] [Times: user=0.01 sys=0.00, real=0.00 secs] 
142.909: [CMS-concurrent-preclean-start]
142.910: [CMS-concurrent-preclean: 0.000/0.000 secs] [Times: user=0.00 sys=0.00, real=0.00 secs] 
142.910: [CMS-concurrent-abortable-preclean-start]
143.918: [GC (Allocation Failure) 143.918: [ParNew: 73282K->0K(92160K), 0.0008624 secs] 135100K->61817K(194560K), 0.0010350 secs] [Times: user=0.00 sys=0.00, real=0.00 secs] 
143.927: [GC (Allocation Failure) 143.927: [ParNew: 73282K->0K(92160K), 0.0037103 secs] 135100K->92537K(194560K), 0.0038830 secs] [Times: user=0.02 sys=0.00, real=0.00 secs] 
143.931: [CMS-concurrent-abortable-preclean: 0.005/1.021 secs] [Times: user=0.04 sys=0.00, real=1.02 secs] 
143.932: [GC (CMS Final Remark) [YG occupancy: 10240 K (92160 K)]143.932: [Rescan (parallel) , 0.0003102 secs]143.932: [weak refs processing, 0.0000222 secs]143.932: [class unloading, 0.0003273 secs]143.932: [scrub symbol table, 0.0004614 secs]143.933: [scrub string table, 0.0002047 secs][1 CMS-remark: 92537K(102400K)] 102777K(194560K), 0.0014641 secs] [Times: user=0.00 sys=0.00, real=0.00 secs] 
143.933: [CMS-concurrent-sweep-start]
143.933: [CMS-concurrent-sweep: 0.000/0.000 secs] [Times: user=0.00 sys=0.00, real=0.00 secs] 
143.933: [CMS-concurrent-reset-start]
143.934: [CMS-concurrent-reset: 0.000/0.000 secs] [Times: user=0.00 sys=0.00, real=0.00 secs] 
144.944: [GC (Allocation Failure) 144.944: [ParNew: 73282K->0K(92160K), 0.0025211 secs] 114620K->61817K(194560K), 0.0026806 secs] [Times: user=0.01 sys=0.00, real=0.00 secs] 
144.948: [GC (CMS Initial Mark) [1 CMS-initial-mark: 61817K(102400K)] 72057K(194560K), 0.0003351 secs] [Times: user=0.00 sys=0.00, real=0.00 secs] 
144.948: [CMS-concurrent-mark-start]
144.949: [CMS-concurrent-mark: 0.001/0.001 secs] [Times: user=0.00 sys=0.00, real=0.00 secs] 
144.949: [CMS-concurrent-preclean-start]
144.949: [CMS-concurrent-preclean: 0.000/0.000 secs] [Times: user=0.00 sys=0.00, real=0.00 secs] 
144.949: [CMS-concurrent-abortable-preclean-start]
145.961: [GC (Allocation Failure) 145.961: [ParNew: 73282K->0K(92160K), 0.0017811 secs] 135100K->72057K(194560K), 0.0019005 secs] [Times: user=0.01 sys=0.00, real=0.01 secs] 
146.972: [GC (Allocation Failure) 146.972: [ParNew: 73282K->0K(92160K), 0.0011284 secs] 145340K->72057K(194560K), 0.0013064 secs] [Times: user=0.00 sys=0.01, real=0.00 secs] 
147.183: [CMS-concurrent-abortable-preclean: 0.011/2.234 secs] [Times: user=0.04 sys=0.01, real=2.24 secs] 
147.184: [GC (CMS Final Remark) [YG occupancy: 42562 K (92160 K)]147.184: [Rescan (parallel) , 0.0007759 secs]147.185: [weak refs processing, 0.0000375 secs]147.185: [class unloading, 0.0005559 secs]147.185: [scrub symbol table, 0.0011030 secs]147.186: [scrub string table, 0.0003470 secs][1 CMS-remark: 72057K(102400K)] 114620K(194560K), 0.0030425 secs] [Times: user=0.01 sys=0.00, real=0.00 secs] 
147.187: [CMS-concurrent-sweep-start]
147.187: [CMS-concurrent-sweep: 0.000/0.000 secs] [Times: user=0.00 sys=0.00, real=0.00 secs] 
147.187: [CMS-concurrent-reset-start]
147.187: [CMS-concurrent-reset: 0.000/0.000 secs] [Times: user=0.00 sys=0.00, real=0.00 secs] 
147.981: [GC (Allocation Failure) 147.982: [ParNew: 73282K->0K(92160K), 0.0016029 secs] 104380K->41337K(194560K), 0.0020634 secs] [Times: user=0.01 sys=0.00, real=0.01 secs] 
148.995: [GC (Allocation Failure) 148.995: [ParNew: 73282K->0K(92160K), 0.0047065 secs] 114620K->51577K(194560K), 0.0048789 secs] [Times: user=0.02 sys=0.00, real=0.00 secs] 
150.006: [GC (Allocation Failure) 150.006: [ParNew: 73282K->0K(92160K), 0.0019253 secs] 124860K->61817K(194560K), 0.0021230 secs] [Times: user=0.01 sys=0.00, real=0.00 secs] 
150.009: [GC (CMS Initial Mark) [1 CMS-initial-mark: 61817K(102400K)] 72057K(194560K), 0.0003067 secs] [Times: user=0.00 sys=0.00, real=0.00 secs] 
150.010: [CMS-concurrent-mark-start]
150.011: [CMS-concurrent-mark: 0.001/0.001 secs] [Times: user=0.00 sys=0.00, real=0.00 secs] 
150.011: [CMS-concurrent-preclean-start]
150.011: [CMS-concurrent-preclean: 0.000/0.000 secs] [Times: user=0.01 sys=0.00, real=0.00 secs] 
150.011: [CMS-concurrent-abortable-preclean-start]
151.020: [GC (Allocation Failure) 151.020: [ParNew: 73282K->0K(92160K), 0.0011015 secs] 135100K->61817K(194560K), 0.0013036 secs] [Times: user=0.00 sys=0.00, real=0.00 secs] 
151.028: [GC (Allocation Failure) 151.028: [ParNew: 73282K->0K(92160K), 0.0046605 secs] 135100K->92537K(194560K), 0.0048025 secs] [Times: user=0.03 sys=0.00, real=0.01 secs] 
151.033: [CMS-concurrent-abortable-preclean: 0.006/1.021 secs] [Times: user=0.04 sys=0.00, real=1.03 secs] 
151.033: [GC (CMS Final Remark) [YG occupancy: 10240 K (92160 K)]151.034: [Rescan (parallel) , 0.0003142 secs]151.034: [weak refs processing, 0.0000195 secs]151.034: [class unloading, 0.0002882 secs]151.034: [scrub symbol table, 0.0004641 secs]151.035: [scrub string table, 0.0001988 secs][1 CMS-remark: 92537K(102400K)] 102777K(194560K), 0.0014135 secs] [Times: user=0.00 sys=0.00, real=0.00 secs] 
151.035: [CMS-concurrent-sweep-start]
151.035: [CMS-concurrent-sweep: 0.000/0.000 secs] [Times: user=0.00 sys=0.00, real=0.00 secs] 
151.035: [CMS-concurrent-reset-start]
151.035: [CMS-concurrent-reset: 0.000/0.000 secs] [Times: user=0.00 sys=0.00, real=0.00 secs] 
152.045: [GC (Allocation Failure) 152.046: [ParNew: 73282K->0K(92160K), 0.0029958 secs] 114620K->61817K(194560K), 0.0031985 secs] [Times: user=0.00 sys=0.00, real=0.00 secs] 
152.050: [GC (CMS Initial Mark) [1 CMS-initial-mark: 61817K(102400K)] 72057K(194560K), 0.0003254 secs] [Times: user=0.00 sys=0.00, real=0.00 secs] 
152.050: [CMS-concurrent-mark-start]
152.051: [CMS-concurrent-mark: 0.001/0.001 secs] [Times: user=0.00 sys=0.00, real=0.00 secs] 
152.051: [CMS-concurrent-preclean-start]
152.051: [CMS-concurrent-preclean: 0.000/0.000 secs] [Times: user=0.00 sys=0.00, real=0.00 secs] 
152.051: [CMS-concurrent-abortable-preclean-start]
153.060: [GC (Allocation Failure) 153.060: [ParNew: 73282K->0K(92160K), 0.0014452 secs] 135100K->72057K(194560K), 0.0016208 secs] [Times: user=0.01 sys=0.00, real=0.00 secs] 
154.074: [GC (Allocation Failure) 154.075: [ParNew: 73282K->0K(92160K), 0.0010207 secs] 145340K->72057K(194560K), 0.0020630 secs] [Times: user=0.00 sys=0.00, real=0.00 secs] 
154.284: [CMS-concurrent-abortable-preclean: 0.008/2.233 secs] [Times: user=0.03 sys=0.01, real=2.24 secs] 
154.285: [GC (CMS Final Remark) [YG occupancy: 42562 K (92160 K)]154.285: [Rescan (parallel) , 0.0013540 secs]154.286: [weak refs processing, 0.0000259 secs]154.286: [class unloading, 0.0005125 secs]154.287: [scrub symbol table, 0.0008245 secs]154.288: [scrub string table, 0.0002751 secs][1 CMS-remark: 72057K(102400K)] 114620K(194560K), 0.0033136 secs] [Times: user=0.01 sys=0.00, real=0.00 secs] 
154.288: [CMS-concurrent-sweep-start]
154.288: [CMS-concurrent-sweep: 0.000/0.000 secs] [Times: user=0.00 sys=0.00, real=0.00 secs] 
154.288: [CMS-concurrent-reset-start]
154.289: [CMS-concurrent-reset: 0.000/0.000 secs] [Times: user=0.00 sys=0.00, real=0.00 secs] 
155.088: [GC (Allocation Failure) 155.088: [ParNew: 73282K->0K(92160K), 0.0015989 secs] 104380K->41337K(194560K), 0.0017416 secs] [Times: user=0.01 sys=0.00, real=0.00 secs] 
156.095: [GC (Allocation Failure) 156.095: [ParNew: 73282K->0K(92160K), 0.0009969 secs] 114620K->51577K(194560K), 0.0010905 secs] [Times: user=0.01 sys=0.00, real=0.00 secs] 
157.102: [GC (Allocation Failure) 157.102: [ParNew: 73282K->0K(92160K), 0.0014521 secs] 124860K->61817K(194560K), 0.0015601 secs] [Times: user=0.01 sys=0.00, real=0.00 secs] 
157.105: [GC (CMS Initial Mark) [1 CMS-initial-mark: 61817K(102400K)] 72057K(194560K), 0.0002330 secs] [Times: user=0.00 sys=0.00, real=0.00 secs] 
157.105: [CMS-concurrent-mark-start]
157.106: [CMS-concurrent-mark: 0.001/0.001 secs] [Times: user=0.00 sys=0.00, real=0.00 secs] 
157.106: [CMS-concurrent-preclean-start]
157.106: [CMS-concurrent-preclean: 0.000/0.000 secs] [Times: user=0.01 sys=0.00, real=0.00 secs] 
157.106: [CMS-concurrent-abortable-preclean-start]
158.114: [GC (Allocation Failure) 158.114: [ParNew: 73282K->0K(92160K), 0.0007972 secs] 135100K->61817K(194560K), 0.0008944 secs] [Times: user=0.01 sys=0.00, real=0.00 secs] 
158.122: [GC (Allocation Failure) 158.122: [ParNew: 73282K->0K(92160K), 0.0033923 secs] 135100K->92537K(194560K), 0.0034746 secs] [Times: user=0.03 sys=0.00, real=0.01 secs] 
158.125: [CMS-concurrent-abortable-preclean: 0.005/1.019 secs] [Times: user=0.04 sys=0.00, real=1.02 secs] 
158.126: [GC (CMS Final Remark) [YG occupancy: 10240 K (92160 K)]158.126: [Rescan (parallel) , 0.0002969 secs]158.126: [weak refs processing, 0.0000150 secs]158.126: [class unloading, 0.0002776 secs]158.127: [scrub symbol table, 0.0004725 secs]158.127: [scrub string table, 0.0001959 secs][1 CMS-remark: 92537K(102400K)] 102777K(194560K), 0.0013559 secs] [Times: user=0.00 sys=0.00, real=0.00 secs] 
158.127: [CMS-concurrent-sweep-start]
158.128: [CMS-concurrent-sweep: 0.000/0.000 secs] [Times: user=0.00 sys=0.00, real=0.00 secs] 
158.128: [CMS-concurrent-reset-start]
158.128: [CMS-concurrent-reset: 0.000/0.000 secs] [Times: user=0.00 sys=0.00, real=0.00 secs] 
159.136: [GC (Allocation Failure) 159.136: [ParNew: 73282K->0K(92160K), 0.0020221 secs] 114620K->61817K(194560K), 0.0021251 secs] [Times: user=0.01 sys=0.00, real=0.00 secs] 
159.138: [GC (CMS Initial Mark) [1 CMS-initial-mark: 61817K(102400K)] 72057K(194560K), 0.0002315 secs] [Times: user=0.00 sys=0.01, real=0.00 secs] 
159.139: [CMS-concurrent-mark-start]
159.139: [CMS-concurrent-mark: 0.001/0.001 secs] [Times: user=0.00 sys=0.00, real=0.00 secs] 
159.140: [CMS-concurrent-preclean-start]
159.140: [CMS-concurrent-preclean: 0.000/0.000 secs] [Times: user=0.00 sys=0.00, real=0.00 secs] 
159.140: [CMS-concurrent-abortable-preclean-start]
160.150: [GC (Allocation Failure) 160.150: [ParNew: 73282K->0K(92160K), 0.0020532 secs] 135100K->72057K(194560K), 0.0021952 secs] [Times: user=0.01 sys=0.00, real=0.01 secs] 
161.158: [GC (Allocation Failure) 161.159: [ParNew: 73282K->0K(92160K), 0.0007229 secs] 145340K->72057K(194560K), 0.0015946 secs] [Times: user=0.00 sys=0.00, real=0.00 secs] 
161.371: [CMS-concurrent-abortable-preclean: 0.011/2.231 secs] [Times: user=0.04 sys=0.00, real=2.23 secs] 
161.371: [GC (CMS Final Remark) [YG occupancy: 42562 K (92160 K)]161.371: [Rescan (parallel) , 0.0003035 secs]161.371: [weak refs processing, 0.0000213 secs]161.371: [class unloading, 0.0002917 secs]161.372: [scrub symbol table, 0.0004688 secs]161.372: [scrub string table, 0.0002010 secs][1 CMS-remark: 72057K(102400K)] 114620K(194560K), 0.0014216 secs] [Times: user=0.00 sys=0.00, real=0.01 secs] 
161.372: [CMS-concurrent-sweep-start]
161.373: [CMS-concurrent-sweep: 0.000/0.000 secs] [Times: user=0.00 sys=0.00, real=0.00 secs] 
161.373: [CMS-concurrent-reset-start]
161.373: [CMS-concurrent-reset: 0.000/0.000 secs] [Times: user=0.00 sys=0.00, real=0.00 secs] 
162.165: [GC (Allocation Failure) 162.166: [ParNew: 73282K->0K(92160K), 0.0020202 secs] 104380K->41337K(194560K), 0.0021585 secs] [Times: user=0.01 sys=0.00, real=0.00 secs] 
163.175: [GC (Allocation Failure) 163.175: [ParNew: 73282K->0K(92160K), 0.0030592 secs] 114620K->51577K(194560K), 0.0031742 secs] [Times: user=0.02 sys=0.00, real=0.00 secs] 
164.186: [GC (Allocation Failure) 164.186: [ParNew: 73282K->0K(92160K), 0.0022820 secs] 124860K->61817K(194560K), 0.0024739 secs] [Times: user=0.01 sys=0.00, real=0.00 secs] 
164.189: [GC (CMS Initial Mark) [1 CMS-initial-mark: 61817K(102400K)] 72057K(194560K), 0.0002619 secs] [Times: user=0.00 sys=0.00, real=0.00 secs] 
164.190: [CMS-concurrent-mark-start]
164.191: [CMS-concurrent-mark: 0.001/0.001 secs] [Times: user=0.00 sys=0.00, real=0.00 secs] 
164.191: [CMS-concurrent-preclean-start]
164.191: [CMS-concurrent-preclean: 0.000/0.000 secs] [Times: user=0.00 sys=0.00, real=0.00 secs] 
164.191: [CMS-concurrent-abortable-preclean-start]
165.199: [GC (Allocation Failure) 165.199: [ParNew: 73282K->0K(92160K), 0.0007544 secs] 135100K->61817K(194560K), 0.0008873 secs] [Times: user=0.01 sys=0.00, real=0.00 secs] 
165.207: [GC (Allocation Failure) 165.207: [ParNew: 73282K->0K(92160K), 0.0044937 secs] 135100K->92537K(194560K), 0.0046010 secs] [Times: user=0.03 sys=0.00, real=0.00 secs] 
165.211: [CMS-concurrent-abortable-preclean: 0.004/1.020 secs] [Times: user=0.04 sys=0.00, real=1.02 secs] 
165.212: [GC (CMS Final Remark) [YG occupancy: 10240 K (92160 K)]165.212: [Rescan (parallel) , 0.0003057 secs]165.212: [weak refs processing, 0.0000181 secs]165.212: [class unloading, 0.0002547 secs]165.213: [scrub symbol table, 0.0003840 secs]165.213: [scrub string table, 0.0001655 secs][1 CMS-remark: 92537K(102400K)] 102777K(194560K), 0.0012600 secs] [Times: user=0.00 sys=0.01, real=0.01 secs] 
165.213: [CMS-concurrent-sweep-start]
165.214: [CMS-concurrent-sweep: 0.000/0.000 secs] [Times: user=0.00 sys=0.00, real=0.00 secs] 
165.214: [CMS-concurrent-reset-start]
165.214: [CMS-concurrent-reset: 0.000/0.000 secs] [Times: user=0.00 sys=0.00, real=0.00 secs] 
166.224: [GC (Allocation Failure) 166.224: [ParNew: 73282K->0K(92160K), 0.0027679 secs] 114620K->61817K(194560K), 0.0029412 secs] [Times: user=0.01 sys=0.00, real=0.00 secs] 
166.228: [GC (CMS Initial Mark) [1 CMS-initial-mark: 61817K(102400K)] 72057K(194560K), 0.0002413 secs] [Times: user=0.00 sys=0.00, real=0.00 secs] 
166.228: [CMS-concurrent-mark-start]
166.229: [CMS-concurrent-mark: 0.001/0.001 secs] [Times: user=0.01 sys=0.00, real=0.00 secs] 
166.229: [CMS-concurrent-preclean-start]
166.230: [CMS-concurrent-preclean: 0.000/0.000 secs] [Times: user=0.00 sys=0.00, real=0.00 secs] 
166.230: [CMS-concurrent-abortable-preclean-start]
167.240: [GC (Allocation Failure) 167.241: [ParNew: 73282K->0K(92160K), 0.0018840 secs] 135100K->72057K(194560K), 0.0020744 secs] [Times: user=0.01 sys=0.00, real=0.01 secs] 
168.254: [GC (Allocation Failure) 168.254: [ParNew: 73282K->0K(92160K), 0.0007961 secs] 145340K->72057K(194560K), 0.0012654 secs] [Times: user=0.00 sys=0.00, real=0.00 secs] 
168.461: [CMS-concurrent-abortable-preclean: 0.011/2.232 secs] [Times: user=0.04 sys=0.00, real=2.23 secs] 
168.462: [GC (CMS Final Remark) [YG occupancy: 42562 K (92160 K)]168.462: [Rescan (parallel) , 0.0006567 secs]168.462: [weak refs processing, 0.0000525 secs]168.462: [class unloading, 0.0009455 secs]168.463: [scrub symbol table, 0.0016593 secs]168.465: [scrub string table, 0.0003537 secs][1 CMS-remark: 72057K(102400K)] 114620K(194560K), 0.0040369 secs] [Times: user=0.00 sys=0.00, real=0.01 secs] 
168.466: [CMS-concurrent-sweep-start]
168.466: [CMS-concurrent-sweep: 0.000/0.000 secs] [Times: user=0.00 sys=0.00, real=0.00 secs] 
168.466: [CMS-concurrent-reset-start]
168.466: [CMS-concurrent-reset: 0.000/0.000 secs] [Times: user=0.00 sys=0.00, real=0.00 secs] 
169.268: [GC (Allocation Failure) 169.268: [ParNew: 73282K->0K(92160K), 0.0023739 secs] 104380K->41337K(194560K), 0.0025693 secs] [Times: user=0.00 sys=0.00, real=0.00 secs] 
170.283: [GC (Allocation Failure) 170.284: [ParNew: 73282K->0K(92160K), 0.0029798 secs] 114620K->51577K(194560K), 0.0032624 secs] [Times: user=0.00 sys=0.00, real=0.00 secs] 
171.299: [GC (Allocation Failure) 171.300: [ParNew: 73282K->0K(92160K), 0.0032881 secs] 124860K->61817K(194560K), 0.0047868 secs] [Times: user=0.01 sys=0.01, real=0.01 secs] 
171.304: [GC (CMS Initial Mark) [1 CMS-initial-mark: 61817K(102400K)] 72057K(194560K), 0.0002901 secs] [Times: user=0.00 sys=0.00, real=0.00 secs] 
171.305: [CMS-concurrent-mark-start]
171.306: [CMS-concurrent-mark: 0.001/0.001 secs] [Times: user=0.00 sys=0.00, real=0.00 secs] 
171.306: [CMS-concurrent-preclean-start]
171.306: [CMS-concurrent-preclean: 0.000/0.000 secs] [Times: user=0.00 sys=0.00, real=0.00 secs] 
171.306: [CMS-concurrent-abortable-preclean-start]
172.315: [GC (Allocation Failure) 172.315: [ParNew: 73282K->0K(92160K), 0.0013253 secs] 135100K->61817K(194560K), 0.0016082 secs] [Times: user=0.00 sys=0.00, real=0.00 secs] 
172.324: [GC (Allocation Failure) 172.324: [ParNew: 73282K->0K(92160K), 0.0030944 secs] 135100K->92537K(194560K), 0.0032256 secs] [Times: user=0.02 sys=0.00, real=0.00 secs] 
172.327: [CMS-concurrent-abortable-preclean: 0.005/1.021 secs] [Times: user=0.04 sys=0.00, real=1.02 secs] 
172.328: [GC (CMS Final Remark) [YG occupancy: 10240 K (92160 K)]172.328: [Rescan (parallel) , 0.0002165 secs]172.328: [weak refs processing, 0.0000217 secs]172.328: [class unloading, 0.0002519 secs]172.328: [scrub symbol table, 0.0003947 secs]172.329: [scrub string table, 0.0001645 secs][1 CMS-remark: 92537K(102400K)] 102777K(194560K), 0.0011662 secs] [Times: user=0.00 sys=0.00, real=0.00 secs] 
172.329: [CMS-concurrent-sweep-start]
172.329: [CMS-concurrent-sweep: 0.000/0.000 secs] [Times: user=0.00 sys=0.00, real=0.00 secs] 
172.329: [CMS-concurrent-reset-start]
172.329: [CMS-concurrent-reset: 0.000/0.000 secs] [Times: user=0.00 sys=0.00, real=0.00 secs] 
173.342: [GC (Allocation Failure) 173.342: [ParNew: 73282K->0K(92160K), 0.0023918 secs] 114620K->61817K(194560K), 0.0025577 secs] [Times: user=0.01 sys=0.00, real=0.01 secs] 
173.345: [GC (CMS Initial Mark) [1 CMS-initial-mark: 61817K(102400K)] 72057K(194560K), 0.0002551 secs] [Times: user=0.00 sys=0.00, real=0.00 secs] 
173.345: [CMS-concurrent-mark-start]
173.346: [CMS-concurrent-mark: 0.001/0.001 secs] [Times: user=0.01 sys=0.00, real=0.00 secs] 
173.346: [CMS-concurrent-preclean-start]
173.347: [CMS-concurrent-preclean: 0.000/0.000 secs] [Times: user=0.00 sys=0.00, real=0.00 secs] 
173.347: [CMS-concurrent-abortable-preclean-start]
174.357: [GC (Allocation Failure) 174.357: [ParNew: 73282K->0K(92160K), 0.0020402 secs] 135100K->72057K(194560K), 0.0022024 secs] [Times: user=0.01 sys=0.00, real=0.00 secs] 
175.370: [GC (Allocation Failure) 175.370: [ParNew: 73282K->0K(92160K), 0.0007389 secs] 145340K->72057K(194560K), 0.0008987 secs] [Times: user=0.00 sys=0.00, real=0.00 secs] 
175.577: [CMS-concurrent-abortable-preclean: 0.010/2.230 secs] [Times: user=0.04 sys=0.00, real=2.23 secs] 
175.577: [GC (CMS Final Remark) [YG occupancy: 42562 K (92160 K)]175.578: [Rescan (parallel) , 0.0006022 secs]175.578: [weak refs processing, 0.0000439 secs]175.578: [class unloading, 0.0006474 secs]175.579: [scrub symbol table, 0.0009833 secs]175.580: [scrub string table, 0.0003498 secs][1 CMS-remark: 72057K(102400K)] 114620K(194560K), 0.0028680 secs] [Times: user=0.00 sys=0.00, real=0.00 secs] 
175.580: [CMS-concurrent-sweep-start]
175.581: [CMS-concurrent-sweep: 0.000/0.000 secs] [Times: user=0.00 sys=0.00, real=0.00 secs] 
175.581: [CMS-concurrent-reset-start]
175.581: [CMS-concurrent-reset: 0.000/0.000 secs] [Times: user=0.00 sys=0.00, real=0.00 secs] 
176.384: [GC (Allocation Failure) 176.384: [ParNew: 73282K->0K(92160K), 0.0018660 secs] 104380K->41337K(194560K), 0.0020802 secs] [Times: user=0.00 sys=0.01, real=0.00 secs] 
177.394: [GC (Allocation Failure) 177.394: [ParNew: 73282K->0K(92160K), 0.0019570 secs] 114620K->51577K(194560K), 0.0021517 secs] [Times: user=0.01 sys=0.00, real=0.00 secs] 
178.407: [GC (Allocation Failure) 178.407: [ParNew: 73282K->0K(92160K), 0.0018854 secs] 124860K->61817K(194560K), 0.0020905 secs] [Times: user=0.01 sys=0.00, real=0.00 secs] 
178.411: [GC (CMS Initial Mark) [1 CMS-initial-mark: 61817K(102400K)] 72057K(194560K), 0.0003071 secs] [Times: user=0.00 sys=0.00, real=0.00 secs] 
178.411: [CMS-concurrent-mark-start]
178.412: [CMS-concurrent-mark: 0.001/0.001 secs] [Times: user=0.01 sys=0.00, real=0.00 secs] 
178.412: [CMS-concurrent-preclean-start]
178.413: [CMS-concurrent-preclean: 0.000/0.000 secs] [Times: user=0.00 sys=0.00, real=0.01 secs] 
178.413: [CMS-concurrent-abortable-preclean-start]
179.420: [GC (Allocation Failure) 179.420: [ParNew: 73282K->0K(92160K), 0.0010799 secs] 135100K->61817K(194560K), 0.0012885 secs] [Times: user=0.01 sys=0.00, real=0.00 secs] 
179.428: [GC (Allocation Failure) 179.428: [ParNew: 73282K->0K(92160K), 0.0040010 secs] 135100K->92537K(194560K), 0.0041412 secs] [Times: user=0.03 sys=0.00, real=0.00 secs] 
179.432: [CMS-concurrent-abortable-preclean: 0.005/1.020 secs] [Times: user=0.04 sys=0.00, real=1.01 secs] 
179.433: [GC (CMS Final Remark) [YG occupancy: 10240 K (92160 K)]179.433: [Rescan (parallel) , 0.0002930 secs]179.433: [weak refs processing, 0.0000213 secs]179.433: [class unloading, 0.0002759 secs]179.434: [scrub symbol table, 0.0004543 secs]179.434: [scrub string table, 0.0002000 secs][1 CMS-remark: 92537K(102400K)] 102777K(194560K), 0.0013752 secs] [Times: user=0.00 sys=0.00, real=0.00 secs] 
179.434: [CMS-concurrent-sweep-start]
179.435: [CMS-concurrent-sweep: 0.000/0.000 secs] [Times: user=0.00 sys=0.00, real=0.00 secs] 
179.435: [CMS-concurrent-reset-start]
179.435: [CMS-concurrent-reset: 0.000/0.000 secs] [Times: user=0.00 sys=0.00, real=0.00 secs] 
180.446: [GC (Allocation Failure) 180.446: [ParNew: 73282K->0K(92160K), 0.0023518 secs] 114620K->61817K(194560K), 0.0024873 secs] [Times: user=0.00 sys=0.00, real=0.00 secs] 
180.449: [GC (CMS Initial Mark) [1 CMS-initial-mark: 61817K(102400K)] 72057K(194560K), 0.0001876 secs] [Times: user=0.00 sys=0.00, real=0.00 secs] 
180.449: [CMS-concurrent-mark-start]
180.450: [CMS-concurrent-mark: 0.001/0.001 secs] [Times: user=0.00 sys=0.00, real=0.00 secs] 
180.450: [CMS-concurrent-preclean-start]
180.450: [CMS-concurrent-preclean: 0.000/0.000 secs] [Times: user=0.00 sys=0.00, real=0.00 secs] 
180.450: [CMS-concurrent-abortable-preclean-start]
181.457: [GC (Allocation Failure) 181.458: [ParNew: 73282K->0K(92160K), 0.0016837 secs] 135100K->72057K(194560K), 0.0018528 secs] [Times: user=0.00 sys=0.00, real=0.00 secs] 
182.469: [GC (Allocation Failure) 182.469: [ParNew: 73282K->0K(92160K), 0.0007113 secs] 145340K->72057K(194560K), 0.0012082 secs] [Times: user=0.00 sys=0.00, real=0.00 secs] 
182.677: [CMS-concurrent-abortable-preclean: 0.011/2.227 secs] [Times: user=0.03 sys=0.00, real=2.23 secs] 
182.678: [GC (CMS Final Remark) [YG occupancy: 42562 K (92160 K)]182.678: [Rescan (parallel) , 0.0003906 secs]182.678: [weak refs processing, 0.0000333 secs]182.678: [class unloading, 0.0008480 secs]182.679: [scrub symbol table, 0.0014729 secs]182.680: [scrub string table, 0.0002900 secs][1 CMS-remark: 72057K(102400K)] 114620K(194560K), 0.0032164 secs] [Times: user=0.01 sys=0.00, real=0.00 secs] 
182.681: [CMS-concurrent-sweep-start]
182.681: [CMS-concurrent-sweep: 0.000/0.000 secs] [Times: user=0.00 sys=0.00, real=0.00 secs] 
182.681: [CMS-concurrent-reset-start]
182.681: [CMS-concurrent-reset: 0.000/0.000 secs] [Times: user=0.00 sys=0.00, real=0.00 secs] 
183.481: [GC (Allocation Failure) 183.482: [ParNew: 73282K->0K(92160K), 0.0016144 secs] 104380K->41337K(194560K), 0.0017916 secs] [Times: user=0.01 sys=0.00, real=0.01 secs] 
184.493: [GC (Allocation Failure) 184.493: [ParNew: 73282K->0K(92160K), 0.0010749 secs] 114620K->51577K(194560K), 0.0012034 secs] [Times: user=0.01 sys=0.00, real=0.00 secs] 
185.501: [GC (Allocation Failure) 185.502: [ParNew: 73282K->0K(92160K), 0.0026574 secs] 124860K->61817K(194560K), 0.0030156 secs] [Times: user=0.01 sys=0.00, real=0.01 secs] 
185.505: [GC (CMS Initial Mark) [1 CMS-initial-mark: 61817K(102400K)] 72057K(194560K), 0.0003290 secs] [Times: user=0.00 sys=0.00, real=0.00 secs] 
185.506: [CMS-concurrent-mark-start]
185.507: [CMS-concurrent-mark: 0.001/0.001 secs] [Times: user=0.01 sys=0.00, real=0.00 secs] 
185.507: [CMS-concurrent-preclean-start]
185.508: [CMS-concurrent-preclean: 0.000/0.000 secs] [Times: user=0.00 sys=0.00, real=0.00 secs] 
185.508: [CMS-concurrent-abortable-preclean-start]
186.514: [GC (Allocation Failure) 186.514: [ParNew: 73282K->0K(92160K), 0.0006108 secs] 135100K->61817K(194560K), 0.0006724 secs] [Times: user=0.00 sys=0.00, real=0.00 secs] 
186.519: [GC (Allocation Failure) 186.519: [ParNew: 73282K->0K(92160K), 0.0025095 secs] 135100K->92537K(194560K), 0.0026028 secs] [Times: user=0.01 sys=0.00, real=0.00 secs] 
186.521: [CMS-concurrent-abortable-preclean: 0.003/1.014 secs] [Times: user=0.02 sys=0.00, real=1.01 secs] 
186.522: [GC (CMS Final Remark) [YG occupancy: 10240 K (92160 K)]186.522: [Rescan (parallel) , 0.0003725 secs]186.523: [weak refs processing, 0.0000207 secs]186.523: [class unloading, 0.0002254 secs]186.523: [scrub symbol table, 0.0002746 secs]186.523: [scrub string table, 0.0001117 secs][1 CMS-remark: 92537K(102400K)] 102777K(194560K), 0.0012116 secs] [Times: user=0.00 sys=0.00, real=0.01 secs] 
186.523: [CMS-concurrent-sweep-start]
186.523: [CMS-concurrent-sweep: 0.000/0.000 secs] [Times: user=0.00 sys=0.00, real=0.00 secs] 
186.523: [CMS-concurrent-reset-start]
186.523: [CMS-concurrent-reset: 0.000/0.000 secs] [Times: user=0.00 sys=0.00, real=0.00 secs] 
187.531: [GC (Allocation Failure) 187.531: [ParNew: 73282K->0K(92160K), 0.0025913 secs] 114620K->61817K(194560K), 0.0028307 secs] [Times: user=0.01 sys=0.00, real=0.01 secs] 
187.536: [GC (CMS Initial Mark) [1 CMS-initial-mark: 61817K(102400K)] 72057K(194560K), 0.0002016 secs] [Times: user=0.00 sys=0.00, real=0.00 secs] 
187.536: [CMS-concurrent-mark-start]
187.537: [CMS-concurrent-mark: 0.001/0.001 secs] [Times: user=0.00 sys=0.00, real=0.00 secs] 
187.537: [CMS-concurrent-preclean-start]
187.537: [CMS-concurrent-preclean: 0.000/0.000 secs] [Times: user=0.00 sys=0.00, real=0.00 secs] 
187.537: [CMS-concurrent-abortable-preclean-start]
188.546: [GC (Allocation Failure) 188.546: [ParNew: 73282K->0K(92160K), 0.0015616 secs] 135100K->72057K(194560K), 0.0020775 secs] [Times: user=0.01 sys=0.00, real=0.00 secs] 
189.561: [GC (Allocation Failure) 189.561: [ParNew: 73282K->0K(92160K), 0.0009730 secs] 145340K->72057K(194560K), 0.0011420 secs] [Times: user=0.00 sys=0.00, real=0.00 secs] 
189.767: [CMS-concurrent-abortable-preclean: 0.010/2.229 secs] [Times: user=0.04 sys=0.00, real=2.23 secs] 
189.767: [GC (CMS Final Remark) [YG occupancy: 42562 K (92160 K)]189.767: [Rescan (parallel) , 0.0003511 secs]189.767: [weak refs processing, 0.0000255 secs]189.768: [class unloading, 0.0006645 secs]189.768: [scrub symbol table, 0.0009090 secs]189.769: [scrub string table, 0.0002292 secs][1 CMS-remark: 72057K(102400K)] 114620K(194560K), 0.0024322 secs] [Times: user=0.00 sys=0.01, real=0.00 secs] 
189.770: [CMS-concurrent-sweep-start]
189.770: [CMS-concurrent-sweep: 0.000/0.000 secs] [Times: user=0.00 sys=0.00, real=0.00 secs] 
189.770: [CMS-concurrent-reset-start]
189.770: [CMS-concurrent-reset: 0.000/0.000 secs] [Times: user=0.00 sys=0.00, real=0.00 secs] 
190.574: [GC (Allocation Failure) 190.575: [ParNew: 73282K->0K(92160K), 0.0019646 secs] 104380K->41337K(194560K), 0.0022178 secs] [Times: user=0.01 sys=0.00, real=0.00 secs] 
191.587: [GC (Allocation Failure) 191.587: [ParNew: 73282K->0K(92160K), 0.0020983 secs] 114620K->51577K(194560K), 0.0023163 secs] [Times: user=0.00 sys=0.00, real=0.00 secs] 
192.600: [GC (Allocation Failure) 192.601: [ParNew: 73282K->0K(92160K), 0.0028583 secs] 124860K->61817K(194560K), 0.0030943 secs] [Times: user=0.01 sys=0.00, real=0.01 secs] 
192.605: [GC (CMS Initial Mark) [1 CMS-initial-mark: 61817K(102400K)] 72057K(194560K), 0.0003457 secs] [Times: user=0.00 sys=0.00, real=0.00 secs] 
192.605: [CMS-concurrent-mark-start]
192.606: [CMS-concurrent-mark: 0.001/0.001 secs] [Times: user=0.00 sys=0.00, real=0.00 secs] 
192.606: [CMS-concurrent-preclean-start]
192.607: [CMS-concurrent-preclean: 0.000/0.000 secs] [Times: user=0.00 sys=0.00, real=0.00 secs] 
192.607: [CMS-concurrent-abortable-preclean-start]
193.616: [GC (Allocation Failure) 193.616: [ParNew: 73282K->0K(92160K), 0.0016076 secs] 135100K->61817K(194560K), 0.0017875 secs] [Times: user=0.00 sys=0.00, real=0.00 secs] 
193.623: [GC (Allocation Failure) 193.624: [ParNew: 73282K->0K(92160K), 0.0036816 secs] 135100K->92537K(194560K), 0.0037961 secs] [Times: user=0.03 sys=0.00, real=0.00 secs] 
193.627: [CMS-concurrent-abortable-preclean: 0.006/1.021 secs] [Times: user=0.05 sys=0.00, real=1.02 secs] 
193.628: [GC (CMS Final Remark) [YG occupancy: 10240 K (92160 K)]193.628: [Rescan (parallel) , 0.0002853 secs]193.629: [weak refs processing, 0.0000209 secs]193.629: [class unloading, 0.0002806 secs]193.629: [scrub symbol table, 0.0004550 secs]193.629: [scrub string table, 0.0002204 secs][1 CMS-remark: 92537K(102400K)] 102777K(194560K), 0.0013898 secs] [Times: user=0.00 sys=0.00, real=0.00 secs] 
193.630: [CMS-concurrent-sweep-start]
193.630: [CMS-concurrent-sweep: 0.000/0.000 secs] [Times: user=0.00 sys=0.00, real=0.00 secs] 
193.630: [CMS-concurrent-reset-start]
193.630: [CMS-concurrent-reset: 0.000/0.000 secs] [Times: user=0.00 sys=0.00, real=0.00 secs] 
194.641: [GC (Allocation Failure) 194.641: [ParNew: 73282K->0K(92160K), 0.0023303 secs] 114620K->61817K(194560K), 0.0024761 secs] [Times: user=0.00 sys=0.00, real=0.01 secs] 
194.645: [GC (CMS Initial Mark) [1 CMS-initial-mark: 61817K(102400K)] 72057K(194560K), 0.0003052 secs] [Times: user=0.00 sys=0.00, real=0.00 secs] 
194.645: [CMS-concurrent-mark-start]
194.646: [CMS-concurrent-mark: 0.001/0.001 secs] [Times: user=0.00 sys=0.00, real=0.00 secs] 
194.646: [CMS-concurrent-preclean-start]
194.646: [CMS-concurrent-preclean: 0.000/0.000 secs] [Times: user=0.00 sys=0.00, real=0.00 secs] 
194.646: [CMS-concurrent-abortable-preclean-start]
195.654: [GC (Allocation Failure) 195.654: [ParNew: 73282K->0K(92160K), 0.0014235 secs] 135100K->72057K(194560K), 0.0016457 secs] [Times: user=0.01 sys=0.00, real=0.00 secs] 
196.665: [GC (Allocation Failure) 196.665: [ParNew: 73282K->0K(92160K), 0.0006690 secs] 145340K->72057K(194560K), 0.0008375 secs] [Times: user=0.00 sys=0.00, real=0.00 secs] 
196.873: [CMS-concurrent-abortable-preclean: 0.012/2.227 secs] [Times: user=0.03 sys=0.01, real=2.23 secs] 
196.874: [GC (CMS Final Remark) [YG occupancy: 42562 K (92160 K)]196.874: [Rescan (parallel) , 0.0004285 secs]196.874: [weak refs processing, 0.0000309 secs]196.874: [class unloading, 0.0008013 secs]196.875: [scrub symbol table, 0.0015083 secs]196.877: [scrub string table, 0.0002833 secs][1 CMS-remark: 72057K(102400K)] 114620K(194560K), 0.0032292 secs] [Times: user=0.01 sys=0.00, real=0.00 secs] 
196.877: [CMS-concurrent-sweep-start]
196.877: [CMS-concurrent-sweep: 0.000/0.000 secs] [Times: user=0.00 sys=0.00, real=0.00 secs] 
196.877: [CMS-concurrent-reset-start]
196.878: [CMS-concurrent-reset: 0.000/0.000 secs] [Times: user=0.00 sys=0.00, real=0.00 secs] 
197.677: [GC (Allocation Failure) 197.677: [ParNew: 73282K->0K(92160K), 0.0016225 secs] 104380K->41337K(194560K), 0.0018275 secs] [Times: user=0.01 sys=0.00, real=0.00 secs] 
198.689: [GC (Allocation Failure) 198.689: [ParNew: 73282K->0K(92160K), 0.0015759 secs] 114620K->51577K(194560K), 0.0018702 secs] [Times: user=0.01 sys=0.00, real=0.00 secs] 
199.702: [GC (Allocation Failure) 199.702: [ParNew: 73282K->0K(92160K), 0.0019761 secs] 124860K->61817K(194560K), 0.0021815 secs] [Times: user=0.01 sys=0.00, real=0.01 secs] 
199.705: [GC (CMS Initial Mark) [1 CMS-initial-mark: 61817K(102400K)] 72057K(194560K), 0.0002828 secs] [Times: user=0.00 sys=0.00, real=0.00 secs] 
199.706: [CMS-concurrent-mark-start]
199.707: [CMS-concurrent-mark: 0.001/0.001 secs] [Times: user=0.00 sys=0.00, real=0.00 secs] 
199.707: [CMS-concurrent-preclean-start]
199.707: [CMS-concurrent-preclean: 0.000/0.000 secs] [Times: user=0.01 sys=0.00, real=0.00 secs] 
199.707: [CMS-concurrent-abortable-preclean-start]
200.710: [GC (Allocation Failure) 200.711: [ParNew: 73282K->0K(92160K), 0.0013139 secs] 135100K->61817K(194560K), 0.0015690 secs] [Times: user=0.01 sys=0.00, real=0.00 secs] 
200.719: [GC (Allocation Failure) 200.719: [ParNew: 73282K->0K(92160K), 0.0022563 secs] 135100K->92537K(194560K), 0.0023972 secs] [Times: user=0.02 sys=0.00, real=0.00 secs] 
200.721: [CMS-concurrent-abortable-preclean: 0.005/1.014 secs] [Times: user=0.03 sys=0.00, real=1.01 secs] 
200.722: [GC (CMS Final Remark) [YG occupancy: 10240 K (92160 K)]200.722: [Rescan (parallel) , 0.0002579 secs]200.722: [weak refs processing, 0.0000150 secs]200.722: [class unloading, 0.0002388 secs]200.722: [scrub symbol table, 0.0003076 secs]200.723: [scrub string table, 0.0001290 secs][1 CMS-remark: 92537K(102400K)] 102777K(194560K), 0.0010416 secs] [Times: user=0.00 sys=0.00, real=0.00 secs] 
200.723: [CMS-concurrent-sweep-start]
200.723: [CMS-concurrent-sweep: 0.000/0.000 secs] [Times: user=0.00 sys=0.00, real=0.01 secs] 
200.723: [CMS-concurrent-reset-start]
200.723: [CMS-concurrent-reset: 0.000/0.000 secs] [Times: user=0.00 sys=0.00, real=0.00 secs] 
201.735: [GC (Allocation Failure) 201.735: [ParNew: 73282K->0K(92160K), 0.0028783 secs] 114620K->61817K(194560K), 0.0030424 secs] [Times: user=0.02 sys=0.00, real=0.00 secs] 
201.738: [GC (CMS Initial Mark) [1 CMS-initial-mark: 61817K(102400K)] 72057K(194560K), 0.0002368 secs] [Times: user=0.00 sys=0.00, real=0.00 secs] 
201.739: [CMS-concurrent-mark-start]
201.740: [CMS-concurrent-mark: 0.001/0.001 secs] [Times: user=0.00 sys=0.00, real=0.00 secs] 
201.740: [CMS-concurrent-preclean-start]
201.740: [CMS-concurrent-preclean: 0.000/0.000 secs] [Times: user=0.00 sys=0.00, real=0.00 secs] 
201.740: [CMS-concurrent-abortable-preclean-start]
202.751: [GC (Allocation Failure) 202.752: [ParNew: 73282K->0K(92160K), 0.0017120 secs] 135100K->72057K(194560K), 0.0025045 secs] [Times: user=0.01 sys=0.00, real=0.01 secs] 
203.762: [GC (Allocation Failure) 203.763: [ParNew: 73282K->0K(92160K), 0.0007257 secs] 145340K->72057K(194560K), 0.0008769 secs] [Times: user=0.00 sys=0.00, real=0.01 secs] 
203.971: [CMS-concurrent-abortable-preclean: 0.012/2.231 secs] [Times: user=0.03 sys=0.01, real=2.23 secs] 
203.972: [GC (CMS Final Remark) [YG occupancy: 42562 K (92160 K)]203.972: [Rescan (parallel) , 0.0003876 secs]203.972: [weak refs processing, 0.0000309 secs]203.972: [class unloading, 0.0012710 secs]203.974: [scrub symbol table, 0.0011142 secs]203.975: [scrub string table, 0.0002785 secs][1 CMS-remark: 72057K(102400K)] 114620K(194560K), 0.0033687 secs] [Times: user=0.01 sys=0.00, real=0.01 secs] 
203.975: [CMS-concurrent-sweep-start]
203.976: [CMS-concurrent-sweep: 0.000/0.000 secs] [Times: user=0.00 sys=0.00, real=0.00 secs] 
203.976: [CMS-concurrent-reset-start]
203.976: [CMS-concurrent-reset: 0.000/0.000 secs] [Times: user=0.00 sys=0.00, real=0.00 secs] 
204.775: [GC (Allocation Failure) 204.775: [ParNew: 73282K->0K(92160K), 0.0016380 secs] 104380K->41337K(194560K), 0.0018127 secs] [Times: user=0.01 sys=0.00, real=0.00 secs] 
205.789: [GC (Allocation Failure) 205.789: [ParNew: 73282K->0K(92160K), 0.0016357 secs] 114620K->51577K(194560K), 0.0018150 secs] [Times: user=0.01 sys=0.00, real=0.00 secs] 
206.803: [GC (Allocation Failure) 206.803: [ParNew: 73282K->0K(92160K), 0.0024544 secs] 124860K->61817K(194560K), 0.0026626 secs] [Times: user=0.00 sys=0.00, real=0.01 secs] 
206.806: [GC (CMS Initial Mark) [1 CMS-initial-mark: 61817K(102400K)] 72057K(194560K), 0.0005827 secs] [Times: user=0.00 sys=0.00, real=0.00 secs] 
206.807: [CMS-concurrent-mark-start]
206.809: [CMS-concurrent-mark: 0.002/0.002 secs] [Times: user=0.01 sys=0.00, real=0.00 secs] 
206.809: [CMS-concurrent-preclean-start]
206.809: [CMS-concurrent-preclean: 0.000/0.000 secs] [Times: user=0.00 sys=0.00, real=0.00 secs] 
206.809: [CMS-concurrent-abortable-preclean-start]
207.818: [GC (Allocation Failure) 207.818: [ParNew: 73282K->0K(92160K), 0.0007918 secs] 135100K->61817K(194560K), 0.0009308 secs] [Times: user=0.00 sys=0.00, real=0.00 secs] 
207.825: [GC (Allocation Failure) 207.825: [ParNew: 73282K->0K(92160K), 0.0033944 secs] 135100K->92537K(194560K), 0.0035078 secs] [Times: user=0.02 sys=0.00, real=0.00 secs] 
207.829: [CMS-concurrent-abortable-preclean: 0.006/1.019 secs] [Times: user=0.04 sys=0.00, real=1.02 secs] 
207.829: [GC (CMS Final Remark) [YG occupancy: 10240 K (92160 K)]207.829: [Rescan (parallel) , 0.0002605 secs]207.830: [weak refs processing, 0.0000260 secs]207.830: [class unloading, 0.0004960 secs]207.830: [scrub symbol table, 0.0004928 secs]207.831: [scrub string table, 0.0001694 secs][1 CMS-remark: 92537K(102400K)] 102777K(194560K), 0.0015544 secs] [Times: user=0.00 sys=0.01, real=0.00 secs] 
207.831: [CMS-concurrent-sweep-start]
207.831: [CMS-concurrent-sweep: 0.000/0.000 secs] [Times: user=0.00 sys=0.00, real=0.00 secs] 
207.831: [CMS-concurrent-reset-start]
207.831: [CMS-concurrent-reset: 0.000/0.000 secs] [Times: user=0.00 sys=0.00, real=0.00 secs] 
208.841: [GC (Allocation Failure) 208.841: [ParNew: 73282K->0K(92160K), 0.0024924 secs] 114620K->61817K(194560K), 0.0026457 secs] [Times: user=0.02 sys=0.00, real=0.01 secs] 
208.844: [GC (CMS Initial Mark) [1 CMS-initial-mark: 61817K(102400K)] 72057K(194560K), 0.0002700 secs] [Times: user=0.00 sys=0.00, real=0.00 secs] 
208.845: [CMS-concurrent-mark-start]
208.845: [CMS-concurrent-mark: 0.001/0.001 secs] [Times: user=0.00 sys=0.00, real=0.00 secs] 
208.845: [CMS-concurrent-preclean-start]
208.846: [CMS-concurrent-preclean: 0.000/0.000 secs] [Times: user=0.00 sys=0.00, real=0.00 secs] 
208.846: [CMS-concurrent-abortable-preclean-start]
209.856: [GC (Allocation Failure) 209.856: [ParNew: 73282K->0K(92160K), 0.0019980 secs] 135100K->72057K(194560K), 0.0021368 secs] [Times: user=0.01 sys=0.00, real=0.00 secs] 
210.868: [GC (Allocation Failure) 210.868: [ParNew: 73282K->0K(92160K), 0.0004997 secs] 145340K->72057K(194560K), 0.0005974 secs] [Times: user=0.00 sys=0.00, real=0.00 secs] 
211.076: [CMS-concurrent-abortable-preclean: 0.012/2.230 secs] [Times: user=0.04 sys=0.00, real=2.23 secs] 
211.076: [GC (CMS Final Remark) [YG occupancy: 42562 K (92160 K)]211.077: [Rescan (parallel) , 0.0006121 secs]211.077: [weak refs processing, 0.0000559 secs]211.077: [class unloading, 0.0009919 secs]211.078: [scrub symbol table, 0.0018942 secs]211.080: [scrub string table, 0.0004817 secs][1 CMS-remark: 72057K(102400K)] 114620K(194560K), 0.0043080 secs] [Times: user=0.00 sys=0.00, real=0.00 secs] 
211.081: [CMS-concurrent-sweep-start]
211.081: [CMS-concurrent-sweep: 0.000/0.000 secs] [Times: user=0.00 sys=0.00, real=0.00 secs] 
211.081: [CMS-concurrent-reset-start]
211.082: [CMS-concurrent-reset: 0.000/0.000 secs] [Times: user=0.00 sys=0.00, real=0.00 secs] 
211.879: [GC (Allocation Failure) 211.879: [ParNew: 73282K->0K(92160K), 0.0014242 secs] 104380K->41337K(194560K), 0.0015735 secs] [Times: user=0.00 sys=0.00, real=0.00 secs] 
212.891: [GC (Allocation Failure) 212.891: [ParNew: 73282K->0K(92160K), 0.0022972 secs] 114620K->51577K(194560K), 0.0024630 secs] [Times: user=0.01 sys=0.00, real=0.01 secs] 
213.904: [GC (Allocation Failure) 213.904: [ParNew: 73282K->0K(92160K), 0.0014895 secs] 124860K->61817K(194560K), 0.0017012 secs] [Times: user=0.01 sys=0.00, real=0.00 secs] 
213.907: [GC (CMS Initial Mark) [1 CMS-initial-mark: 61817K(102400K)] 72057K(194560K), 0.0004175 secs] [Times: user=0.00 sys=0.00, real=0.00 secs] 
213.907: [CMS-concurrent-mark-start]
213.909: [CMS-concurrent-mark: 0.001/0.001 secs] [Times: user=0.00 sys=0.00, real=0.00 secs] 
213.909: [CMS-concurrent-preclean-start]
213.909: [CMS-concurrent-preclean: 0.000/0.000 secs] [Times: user=0.00 sys=0.00, real=0.00 secs] 
213.909: [CMS-concurrent-abortable-preclean-start]
214.918: [GC (Allocation Failure) 214.918: [ParNew: 73282K->0K(92160K), 0.0013297 secs] 135100K->61817K(194560K), 0.0015500 secs] [Times: user=0.00 sys=0.01, real=0.00 secs] 
214.926: [GC (Allocation Failure) 214.926: [ParNew: 73282K->0K(92160K), 0.0033710 secs] 135100K->92537K(194560K), 0.0034873 secs] [Times: user=0.02 sys=0.00, real=0.00 secs] 
214.929: [CMS-concurrent-abortable-preclean: 0.006/1.020 secs] [Times: user=0.04 sys=0.01, real=1.02 secs] 
214.930: [GC (CMS Final Remark) [YG occupancy: 10240 K (92160 K)]214.930: [Rescan (parallel) , 0.0003075 secs]214.931: [weak refs processing, 0.0000199 secs]214.931: [class unloading, 0.0002880 secs]214.931: [scrub symbol table, 0.0004725 secs]214.931: [scrub string table, 0.0002058 secs][1 CMS-remark: 92537K(102400K)] 102777K(194560K), 0.0014214 secs] [Times: user=0.00 sys=0.00, real=0.00 secs] 
214.932: [CMS-concurrent-sweep-start]
214.932: [CMS-concurrent-sweep: 0.000/0.000 secs] [Times: user=0.00 sys=0.00, real=0.00 secs] 
214.932: [CMS-concurrent-reset-start]
214.932: [CMS-concurrent-reset: 0.000/0.000 secs] [Times: user=0.00 sys=0.00, real=0.00 secs] 
215.939: [GC (Allocation Failure) 215.939: [ParNew: 73282K->0K(92160K), 0.0018295 secs] 114620K->61817K(194560K), 0.0019295 secs] [Times: user=0.01 sys=0.00, real=0.00 secs] 
215.942: [GC (CMS Initial Mark) [1 CMS-initial-mark: 61817K(102400K)] 72057K(194560K), 0.0001936 secs] [Times: user=0.00 sys=0.00, real=0.00 secs] 
215.942: [CMS-concurrent-mark-start]
215.942: [CMS-concurrent-mark: 0.000/0.000 secs] [Times: user=0.00 sys=0.00, real=0.00 secs] 
215.942: [CMS-concurrent-preclean-start]
215.943: [CMS-concurrent-preclean: 0.000/0.000 secs] [Times: user=0.00 sys=0.00, real=0.00 secs] 
215.943: [CMS-concurrent-abortable-preclean-start]
216.954: [GC (Allocation Failure) 216.954: [ParNew: 73282K->0K(92160K), 0.0021195 secs] 135100K->72057K(194560K), 0.0023151 secs] [Times: user=0.01 sys=0.00, real=0.00 secs] 
217.969: [GC (Allocation Failure) 217.969: [ParNew: 73282K->0K(92160K), 0.0009703 secs] 145340K->72057K(194560K), 0.0011393 secs] [Times: user=0.00 sys=0.00, real=0.00 secs] 
218.181: [CMS-concurrent-abortable-preclean: 0.011/2.238 secs] [Times: user=0.04 sys=0.00, real=2.24 secs] 
218.181: [GC (CMS Final Remark) [YG occupancy: 42562 K (92160 K)]218.181: [Rescan (parallel) , 0.0007000 secs]218.182: [weak refs processing, 0.0000434 secs]218.182: [class unloading, 0.0010308 secs]218.183: [scrub symbol table, 0.0017591 secs]218.185: [scrub string table, 0.0003697 secs][1 CMS-remark: 72057K(102400K)] 114620K(194560K), 0.0041507 secs] [Times: user=0.01 sys=0.00, real=0.01 secs] 
218.185: [CMS-concurrent-sweep-start]
218.186: [CMS-concurrent-sweep: 0.000/0.000 secs] [Times: user=0.00 sys=0.00, real=0.00 secs] 
218.186: [CMS-concurrent-reset-start]
218.186: [CMS-concurrent-reset: 0.000/0.000 secs] [Times: user=0.00 sys=0.00, real=0.00 secs] 
218.983: [GC (Allocation Failure) 218.983: [ParNew: 73282K->0K(92160K), 0.0023160 secs] 104380K->41337K(194560K), 0.0024327 secs] [Times: user=0.01 sys=0.00, real=0.01 secs] 
219.998: [GC (Allocation Failure) 219.998: [ParNew: 73282K->0K(92160K), 0.0020284 secs] 114620K->51577K(194560K), 0.0022876 secs] [Times: user=0.00 sys=0.00, real=0.00 secs] 
221.013: [GC (Allocation Failure) 221.013: [ParNew: 73282K->0K(92160K), 0.0024064 secs] 124860K->61817K(194560K), 0.0026340 secs] [Times: user=0.01 sys=0.01, real=0.01 secs] 
221.017: [GC (CMS Initial Mark) [1 CMS-initial-mark: 61817K(102400K)] 72057K(194560K), 0.0003899 secs] [Times: user=0.00 sys=0.00, real=0.00 secs] 
221.017: [CMS-concurrent-mark-start]
221.019: [CMS-concurrent-mark: 0.002/0.002 secs] [Times: user=0.00 sys=0.00, real=0.00 secs] 
221.019: [CMS-concurrent-preclean-start]
221.019: [CMS-concurrent-preclean: 0.000/0.000 secs] [Times: user=0.00 sys=0.00, real=0.00 secs] 
221.019: [CMS-concurrent-abortable-preclean-start]
222.028: [GC (Allocation Failure) 222.028: [ParNew: 73282K->0K(92160K), 0.0010713 secs] 135100K->61817K(194560K), 0.0012597 secs] [Times: user=0.00 sys=0.00, real=0.00 secs] 
222.036: [GC (Allocation Failure) 222.036: [ParNew: 73282K->0K(92160K), 0.0036019 secs] 135100K->92537K(194560K), 0.0037684 secs] [Times: user=0.02 sys=0.00, real=0.00 secs] 
222.040: [CMS-concurrent-abortable-preclean: 0.005/1.020 secs] [Times: user=0.04 sys=0.00, real=1.02 secs] 
222.040: [GC (CMS Final Remark) [YG occupancy: 10240 K (92160 K)]222.040: [Rescan (parallel) , 0.0003300 secs]222.041: [weak refs processing, 0.0000201 secs]222.041: [class unloading, 0.0003080 secs]222.041: [scrub symbol table, 0.0004545 secs]222.042: [scrub string table, 0.0002016 secs][1 CMS-remark: 92537K(102400K)] 102777K(194560K), 0.0014471 secs] [Times: user=0.00 sys=0.00, real=0.00 secs] 
222.042: [CMS-concurrent-sweep-start]
222.042: [CMS-concurrent-sweep: 0.000/0.000 secs] [Times: user=0.00 sys=0.00, real=0.00 secs] 
222.042: [CMS-concurrent-reset-start]
222.042: [CMS-concurrent-reset: 0.000/0.000 secs] [Times: user=0.00 sys=0.00, real=0.00 secs] 
223.053: [GC (Allocation Failure) 223.053: [ParNew: 73282K->0K(92160K), 0.0021831 secs] 114620K->61817K(194560K), 0.0023344 secs] [Times: user=0.01 sys=0.00, real=0.01 secs] 
223.056: [GC (CMS Initial Mark) [1 CMS-initial-mark: 61817K(102400K)] 72057K(194560K), 0.0001885 secs] [Times: user=0.00 sys=0.00, real=0.00 secs] 
223.056: [CMS-concurrent-mark-start]
223.057: [CMS-concurrent-mark: 0.001/0.001 secs] [Times: user=0.00 sys=0.00, real=0.00 secs] 
223.057: [CMS-concurrent-preclean-start]
223.057: [CMS-concurrent-preclean: 0.000/0.000 secs] [Times: user=0.00 sys=0.00, real=0.00 secs] 
223.057: [CMS-concurrent-abortable-preclean-start]
224.067: [GC (Allocation Failure) 224.068: [ParNew: 73282K->0K(92160K), 0.0013939 secs] 135100K->72057K(194560K), 0.0019071 secs] [Times: user=0.01 sys=0.00, real=0.00 secs] 
225.081: [GC (Allocation Failure) 225.081: [ParNew: 73282K->0K(92160K), 0.0007459 secs] 145340K->72057K(194560K), 0.0009014 secs] [Times: user=0.00 sys=0.00, real=0.00 secs] 
225.290: [CMS-concurrent-abortable-preclean: 0.011/2.233 secs] [Times: user=0.03 sys=0.00, real=2.23 secs] 
225.290: [GC (CMS Final Remark) [YG occupancy: 42562 K (92160 K)]225.290: [Rescan (parallel) , 0.0005515 secs]225.291: [weak refs processing, 0.0000440 secs]225.291: [class unloading, 0.0006491 secs]225.292: [scrub symbol table, 0.0011589 secs]225.293: [scrub string table, 0.0004361 secs][1 CMS-remark: 72057K(102400K)] 114620K(194560K), 0.0031238 secs] [Times: user=0.00 sys=0.00, real=0.00 secs] 
225.293: [CMS-concurrent-sweep-start]
225.294: [CMS-concurrent-sweep: 0.000/0.000 secs] [Times: user=0.00 sys=0.00, real=0.01 secs] 
225.294: [CMS-concurrent-reset-start]
225.294: [CMS-concurrent-reset: 0.000/0.000 secs] [Times: user=0.00 sys=0.00, real=0.00 secs] 
226.095: [GC (Allocation Failure) 226.095: [ParNew: 73282K->0K(92160K), 0.0023987 secs] 104380K->41337K(194560K), 0.0027100 secs] [Times: user=0.01 sys=0.00, real=0.00 secs] 
227.110: [GC (Allocation Failure) 227.110: [ParNew: 73282K->0K(92160K), 0.0025602 secs] 114620K->51577K(194560K), 0.0027915 secs] [Times: user=0.01 sys=0.01, real=0.00 secs] 
228.125: [GC (Allocation Failure) 228.125: [ParNew: 73282K->0K(92160K), 0.0019792 secs] 124860K->61817K(194560K), 0.0021743 secs] [Times: user=0.00 sys=0.00, real=0.00 secs] 
228.128: [GC (CMS Initial Mark) [1 CMS-initial-mark: 61817K(102400K)] 72057K(194560K), 0.0002829 secs] [Times: user=0.00 sys=0.00, real=0.00 secs] 
228.129: [CMS-concurrent-mark-start]
228.130: [CMS-concurrent-mark: 0.001/0.001 secs] [Times: user=0.01 sys=0.00, real=0.00 secs] 
228.130: [CMS-concurrent-preclean-start]
228.130: [CMS-concurrent-preclean: 0.000/0.000 secs] [Times: user=0.00 sys=0.00, real=0.00 secs] 
228.130: [CMS-concurrent-abortable-preclean-start]
229.139: [GC (Allocation Failure) 229.139: [ParNew: 73282K->0K(92160K), 0.0012332 secs] 135100K->61817K(194560K), 0.0014504 secs] [Times: user=0.00 sys=0.00, real=0.00 secs] 
229.147: [GC (Allocation Failure) 229.147: [ParNew: 73282K->0K(92160K), 0.0036660 secs] 135100K->92537K(194560K), 0.0038012 secs] [Times: user=0.02 sys=0.00, real=0.00 secs] 
229.151: [CMS-concurrent-abortable-preclean: 0.006/1.020 secs] [Times: user=0.04 sys=0.00, real=1.02 secs] 
229.151: [GC (CMS Final Remark) [YG occupancy: 10240 K (92160 K)]229.151: [Rescan (parallel) , 0.0003384 secs]229.152: [weak refs processing, 0.0000216 secs]229.152: [class unloading, 0.0002811 secs]229.152: [scrub symbol table, 0.0004586 secs]229.152: [scrub string table, 0.0002152 secs][1 CMS-remark: 92537K(102400K)] 102777K(194560K), 0.0014475 secs] [Times: user=0.01 sys=0.00, real=0.00 secs] 
229.153: [CMS-concurrent-sweep-start]
229.153: [CMS-concurrent-sweep: 0.000/0.000 secs] [Times: user=0.00 sys=0.00, real=0.00 secs] 
229.153: [CMS-concurrent-reset-start]
229.153: [CMS-concurrent-reset: 0.000/0.000 secs] [Times: user=0.00 sys=0.00, real=0.00 secs] 
230.165: [GC (Allocation Failure) 230.165: [ParNew: 73282K->0K(92160K), 0.0024197 secs] 114620K->61817K(194560K), 0.0025709 secs] [Times: user=0.01 sys=0.00, real=0.00 secs] 
230.168: [GC (CMS Initial Mark) [1 CMS-initial-mark: 61817K(102400K)] 72057K(194560K), 0.0003035 secs] [Times: user=0.00 sys=0.00, real=0.00 secs] 
230.169: [CMS-concurrent-mark-start]
230.170: [CMS-concurrent-mark: 0.001/0.001 secs] [Times: user=0.01 sys=0.00, real=0.00 secs] 
230.170: [CMS-concurrent-preclean-start]
230.170: [CMS-concurrent-preclean: 0.000/0.000 secs] [Times: user=0.00 sys=0.00, real=0.00 secs] 
230.170: [CMS-concurrent-abortable-preclean-start]
231.178: [GC (Allocation Failure) 231.178: [ParNew: 73282K->0K(92160K), 0.0014738 secs] 135100K->72057K(194560K), 0.0016499 secs] [Times: user=0.00 sys=0.00, real=0.00 secs] 
232.193: [GC (Allocation Failure) 232.193: [ParNew: 73282K->0K(92160K), 0.0008561 secs] 145340K->72057K(194560K), 0.0010324 secs] [Times: user=0.00 sys=0.00, real=0.01 secs] 
232.400: [CMS-concurrent-abortable-preclean: 0.011/2.230 secs] [Times: user=0.03 sys=0.00, real=2.23 secs] 
232.400: [GC (CMS Final Remark) [YG occupancy: 42562 K (92160 K)]232.400: [Rescan (parallel) , 0.0006246 secs]232.401: [weak refs processing, 0.0000495 secs]232.401: [class unloading, 0.0009011 secs]232.402: [scrub symbol table, 0.0010458 secs]232.403: [scrub string table, 0.0003483 secs][1 CMS-remark: 72057K(102400K)] 114620K(194560K), 0.0032308 secs] [Times: user=0.00 sys=0.00, real=0.00 secs] 
232.404: [CMS-concurrent-sweep-start]
232.404: [CMS-concurrent-sweep: 0.000/0.000 secs] [Times: user=0.00 sys=0.00, real=0.01 secs] 
232.404: [CMS-concurrent-reset-start]
232.404: [CMS-concurrent-reset: 0.000/0.000 secs] [Times: user=0.00 sys=0.00, real=0.00 secs] 
233.207: [GC (Allocation Failure) 233.208: [ParNew: 73282K->0K(92160K), 0.0019110 secs] 104380K->41337K(194560K), 0.0025025 secs] [Times: user=0.01 sys=0.01, real=0.00 secs] 
234.222: [GC (Allocation Failure) 234.223: [ParNew: 73282K->0K(92160K), 0.0018516 secs] 114620K->51577K(194560K), 0.0020137 secs] [Times: user=0.00 sys=0.00, real=0.01 secs] 
235.235: [GC (Allocation Failure) 235.236: [ParNew: 73282K->0K(92160K), 0.0025569 secs] 124860K->61817K(194560K), 0.0028080 secs] [Times: user=0.01 sys=0.00, real=0.00 secs] 
235.240: [GC (CMS Initial Mark) [1 CMS-initial-mark: 61817K(102400K)] 72057K(194560K), 0.0003181 secs] [Times: user=0.00 sys=0.00, real=0.00 secs] 
235.240: [CMS-concurrent-mark-start]
235.241: [CMS-concurrent-mark: 0.001/0.001 secs] [Times: user=0.00 sys=0.00, real=0.00 secs] 
235.241: [CMS-concurrent-preclean-start]
235.242: [CMS-concurrent-preclean: 0.000/0.000 secs] [Times: user=0.00 sys=0.00, real=0.00 secs] 
235.242: [CMS-concurrent-abortable-preclean-start]
236.248: [GC (Allocation Failure) 236.249: [ParNew: 73282K->0K(92160K), 0.0010913 secs] 135100K->61817K(194560K), 0.0012681 secs] [Times: user=0.00 sys=0.00, real=0.00 secs] 
236.256: [GC (Allocation Failure) 236.257: [ParNew: 73282K->0K(92160K), 0.0028964 secs] 135100K->92537K(194560K), 0.0030559 secs] [Times: user=0.01 sys=0.00, real=0.00 secs] 
236.260: [CMS-concurrent-abortable-preclean: 0.006/1.018 secs] [Times: user=0.04 sys=0.00, real=1.02 secs] 
236.260: [GC (CMS Final Remark) [YG occupancy: 10240 K (92160 K)]236.260: [Rescan (parallel) , 0.0002106 secs]236.260: [weak refs processing, 0.0000184 secs]236.261: [class unloading, 0.0002538 secs]236.261: [scrub symbol table, 0.0003977 secs]236.261: [scrub string table, 0.0001678 secs][1 CMS-remark: 92537K(102400K)] 102777K(194560K), 0.0011782 secs] [Times: user=0.01 sys=0.00, real=0.00 secs] 
236.261: [CMS-concurrent-sweep-start]
236.262: [CMS-concurrent-sweep: 0.000/0.000 secs] [Times: user=0.00 sys=0.00, real=0.00 secs] 
236.262: [CMS-concurrent-reset-start]
236.262: [CMS-concurrent-reset: 0.000/0.000 secs] [Times: user=0.00 sys=0.00, real=0.00 secs] 
237.274: [GC (Allocation Failure) 237.275: [ParNew: 73282K->0K(92160K), 0.0028483 secs] 114620K->61817K(194560K), 0.0043384 secs] [Times: user=0.02 sys=0.00, real=0.01 secs] 
237.279: [GC (CMS Initial Mark) [1 CMS-initial-mark: 61817K(102400K)] 72057K(194560K), 0.0002488 secs] [Times: user=0.00 sys=0.00, real=0.00 secs] 
237.279: [CMS-concurrent-mark-start]
237.280: [CMS-concurrent-mark: 0.001/0.001 secs] [Times: user=0.01 sys=0.00, real=0.00 secs] 
237.280: [CMS-concurrent-preclean-start]
237.280: [CMS-concurrent-preclean: 0.000/0.000 secs] [Times: user=0.00 sys=0.00, real=0.00 secs] 
237.280: [CMS-concurrent-abortable-preclean-start]
238.291: [GC (Allocation Failure) 238.291: [ParNew: 73282K->0K(92160K), 0.0016773 secs] 135100K->72057K(194560K), 0.0018477 secs] [Times: user=0.01 sys=0.00, real=0.00 secs] 
239.303: [GC (Allocation Failure) 239.303: [ParNew: 73282K->0K(92160K), 0.0008982 secs] 145340K->72057K(194560K), 0.0010612 secs] [Times: user=0.00 sys=0.01, real=0.01 secs] 
239.507: [CMS-concurrent-abortable-preclean: 0.012/2.227 secs] [Times: user=0.04 sys=0.01, real=2.23 secs] 
239.507: [GC (CMS Final Remark) [YG occupancy: 42562 K (92160 K)]239.507: [Rescan (parallel) , 0.0002968 secs]239.508: [weak refs processing, 0.0000247 secs]239.508: [class unloading, 0.0005088 secs]239.508: [scrub symbol table, 0.0008031 secs]239.509: [scrub string table, 0.0003109 secs][1 CMS-remark: 72057K(102400K)] 114620K(194560K), 0.0021401 secs] [Times: user=0.00 sys=0.00, real=0.00 secs] 
239.510: [CMS-concurrent-sweep-start]
239.510: [CMS-concurrent-sweep: 0.000/0.000 secs] [Times: user=0.00 sys=0.00, real=0.00 secs] 
239.510: [CMS-concurrent-reset-start]
239.510: [CMS-concurrent-reset: 0.000/0.000 secs] [Times: user=0.00 sys=0.00, real=0.00 secs] 
240.317: [GC (Allocation Failure) 240.317: [ParNew: 73282K->0K(92160K), 0.0016765 secs] 104380K->41337K(194560K), 0.0018760 secs] [Times: user=0.01 sys=0.00, real=0.00 secs] 
241.331: [GC (Allocation Failure) 241.331: [ParNew: 73282K->0K(92160K), 0.0017892 secs] 114620K->51577K(194560K), 0.0019710 secs] [Times: user=0.00 sys=0.00, real=0.00 secs] 
242.342: [GC (Allocation Failure) 242.342: [ParNew: 73282K->0K(92160K), 0.0018542 secs] 124860K->61817K(194560K), 0.0020415 secs] [Times: user=0.01 sys=0.00, real=0.01 secs] 
242.345: [GC (CMS Initial Mark) [1 CMS-initial-mark: 61817K(102400K)] 72057K(194560K), 0.0002627 secs] [Times: user=0.00 sys=0.00, real=0.00 secs] 
242.346: [CMS-concurrent-mark-start]
242.347: [CMS-concurrent-mark: 0.001/0.001 secs] [Times: user=0.00 sys=0.00, real=0.00 secs] 
242.347: [CMS-concurrent-preclean-start]
242.347: [CMS-concurrent-preclean: 0.000/0.000 secs] [Times: user=0.00 sys=0.00, real=0.00 secs] 
242.347: [CMS-concurrent-abortable-preclean-start]
243.355: [GC (Allocation Failure) 243.356: [ParNew: 73282K->0K(92160K), 0.0014680 secs] 135100K->61817K(194560K), 0.0023233 secs] [Times: user=0.00 sys=0.00, real=0.00 secs] 
243.364: [GC (Allocation Failure) 243.364: [ParNew: 73282K->0K(92160K), 0.0036572 secs] 135100K->92537K(194560K), 0.0038082 secs] [Times: user=0.02 sys=0.00, real=0.00 secs] 
243.368: [CMS-concurrent-abortable-preclean: 0.006/1.021 secs] [Times: user=0.04 sys=0.00, real=1.02 secs] 
243.369: [GC (CMS Final Remark) [YG occupancy: 10240 K (92160 K)]243.369: [Rescan (parallel) , 0.0002533 secs]243.369: [weak refs processing, 0.0000200 secs]243.369: [class unloading, 0.0002730 secs]243.370: [scrub symbol table, 0.0004659 secs]243.370: [scrub string table, 0.0002047 secs][1 CMS-remark: 92537K(102400K)] 102777K(194560K), 0.0013524 secs] [Times: user=0.00 sys=0.00, real=0.00 secs] 
243.371: [CMS-concurrent-sweep-start]
243.371: [CMS-concurrent-sweep: 0.000/0.000 secs] [Times: user=0.00 sys=0.00, real=0.00 secs] 
243.371: [CMS-concurrent-reset-start]
243.371: [CMS-concurrent-reset: 0.000/0.000 secs] [Times: user=0.00 sys=0.00, real=0.00 secs] 
244.382: [GC (Allocation Failure) 244.382: [ParNew: 73282K->0K(92160K), 0.0022867 secs] 114620K->61817K(194560K), 0.0024196 secs] [Times: user=0.01 sys=0.00, real=0.01 secs] 
244.385: [GC (CMS Initial Mark) [1 CMS-initial-mark: 61817K(102400K)] 72057K(194560K), 0.0002047 secs] [Times: user=0.00 sys=0.00, real=0.00 secs] 
244.385: [CMS-concurrent-mark-start]
244.386: [CMS-concurrent-mark: 0.001/0.001 secs] [Times: user=0.01 sys=0.00, real=0.00 secs] 
244.386: [CMS-concurrent-preclean-start]
244.386: [CMS-concurrent-preclean: 0.000/0.000 secs] [Times: user=0.00 sys=0.00, real=0.00 secs] 
244.386: [CMS-concurrent-abortable-preclean-start]
245.397: [GC (Allocation Failure) 245.397: [ParNew: 73282K->0K(92160K), 0.0017501 secs] 135100K->72057K(194560K), 0.0019314 secs] [Times: user=0.00 sys=0.00, real=0.00 secs] 
246.411: [GC (Allocation Failure) 246.411: [ParNew: 73282K->0K(92160K), 0.0009420 secs] 145340K->72057K(194560K), 0.0011114 secs] [Times: user=0.00 sys=0.00, real=0.00 secs] 
246.621: [CMS-concurrent-abortable-preclean: 0.010/2.235 secs] [Times: user=0.03 sys=0.01, real=2.23 secs] 
246.622: [GC (CMS Final Remark) [YG occupancy: 42562 K (92160 K)]246.622: [Rescan (parallel) , 0.0005655 secs]246.623: [weak refs processing, 0.0000424 secs]246.623: [class unloading, 0.0007592 secs]246.623: [scrub symbol table, 0.0012395 secs]246.625: [scrub string table, 0.0003578 secs][1 CMS-remark: 72057K(102400K)] 114620K(194560K), 0.0031948 secs] [Times: user=0.01 sys=0.00, real=0.01 secs] 
246.625: [CMS-concurrent-sweep-start]
246.626: [CMS-concurrent-sweep: 0.000/0.000 secs] [Times: user=0.00 sys=0.00, real=0.00 secs] 
246.626: [CMS-concurrent-reset-start]
246.626: [CMS-concurrent-reset: 0.000/0.000 secs] [Times: user=0.00 sys=0.00, real=0.00 secs] 
247.425: [GC (Allocation Failure) 247.425: [ParNew: 73282K->0K(92160K), 0.0016045 secs] 104380K->41337K(194560K), 0.0018226 secs] [Times: user=0.01 sys=0.00, real=0.00 secs] 
248.438: [GC (Allocation Failure) 248.438: [ParNew: 73282K->0K(92160K), 0.0019587 secs] 114620K->51577K(194560K), 0.0021685 secs] [Times: user=0.01 sys=0.00, real=0.00 secs] 
249.452: [GC (Allocation Failure) 249.452: [ParNew: 73282K->0K(92160K), 0.0020674 secs] 124860K->61817K(194560K), 0.0022736 secs] [Times: user=0.00 sys=0.00, real=0.00 secs] 
249.455: [GC (CMS Initial Mark) [1 CMS-initial-mark: 61817K(102400K)] 72057K(194560K), 0.0002657 secs] [Times: user=0.00 sys=0.00, real=0.00 secs] 
249.456: [CMS-concurrent-mark-start]
249.457: [CMS-concurrent-mark: 0.001/0.001 secs] [Times: user=0.00 sys=0.00, real=0.00 secs] 
249.457: [CMS-concurrent-preclean-start]
249.457: [CMS-concurrent-preclean: 0.000/0.000 secs] [Times: user=0.00 sys=0.00, real=0.00 secs] 
249.457: [CMS-concurrent-abortable-preclean-start]
250.465: [GC (Allocation Failure) 250.466: [ParNew: 73282K->0K(92160K), 0.0014612 secs] 135100K->61817K(194560K), 0.0017498 secs] [Times: user=0.00 sys=0.00, real=0.00 secs] 
250.474: [GC (Allocation Failure) 250.474: [ParNew: 73282K->0K(92160K), 0.0033846 secs] 135100K->92537K(194560K), 0.0035343 secs] [Times: user=0.02 sys=0.00, real=0.01 secs] 
250.477: [CMS-concurrent-abortable-preclean: 0.007/1.020 secs] [Times: user=0.05 sys=0.00, real=1.02 secs] 
250.478: [GC (CMS Final Remark) [YG occupancy: 10240 K (92160 K)]250.478: [Rescan (parallel) , 0.0003850 secs]250.479: [weak refs processing, 0.0000214 secs]250.479: [class unloading, 0.0002898 secs]250.479: [scrub symbol table, 0.0004660 secs]250.480: [scrub string table, 0.0002014 secs][1 CMS-remark: 92537K(102400K)] 102777K(194560K), 0.0015237 secs] [Times: user=0.00 sys=0.00, real=0.00 secs] 
250.480: [CMS-concurrent-sweep-start]
250.480: [CMS-concurrent-sweep: 0.000/0.000 secs] [Times: user=0.00 sys=0.00, real=0.00 secs] 
250.480: [CMS-concurrent-reset-start]
250.480: [CMS-concurrent-reset: 0.000/0.000 secs] [Times: user=0.00 sys=0.00, real=0.00 secs] 
251.492: [GC (Allocation Failure) 251.493: [ParNew: 73282K->0K(92160K), 0.0026393 secs] 114620K->61817K(194560K), 0.0036050 secs] [Times: user=0.00 sys=0.00, real=0.01 secs] 
251.497: [GC (CMS Initial Mark) [1 CMS-initial-mark: 61817K(102400K)] 72057K(194560K), 0.0002972 secs] [Times: user=0.01 sys=0.00, real=0.00 secs] 
251.497: [CMS-concurrent-mark-start]
251.498: [CMS-concurrent-mark: 0.001/0.001 secs] [Times: user=0.00 sys=0.00, real=0.00 secs] 
251.498: [CMS-concurrent-preclean-start]
251.498: [CMS-concurrent-preclean: 0.000/0.000 secs] [Times: user=0.00 sys=0.00, real=0.00 secs] 
251.498: [CMS-concurrent-abortable-preclean-start]
252.509: [GC (Allocation Failure) 252.510: [ParNew: 73282K->0K(92160K), 0.0023052 secs] 135100K->72057K(194560K), 0.0024591 secs] [Times: user=0.01 sys=0.00, real=0.00 secs] 
253.523: [GC (Allocation Failure) 253.523: [ParNew: 73282K->0K(92160K), 0.0008647 secs] 145340K->72057K(194560K), 0.0010404 secs] [Times: user=0.00 sys=0.00, real=0.00 secs] 
253.731: [CMS-concurrent-abortable-preclean: 0.012/2.233 secs] [Times: user=0.04 sys=0.01, real=2.23 secs] 
253.731: [GC (CMS Final Remark) [YG occupancy: 42562 K (92160 K)]253.732: [Rescan (parallel) , 0.0008110 secs]253.732: [weak refs processing, 0.0000453 secs]253.732: [class unloading, 0.0009287 secs]253.733: [scrub symbol table, 0.0014911 secs]253.735: [scrub string table, 0.0003715 secs][1 CMS-remark: 72057K(102400K)] 114620K(194560K), 0.0039787 secs] [Times: user=0.01 sys=0.00, real=0.01 secs] 
253.736: [CMS-concurrent-sweep-start]
253.736: [CMS-concurrent-sweep: 0.000/0.000 secs] [Times: user=0.00 sys=0.00, real=0.00 secs] 
253.736: [CMS-concurrent-reset-start]
253.736: [CMS-concurrent-reset: 0.000/0.000 secs] [Times: user=0.00 sys=0.00, real=0.00 secs] 
254.537: [GC (Allocation Failure) 254.537: [ParNew: 73282K->0K(92160K), 0.0020069 secs] 104380K->41337K(194560K), 0.0021618 secs] [Times: user=0.01 sys=0.00, real=0.00 secs] 
255.549: [GC (Allocation Failure) 255.550: [ParNew: 73282K->0K(92160K), 0.0031220 secs] 114620K->51577K(194560K), 0.0032953 secs] [Times: user=0.01 sys=0.00, real=0.00 secs] 
256.565: [GC (Allocation Failure) 256.565: [ParNew: 73282K->0K(92160K), 0.0014313 secs] 124860K->61817K(194560K), 0.0015565 secs] [Times: user=0.01 sys=0.00, real=0.00 secs] 
256.567: [GC (CMS Initial Mark) [1 CMS-initial-mark: 61817K(102400K)] 72057K(194560K), 0.0002529 secs] [Times: user=0.00 sys=0.00, real=0.00 secs] 
256.567: [CMS-concurrent-mark-start]
256.568: [CMS-concurrent-mark: 0.001/0.001 secs] [Times: user=0.01 sys=0.00, real=0.00 secs] 
256.568: [CMS-concurrent-preclean-start]
256.569: [CMS-concurrent-preclean: 0.000/0.000 secs] [Times: user=0.00 sys=0.00, real=0.00 secs] 
256.569: [CMS-concurrent-abortable-preclean-start]
257.573: [GC (Allocation Failure) 257.573: [ParNew: 73282K->0K(92160K), 0.0005931 secs] 135100K->61817K(194560K), 0.0006931 secs] [Times: user=0.00 sys=0.00, real=0.00 secs] 
257.580: [GC (Allocation Failure) 257.580: [ParNew: 73282K->0K(92160K), 0.0032276 secs] 135100K->92537K(194560K), 0.0033317 secs] [Times: user=0.01 sys=0.00, real=0.00 secs] 
257.583: [CMS-concurrent-abortable-preclean: 0.005/1.014 secs] [Times: user=0.04 sys=0.00, real=1.01 secs] 
257.584: [GC (CMS Final Remark) [YG occupancy: 10240 K (92160 K)]257.584: [Rescan (parallel) , 0.0003561 secs]257.584: [weak refs processing, 0.0000196 secs]257.584: [class unloading, 0.0002881 secs]257.584: [scrub symbol table, 0.0003849 secs]257.585: [scrub string table, 0.0001642 secs][1 CMS-remark: 92537K(102400K)] 102777K(194560K), 0.0013323 secs] [Times: user=0.00 sys=0.00, real=0.01 secs] 
257.585: [CMS-concurrent-sweep-start]
257.585: [CMS-concurrent-sweep: 0.000/0.000 secs] [Times: user=0.00 sys=0.00, real=0.00 secs] 
257.585: [CMS-concurrent-reset-start]
257.585: [CMS-concurrent-reset: 0.000/0.000 secs] [Times: user=0.00 sys=0.00, real=0.00 secs] 
258.591: [GC (Allocation Failure) 258.592: [ParNew: 73282K->0K(92160K), 0.0030798 secs] 114620K->61817K(194560K), 0.0032232 secs] [Times: user=0.02 sys=0.00, real=0.01 secs] 
258.596: [GC (CMS Initial Mark) [1 CMS-initial-mark: 61817K(102400K)] 72057K(194560K), 0.0002352 secs] [Times: user=0.00 sys=0.00, real=0.00 secs] 
258.596: [CMS-concurrent-mark-start]
258.597: [CMS-concurrent-mark: 0.001/0.001 secs] [Times: user=0.01 sys=0.00, real=0.00 secs] 
258.597: [CMS-concurrent-preclean-start]
258.597: [CMS-concurrent-preclean: 0.000/0.000 secs] [Times: user=0.00 sys=0.00, real=0.00 secs] 
258.597: [CMS-concurrent-abortable-preclean-start]
259.605: [GC (Allocation Failure) 259.605: [ParNew: 73282K->0K(92160K), 0.0017680 secs] 135100K->72057K(194560K), 0.0019230 secs] [Times: user=0.01 sys=0.00, real=0.00 secs] 
260.618: [GC (Allocation Failure) 260.618: [ParNew: 73282K->0K(92160K), 0.0010874 secs] 145340K->72057K(194560K), 0.0013005 secs] [Times: user=0.00 sys=0.00, real=0.00 secs] 
260.826: [CMS-concurrent-abortable-preclean: 0.012/2.229 secs] [Times: user=0.04 sys=0.00, real=2.23 secs] 
260.827: [GC (CMS Final Remark) [YG occupancy: 42562 K (92160 K)]260.827: [Rescan (parallel) , 0.0007672 secs]260.828: [weak refs processing, 0.0000483 secs]260.828: [class unloading, 0.0009516 secs]260.829: [scrub symbol table, 0.0018207 secs]260.831: [scrub string table, 0.0004673 secs][1 CMS-remark: 72057K(102400K)] 114620K(194560K), 0.0043168 secs] [Times: user=0.00 sys=0.00, real=0.00 secs] 
260.831: [CMS-concurrent-sweep-start]
260.832: [CMS-concurrent-sweep: 0.000/0.000 secs] [Times: user=0.00 sys=0.00, real=0.00 secs] 
260.832: [CMS-concurrent-reset-start]
260.832: [CMS-concurrent-reset: 0.000/0.000 secs] [Times: user=0.00 sys=0.00, real=0.00 secs] 
261.629: [GC (Allocation Failure) 261.629: [ParNew: 73282K->0K(92160K), 0.0011637 secs] 104380K->41337K(194560K), 0.0013015 secs] [Times: user=0.00 sys=0.00, real=0.00 secs] 
262.639: [GC (Allocation Failure) 262.640: [ParNew: 73282K->0K(92160K), 0.0015460 secs] 114620K->51577K(194560K), 0.0025151 secs] [Times: user=0.01 sys=0.00, real=0.00 secs] 
263.653: [GC (Allocation Failure) 263.653: [ParNew: 73282K->0K(92160K), 0.0025914 secs] 124860K->61817K(194560K), 0.0027451 secs] [Times: user=0.01 sys=0.00, real=0.01 secs] 
263.657: [GC (CMS Initial Mark) [1 CMS-initial-mark: 61817K(102400K)] 72057K(194560K), 0.0003071 secs] [Times: user=0.00 sys=0.00, real=0.00 secs] 
263.657: [CMS-concurrent-mark-start]
263.658: [CMS-concurrent-mark: 0.001/0.001 secs] [Times: user=0.00 sys=0.00, real=0.00 secs] 
263.658: [CMS-concurrent-preclean-start]
263.659: [CMS-concurrent-preclean: 0.000/0.000 secs] [Times: user=0.00 sys=0.00, real=0.00 secs] 
263.659: [CMS-concurrent-abortable-preclean-start]
264.668: [GC (Allocation Failure) 264.668: [ParNew: 73282K->0K(92160K), 0.0015953 secs] 135100K->61817K(194560K), 0.0019088 secs] [Times: user=0.00 sys=0.01, real=0.00 secs] 
264.678: [GC (Allocation Failure) 264.678: [ParNew: 73282K->0K(92160K), 0.0036247 secs] 135100K->92537K(194560K), 0.0037593 secs] [Times: user=0.02 sys=0.00, real=0.00 secs] 
264.682: [CMS-concurrent-abortable-preclean: 0.006/1.023 secs] [Times: user=0.05 sys=0.01, real=1.02 secs] 
264.682: [GC (CMS Final Remark) [YG occupancy: 10240 K (92160 K)]264.683: [Rescan (parallel) , 0.0003266 secs]264.683: [weak refs processing, 0.0000195 secs]264.683: [class unloading, 0.0002846 secs]264.683: [scrub symbol table, 0.0004768 secs]264.684: [scrub string table, 0.0002026 secs][1 CMS-remark: 92537K(102400K)] 102777K(194560K), 0.0014357 secs] [Times: user=0.00 sys=0.00, real=0.00 secs] 
264.684: [CMS-concurrent-sweep-start]
264.684: [CMS-concurrent-sweep: 0.000/0.000 secs] [Times: user=0.00 sys=0.00, real=0.00 secs] 
264.684: [CMS-concurrent-reset-start]
264.684: [CMS-concurrent-reset: 0.000/0.000 secs] [Times: user=0.00 sys=0.00, real=0.00 secs] 
265.697: [GC (Allocation Failure) 265.697: [ParNew: 73282K->0K(92160K), 0.0022748 secs] 114620K->61817K(194560K), 0.0024483 secs] [Times: user=0.01 sys=0.00, real=0.00 secs] 
265.700: [GC (CMS Initial Mark) [1 CMS-initial-mark: 61817K(102400K)] 72057K(194560K), 0.0002259 secs] [Times: user=0.00 sys=0.00, real=0.00 secs] 
265.701: [CMS-concurrent-mark-start]
265.702: [CMS-concurrent-mark: 0.001/0.001 secs] [Times: user=0.01 sys=0.00, real=0.00 secs] 
265.702: [CMS-concurrent-preclean-start]
265.702: [CMS-concurrent-preclean: 0.000/0.000 secs] [Times: user=0.00 sys=0.00, real=0.00 secs] 
265.702: [CMS-concurrent-abortable-preclean-start]
266.713: [GC (Allocation Failure) 266.713: [ParNew: 73282K->0K(92160K), 0.0019027 secs] 135100K->72057K(194560K), 0.0021109 secs] [Times: user=0.00 sys=0.00, real=0.01 secs] 
267.727: [GC (Allocation Failure) 267.728: [ParNew: 73282K->0K(92160K), 0.0006842 secs] 145340K->72057K(194560K), 0.0021453 secs] [Times: user=0.00 sys=0.00, real=0.00 secs] 
267.936: [CMS-concurrent-abortable-preclean: 0.010/2.234 secs] [Times: user=0.03 sys=0.00, real=2.24 secs] 
267.937: [GC (CMS Final Remark) [YG occupancy: 42562 K (92160 K)]267.937: [Rescan (parallel) , 0.0005594 secs]267.937: [weak refs processing, 0.0000528 secs]267.938: [class unloading, 0.0009605 secs]267.939: [scrub symbol table, 0.0016476 secs]267.940: [scrub string table, 0.0003362 secs][1 CMS-remark: 72057K(102400K)] 114620K(194560K), 0.0038015 secs] [Times: user=0.01 sys=0.00, real=0.00 secs] 
267.941: [CMS-concurrent-sweep-start]
267.941: [CMS-concurrent-sweep: 0.000/0.000 secs] [Times: user=0.00 sys=0.00, real=0.00 secs] 
267.941: [CMS-concurrent-reset-start]
267.941: [CMS-concurrent-reset: 0.000/0.000 secs] [Times: user=0.00 sys=0.00, real=0.00 secs] 
268.742: [GC (Allocation Failure) 268.742: [ParNew: 73282K->0K(92160K), 0.0042501 secs] 104380K->41337K(194560K), 0.0044490 secs] [Times: user=0.01 sys=0.00, real=0.01 secs] 
269.759: [GC (Allocation Failure) 269.759: [ParNew: 73282K->0K(92160K), 0.0037063 secs] 114620K->51577K(194560K), 0.0039016 secs] [Times: user=0.01 sys=0.00, real=0.00 secs] 
270.773: [GC (Allocation Failure) 270.773: [ParNew: 73282K->0K(92160K), 0.0019790 secs] 124860K->61817K(194560K), 0.0021849 secs] [Times: user=0.00 sys=0.00, real=0.00 secs] 
270.776: [GC (CMS Initial Mark) [1 CMS-initial-mark: 61817K(102400K)] 72057K(194560K), 0.0003352 secs] [Times: user=0.00 sys=0.00, real=0.00 secs] 
270.776: [CMS-concurrent-mark-start]
270.777: [CMS-concurrent-mark: 0.001/0.001 secs] [Times: user=0.01 sys=0.00, real=0.00 secs] 
270.777: [CMS-concurrent-preclean-start]
270.778: [CMS-concurrent-preclean: 0.000/0.000 secs] [Times: user=0.00 sys=0.00, real=0.00 secs] 
270.778: [CMS-concurrent-abortable-preclean-start]
271.787: [GC (Allocation Failure) 271.787: [ParNew: 73282K->0K(92160K), 0.0007602 secs] 135100K->61817K(194560K), 0.0008712 secs] [Times: user=0.00 sys=0.00, real=0.00 secs] 
271.795: [GC (Allocation Failure) 271.795: [ParNew: 73282K->0K(92160K), 0.0081493 secs] 135100K->92537K(194560K), 0.0083121 secs] [Times: user=0.05 sys=0.00, real=0.00 secs] 
271.803: [CMS-concurrent-abortable-preclean: 0.005/1.026 secs] [Times: user=0.07 sys=0.00, real=1.02 secs] 
271.804: [GC (CMS Final Remark) [YG occupancy: 10240 K (92160 K)]271.805: [Rescan (parallel) , 0.0002995 secs]271.805: [weak refs processing, 0.0000245 secs]271.805: [class unloading, 0.0005080 secs]271.805: [scrub symbol table, 0.0005358 secs]271.806: [scrub string table, 0.0002880 secs][1 CMS-remark: 92537K(102400K)] 102777K(194560K), 0.0018106 secs] [Times: user=0.00 sys=0.00, real=0.01 secs] 
271.806: [CMS-concurrent-sweep-start]
271.807: [CMS-concurrent-sweep: 0.000/0.000 secs] [Times: user=0.00 sys=0.00, real=0.00 secs] 
271.807: [CMS-concurrent-reset-start]
271.807: [CMS-concurrent-reset: 0.000/0.000 secs] [Times: user=0.00 sys=0.00, real=0.00 secs] 
272.817: [GC (Allocation Failure) 272.817: [ParNew: 73282K->0K(92160K), 0.0064992 secs] 114620K->61817K(194560K), 0.0066531 secs] [Times: user=0.04 sys=0.00, real=0.00 secs] 
272.824: [GC (CMS Initial Mark) [1 CMS-initial-mark: 61817K(102400K)] 72057K(194560K), 0.0002047 secs] [Times: user=0.00 sys=0.00, real=0.00 secs] 
272.825: [CMS-concurrent-mark-start]
272.825: [CMS-concurrent-mark: 0.001/0.001 secs] [Times: user=0.01 sys=0.00, real=0.01 secs] 
272.825: [CMS-concurrent-preclean-start]
272.826: [CMS-concurrent-preclean: 0.000/0.000 secs] [Times: user=0.00 sys=0.00, real=0.00 secs] 
272.826: [CMS-concurrent-abortable-preclean-start]
273.832: [GC (Allocation Failure) 273.832: [ParNew: 73282K->0K(92160K), 0.0015862 secs] 135100K->72057K(194560K), 0.0017746 secs] [Times: user=0.01 sys=0.00, real=0.00 secs] 
274.844: [GC (Allocation Failure) 274.844: [ParNew: 73282K->0K(92160K), 0.0006565 secs] 145340K->72057K(194560K), 0.0007772 secs] [Times: user=0.00 sys=0.00, real=0.01 secs] 
275.052: [CMS-concurrent-abortable-preclean: 0.008/2.227 secs] [Times: user=0.03 sys=0.00, real=2.22 secs] 
275.053: [GC (CMS Final Remark) [YG occupancy: 42562 K (92160 K)]275.053: [Rescan (parallel) , 0.0011411 secs]275.054: [weak refs processing, 0.0000291 secs]275.054: [class unloading, 0.0004984 secs]275.054: [scrub symbol table, 0.0010464 secs]275.056: [scrub string table, 0.0002282 secs][1 CMS-remark: 72057K(102400K)] 114620K(194560K), 0.0033047 secs] [Times: user=0.00 sys=0.00, real=0.01 secs] 
275.056: [CMS-concurrent-sweep-start]
275.056: [CMS-concurrent-sweep: 0.000/0.000 secs] [Times: user=0.00 sys=0.00, real=0.00 secs] 
275.056: [CMS-concurrent-reset-start]
275.056: [CMS-concurrent-reset: 0.000/0.000 secs] [Times: user=0.00 sys=0.00, real=0.00 secs] 
275.855: [GC (Allocation Failure) 275.855: [ParNew: 73282K->0K(92160K), 0.0022491 secs] 104380K->41337K(194560K), 0.0024637 secs] [Times: user=0.01 sys=0.01, real=0.01 secs] 
276.869: [GC (Allocation Failure) 276.869: [ParNew: 73282K->0K(92160K), 0.0024672 secs] 114620K->51577K(194560K), 0.0026766 secs] [Times: user=0.00 sys=0.00, real=0.00 secs] 
277.883: [GC (Allocation Failure) 277.884: [ParNew: 73282K->0K(92160K), 0.0031594 secs] 124860K->61817K(194560K), 0.0033963 secs] [Times: user=0.01 sys=0.00, real=0.01 secs] 
277.888: [GC (CMS Initial Mark) [1 CMS-initial-mark: 61817K(102400K)] 72057K(194560K), 0.0004318 secs] [Times: user=0.00 sys=0.00, real=0.00 secs] 
277.889: [CMS-concurrent-mark-start]
277.890: [CMS-concurrent-mark: 0.001/0.001 secs] [Times: user=0.00 sys=0.00, real=0.00 secs] 
277.890: [CMS-concurrent-preclean-start]
277.890: [CMS-concurrent-preclean: 0.000/0.000 secs] [Times: user=0.00 sys=0.00, real=0.00 secs] 
277.890: [CMS-concurrent-abortable-preclean-start]
278.899: [GC (Allocation Failure) 278.899: [ParNew: 73282K->0K(92160K), 0.0014084 secs] 135100K->61817K(194560K), 0.0016984 secs] [Times: user=0.01 sys=0.00, real=0.00 secs] 
278.908: [GC (Allocation Failure) 278.908: [ParNew: 73282K->0K(92160K), 0.0036132 secs] 135100K->92537K(194560K), 0.0037556 secs] [Times: user=0.03 sys=0.00, real=0.00 secs] 
278.912: [CMS-concurrent-abortable-preclean: 0.006/1.022 secs] [Times: user=0.05 sys=0.00, real=1.02 secs] 
278.913: [GC (CMS Final Remark) [YG occupancy: 10240 K (92160 K)]278.913: [Rescan (parallel) , 0.0002970 secs]278.913: [weak refs processing, 0.0000237 secs]278.913: [class unloading, 0.0003100 secs]278.914: [scrub symbol table, 0.0004735 secs]278.914: [scrub string table, 0.0002006 secs][1 CMS-remark: 92537K(102400K)] 102777K(194560K), 0.0014458 secs] [Times: user=0.00 sys=0.00, real=0.00 secs] 
278.915: [CMS-concurrent-sweep-start]
278.915: [CMS-concurrent-sweep: 0.000/0.000 secs] [Times: user=0.00 sys=0.00, real=0.00 secs] 
278.915: [CMS-concurrent-reset-start]
278.915: [CMS-concurrent-reset: 0.000/0.000 secs] [Times: user=0.00 sys=0.00, real=0.00 secs] 
279.923: [GC (Allocation Failure) 279.923: [ParNew: 73282K->0K(92160K), 0.0016558 secs] 114620K->61817K(194560K), 0.0017749 secs] [Times: user=0.02 sys=0.00, real=0.01 secs] 
279.926: [GC (CMS Initial Mark) [1 CMS-initial-mark: 61817K(102400K)] 72057K(194560K), 0.0001623 secs] [Times: user=0.00 sys=0.00, real=0.00 secs] 
279.926: [CMS-concurrent-mark-start]
279.926: [CMS-concurrent-mark: 0.001/0.001 secs] [Times: user=0.00 sys=0.00, real=0.00 secs] 
279.927: [CMS-concurrent-preclean-start]
279.927: [CMS-concurrent-preclean: 0.000/0.000 secs] [Times: user=0.00 sys=0.00, real=0.00 secs] 
279.927: [CMS-concurrent-abortable-preclean-start]
280.937: [GC (Allocation Failure) 280.937: [ParNew: 73282K->0K(92160K), 0.0026105 secs] 135100K->72057K(194560K), 0.0027906 secs] [Times: user=0.01 sys=0.00, real=0.00 secs] 
281.950: [GC (Allocation Failure) 281.950: [ParNew: 73282K->0K(92160K), 0.0007584 secs] 145340K->72057K(194560K), 0.0009038 secs] [Times: user=0.00 sys=0.00, real=0.00 secs] 
282.157: [CMS-concurrent-abortable-preclean: 0.012/2.230 secs] [Times: user=0.04 sys=0.01, real=2.23 secs] 
282.157: [GC (CMS Final Remark) [YG occupancy: 42562 K (92160 K)]282.157: [Rescan (parallel) , 0.0006404 secs]282.158: [weak refs processing, 0.0000445 secs]282.158: [class unloading, 0.0006672 secs]282.158: [scrub symbol table, 0.0011767 secs]282.160: [scrub string table, 0.0005131 secs][1 CMS-remark: 72057K(102400K)] 114620K(194560K), 0.0033410 secs] [Times: user=0.00 sys=0.00, real=0.00 secs] 
282.161: [CMS-concurrent-sweep-start]
282.161: [CMS-concurrent-sweep: 0.000/0.000 secs] [Times: user=0.00 sys=0.00, real=0.00 secs] 
282.161: [CMS-concurrent-reset-start]
282.161: [CMS-concurrent-reset: 0.000/0.000 secs] [Times: user=0.00 sys=0.00, real=0.00 secs] 
282.964: [GC (Allocation Failure) 282.964: [ParNew: 73282K->0K(92160K), 0.0016083 secs] 104380K->41337K(194560K), 0.0017601 secs] [Times: user=0.00 sys=0.00, real=0.01 secs] 
283.975: [GC (Allocation Failure) 283.975: [ParNew: 73282K->0K(92160K), 0.0028653 secs] 114620K->51577K(194560K), 0.0030256 secs] [Times: user=0.01 sys=0.00, real=0.01 secs] 
284.991: [GC (Allocation Failure) 284.991: [ParNew: 73282K->0K(92160K), 0.0028708 secs] 124860K->61817K(194560K), 0.0030723 secs] [Times: user=0.01 sys=0.00, real=0.00 secs] 
284.995: [GC (CMS Initial Mark) [1 CMS-initial-mark: 61817K(102400K)] 72057K(194560K), 0.0002995 secs] [Times: user=0.00 sys=0.00, real=0.00 secs] 
284.995: [CMS-concurrent-mark-start]
284.996: [CMS-concurrent-mark: 0.001/0.001 secs] [Times: user=0.00 sys=0.00, real=0.01 secs] 
284.996: [CMS-concurrent-preclean-start]
284.997: [CMS-concurrent-preclean: 0.000/0.000 secs] [Times: user=0.00 sys=0.00, real=0.00 secs] 
284.997: [CMS-concurrent-abortable-preclean-start]
286.005: [GC (Allocation Failure) 286.005: [ParNew: 73282K->0K(92160K), 0.0015169 secs] 135100K->61817K(194560K), 0.0017750 secs] [Times: user=0.00 sys=0.00, real=0.00 secs] 
286.013: [GC (Allocation Failure) 286.013: [ParNew: 73282K->0K(92160K), 0.0036703 secs] 135100K->92537K(194560K), 0.0038179 secs] [Times: user=0.03 sys=0.00, real=0.01 secs] 
286.017: [CMS-concurrent-abortable-preclean: 0.005/1.020 secs] [Times: user=0.05 sys=0.00, real=1.02 secs] 
286.018: [GC (CMS Final Remark) [YG occupancy: 10240 K (92160 K)]286.018: [Rescan (parallel) , 0.0002468 secs]286.018: [weak refs processing, 0.0000218 secs]286.018: [class unloading, 0.0002929 secs]286.019: [scrub symbol table, 0.0004581 secs]286.019: [scrub string table, 0.0002025 secs][1 CMS-remark: 92537K(102400K)] 102777K(194560K), 0.0013623 secs] [Times: user=0.00 sys=0.00, real=0.00 secs] 
286.019: [CMS-concurrent-sweep-start]
286.020: [CMS-concurrent-sweep: 0.000/0.000 secs] [Times: user=0.00 sys=0.00, real=0.00 secs] 
286.020: [CMS-concurrent-reset-start]
286.020: [CMS-concurrent-reset: 0.000/0.000 secs] [Times: user=0.00 sys=0.00, real=0.00 secs] 
287.031: [GC (Allocation Failure) 287.031: [ParNew: 73282K->0K(92160K), 0.0022162 secs] 114620K->61817K(194560K), 0.0023862 secs] [Times: user=0.00 sys=0.00, real=0.00 secs] 
287.034: [GC (CMS Initial Mark) [1 CMS-initial-mark: 61817K(102400K)] 72057K(194560K), 0.0002385 secs] [Times: user=0.00 sys=0.01, real=0.00 secs] 
287.034: [CMS-concurrent-mark-start]
287.035: [CMS-concurrent-mark: 0.001/0.001 secs] [Times: user=0.00 sys=0.00, real=0.01 secs] 
287.035: [CMS-concurrent-preclean-start]
287.036: [CMS-concurrent-preclean: 0.000/0.000 secs] [Times: user=0.00 sys=0.00, real=0.00 secs] 
287.036: [CMS-concurrent-abortable-preclean-start]
288.043: [GC (Allocation Failure) 288.043: [ParNew: 73282K->0K(92160K), 0.0009760 secs] 135100K->72057K(194560K), 0.0011015 secs] [Times: user=0.01 sys=0.00, real=0.00 secs] 
289.053: [GC (Allocation Failure) 289.054: [ParNew: 73282K->0K(92160K), 0.0007956 secs] 145340K->72057K(194560K), 0.0009520 secs] [Times: user=0.00 sys=0.00, real=0.00 secs] 
289.262: [CMS-concurrent-abortable-preclean: 0.010/2.227 secs] [Times: user=0.03 sys=0.00, real=2.22 secs] 
289.263: [GC (CMS Final Remark) [YG occupancy: 42562 K (92160 K)]289.263: [Rescan (parallel) , 0.0006265 secs]289.264: [weak refs processing, 0.0000427 secs]289.264: [class unloading, 0.0006113 secs]289.264: [scrub symbol table, 0.0011496 secs]289.266: [scrub string table, 0.0004167 secs][1 CMS-remark: 72057K(102400K)] 114620K(194560K), 0.0030850 secs] [Times: user=0.01 sys=0.00, real=0.01 secs] 
289.266: [CMS-concurrent-sweep-start]
289.266: [CMS-concurrent-sweep: 0.000/0.000 secs] [Times: user=0.00 sys=0.00, real=0.00 secs] 
289.267: [CMS-concurrent-reset-start]
289.267: [CMS-concurrent-reset: 0.000/0.000 secs] [Times: user=0.00 sys=0.00, real=0.00 secs] 
290.073: [GC (Allocation Failure) 290.073: [ParNew: 73282K->0K(92160K), 0.0007446 secs] 104380K->31097K(194560K), 0.0008622 secs] [Times: user=0.00 sys=0.00, real=0.00 secs] 
291.097: [GC (Allocation Failure) 291.097: [ParNew: 73282K->0K(92160K), 0.0010395 secs] 104380K->31097K(194560K), 0.0012430 secs] [Times: user=0.00 sys=0.00, real=0.00 secs] 
292.120: [GC (Allocation Failure) 292.120: [ParNew: 73295K->0K(92160K), 0.0008488 secs] 104392K->31097K(194560K), 0.0010186 secs] [Times: user=0.00 sys=0.00, real=0.00 secs] 
293.142: [GC (Allocation Failure) 293.143: [ParNew: 73290K->0K(92160K), 0.0014176 secs] 104388K->31097K(194560K), 0.0017441 secs] [Times: user=0.00 sys=0.01, real=0.00 secs] 
293.159: [GC (Allocation Failure) 293.160: [ParNew: 73287K->0K(92160K), 0.0006534 secs] 104385K->31097K(194560K), 0.0007703 secs] [Times: user=0.01 sys=0.00, real=0.00 secs] 
294.182: [GC (Allocation Failure) 294.182: [ParNew: 73286K->0K(92160K), 0.0005948 secs] 104383K->31097K(194560K), 0.0014855 secs] [Times: user=0.00 sys=0.00, real=0.00 secs] 
295.202: [GC (Allocation Failure) 295.202: [ParNew: 73284K->0K(92160K), 0.0006474 secs] 104382K->31097K(194560K), 0.0007521 secs] [Times: user=0.01 sys=0.00, real=0.00 secs] 
296.220: [GC (Allocation Failure) 296.220: [ParNew: 73284K->0K(92160K), 0.0006327 secs] 104381K->31097K(194560K), 0.0007398 secs] [Times: user=0.00 sys=0.00, real=0.00 secs] 
297.241: [GC (Allocation Failure) 297.241: [ParNew: 73283K->0K(92160K), 0.0007972 secs] 104381K->31097K(194560K), 0.0009827 secs] [Times: user=0.00 sys=0.00, real=0.00 secs] 
298.264: [GC (Allocation Failure) 298.264: [ParNew: 73283K->0K(92160K), 0.0006802 secs] 104380K->31097K(194560K), 0.0008047 secs] [Times: user=0.00 sys=0.00, real=0.00 secs] 
299.285: [GC (Allocation Failure) 299.285: [ParNew: 73283K->0K(92160K), 0.0006553 secs] 104380K->31097K(194560K), 0.0007710 secs] [Times: user=0.00 sys=0.00, real=0.00 secs] 
300.302: [GC (Allocation Failure) 300.303: [ParNew: 73282K->0K(92160K), 0.0009890 secs] 104380K->31097K(194560K), 0.0012088 secs] [Times: user=0.01 sys=0.00, real=0.00 secs] 
300.319: [GC (Allocation Failure) 300.319: [ParNew: 73282K->0K(92160K), 0.0005846 secs] 104380K->31097K(194560K), 0.0006520 secs] [Times: user=0.00 sys=0.00, real=0.00 secs] 
301.335: [GC (Allocation Failure) 301.335: [ParNew: 73282K->0K(92160K), 0.0007660 secs] 104380K->31097K(194560K), 0.0015797 secs] [Times: user=0.01 sys=0.00, real=0.01 secs] 
302.353: [GC (Allocation Failure) 302.353: [ParNew: 73282K->0K(92160K), 0.0005860 secs] 104380K->31097K(194560K), 0.0006770 secs] [Times: user=0.00 sys=0.00, real=0.00 secs] 
303.372: [GC (Allocation Failure) 303.372: [ParNew: 73282K->0K(92160K), 0.0006931 secs] 104380K->31097K(194560K), 0.0008780 secs] [Times: user=0.00 sys=0.00, real=0.00 secs] 
304.393: [GC (Allocation Failure) 304.393: [ParNew: 73282K->0K(92160K), 0.0006760 secs] 104380K->31097K(194560K), 0.0007968 secs] [Times: user=0.00 sys=0.00, real=0.00 secs] 
305.415: [GC (Allocation Failure) 305.416: [ParNew: 73282K->0K(92160K), 0.0008855 secs] 104380K->31097K(194560K), 0.0010842 secs] [Times: user=0.01 sys=0.00, real=0.01 secs] 
306.439: [GC (Allocation Failure) 306.439: [ParNew: 73282K->0K(92160K), 0.0009996 secs] 104380K->31097K(194560K), 0.0011867 secs] [Times: user=0.01 sys=0.00, real=0.00 secs] 
307.461: [GC (Allocation Failure) 307.462: [ParNew: 73282K->0K(92160K), 0.0013460 secs] 104380K->31097K(194560K), 0.0015570 secs] [Times: user=0.01 sys=0.00, real=0.00 secs] 
307.479: [GC (Allocation Failure) 307.479: [ParNew: 73282K->0K(92160K), 0.0006401 secs] 104380K->31097K(194560K), 0.0007470 secs] [Times: user=0.01 sys=0.00, real=0.00 secs] 
308.499: [GC (Allocation Failure) 308.499: [ParNew: 73282K->0K(92160K), 0.0006390 secs] 104380K->31097K(194560K), 0.0007636 secs] [Times: user=0.00 sys=0.00, real=0.00 secs] 
309.519: [GC (Allocation Failure) 309.520: [ParNew: 73282K->0K(92160K), 0.0008152 secs] 104380K->31097K(194560K), 0.0009217 secs] [Times: user=0.00 sys=0.00, real=0.00 secs] 
310.541: [GC (Allocation Failure) 310.542: [ParNew: 73282K->0K(92160K), 0.0005839 secs] 104380K->31097K(194560K), 0.0006872 secs] [Times: user=0.00 sys=0.00, real=0.00 secs] 
311.563: [GC (Allocation Failure) 311.563: [ParNew: 73282K->0K(92160K), 0.0007113 secs] 104380K->31097K(194560K), 0.0008062 secs] [Times: user=0.00 sys=0.00, real=0.00 secs] 
312.586: [GC (Allocation Failure) 312.586: [ParNew: 73282K->0K(92160K), 0.0006665 secs] 104380K->31097K(194560K), 0.0007869 secs] [Times: user=0.00 sys=0.00, real=0.01 secs] 
313.607: [GC (Allocation Failure) 313.607: [ParNew: 73282K->0K(92160K), 0.0008241 secs] 104380K->31097K(194560K), 0.0009764 secs] [Times: user=0.00 sys=0.00, real=0.00 secs] 
314.623: [GC (Allocation Failure) 314.623: [ParNew: 73282K->0K(92160K), 0.0011110 secs] 104380K->31097K(194560K), 0.0012925 secs] [Times: user=0.00 sys=0.00, real=0.00 secs] 
314.639: [GC (Allocation Failure) 314.639: [ParNew: 73282K->0K(92160K), 0.0006079 secs] 104380K->31097K(194560K), 0.0007030 secs] [Times: user=0.00 sys=0.00, real=0.00 secs] 
315.658: [GC (Allocation Failure) 315.658: [ParNew: 73282K->0K(92160K), 0.0006578 secs] 104380K->31097K(194560K), 0.0007676 secs] [Times: user=0.01 sys=0.00, real=0.00 secs] 
316.678: [GC (Allocation Failure) 316.678: [ParNew: 73282K->0K(92160K), 0.0006474 secs] 104380K->31097K(194560K), 0.0007427 secs] [Times: user=0.00 sys=0.00, real=0.00 secs] 
317.697: [GC (Allocation Failure) 317.697: [ParNew: 73282K->0K(92160K), 0.0009126 secs] 104380K->31097K(194560K), 0.0010630 secs] [Times: user=0.00 sys=0.00, real=0.00 secs] 
318.719: [GC (Allocation Failure) 318.719: [ParNew: 73282K->0K(92160K), 0.0008467 secs] 104380K->31097K(194560K), 0.0180160 secs] [Times: user=0.01 sys=0.00, real=0.02 secs] 
319.756: [GC (Allocation Failure) 319.756: [ParNew: 73282K->0K(92160K), 0.0007229 secs] 104380K->31097K(194560K), 0.0008865 secs] [Times: user=0.01 sys=0.00, real=0.00 secs] 
320.776: [GC (Allocation Failure) 320.776: [ParNew: 73282K->0K(92160K), 0.0009130 secs] 104380K->31097K(194560K), 0.0010686 secs] [Times: user=0.00 sys=0.00, real=0.01 secs] 
321.799: [GC (Allocation Failure) 321.799: [ParNew: 73282K->0K(92160K), 0.0011669 secs] 104380K->31097K(194560K), 0.0013654 secs] [Times: user=0.00 sys=0.00, real=0.00 secs] 
321.814: [GC (Allocation Failure) 321.814: [ParNew: 73282K->0K(92160K), 0.0006040 secs] 104380K->31097K(194560K), 0.0007036 secs] [Times: user=0.00 sys=0.00, real=0.00 secs] 
322.833: [GC (Allocation Failure) 322.834: [ParNew: 73282K->0K(92160K), 0.0006608 secs] 104380K->31097K(194560K), 0.0007813 secs] [Times: user=0.01 sys=0.00, real=0.00 secs] 
323.854: [GC (Allocation Failure) 323.855: [ParNew: 73282K->0K(92160K), 0.0006466 secs] 104380K->31097K(194560K), 0.0018055 secs] [Times: user=0.00 sys=0.00, real=0.00 secs] 
324.872: [GC (Allocation Failure) 324.872: [ParNew: 73282K->0K(92160K), 0.0008235 secs] 104380K->31097K(194560K), 0.0009437 secs] [Times: user=0.00 sys=0.00, real=0.00 secs] 
325.893: [GC (Allocation Failure) 325.894: [ParNew: 73282K->0K(92160K), 0.0006746 secs] 104380K->31097K(194560K), 0.0007858 secs] [Times: user=0.00 sys=0.00, real=0.00 secs] 
326.912: [GC (Allocation Failure) 326.912: [ParNew: 73282K->0K(92160K), 0.0008401 secs] 104380K->31097K(194560K), 0.0009638 secs] [Times: user=0.00 sys=0.00, real=0.00 secs] 
327.931: [GC (Allocation Failure) 327.931: [ParNew: 73282K->0K(92160K), 0.0003723 secs] 104380K->31097K(194560K), 0.0004699 secs] [Times: user=0.00 sys=0.00, real=0.00 secs] 
328.943: [GC (Allocation Failure) 328.943: [ParNew: 73282K->0K(92160K), 0.0007044 secs] 104380K->31097K(194560K), 0.0008486 secs] [Times: user=0.00 sys=0.00, real=0.00 secs] 
328.959: [GC (Allocation Failure) 328.959: [ParNew: 73282K->0K(92160K), 0.0004799 secs] 104380K->31097K(194560K), 0.0005678 secs] [Times: user=0.00 sys=0.00, real=0.00 secs] 
329.978: [GC (Allocation Failure) 329.978: [ParNew: 73282K->0K(92160K), 0.0005167 secs] 104380K->31097K(194560K), 0.0006236 secs] [Times: user=0.00 sys=0.00, real=0.00 secs] 
331.000: [GC (Allocation Failure) 331.000: [ParNew: 73282K->0K(92160K), 0.0006284 secs] 104380K->31097K(194560K), 0.0007329 secs] [Times: user=0.01 sys=0.00, real=0.00 secs] 
332.016: [GC (Allocation Failure) 332.016: [ParNew: 73282K->0K(92160K), 0.0006983 secs] 104380K->31097K(194560K), 0.0008027 secs] [Times: user=0.01 sys=0.00, real=0.01 secs] 
333.036: [GC (Allocation Failure) 333.036: [ParNew: 73282K->0K(92160K), 0.0007457 secs] 104380K->31097K(194560K), 0.0008998 secs] [Times: user=0.00 sys=0.00, real=0.01 secs] 
334.059: [GC (Allocation Failure) 334.061: [ParNew: 73282K->0K(92160K), 0.0007948 secs] 104380K->31097K(194560K), 0.0023951 secs] [Times: user=0.00 sys=0.00, real=0.00 secs] 
335.084: [GC (Allocation Failure) 335.084: [ParNew: 73282K->0K(92160K), 0.0008147 secs] 104380K->31097K(194560K), 0.0009903 secs] [Times: user=0.00 sys=0.00, real=0.00 secs] 
336.106: [GC (Allocation Failure) 336.107: [ParNew: 73282K->0K(92160K), 0.0013554 secs] 104380K->31097K(194560K), 0.0016334 secs] [Times: user=0.00 sys=0.00, real=0.01 secs] 
336.123: [GC (Allocation Failure) 336.123: [ParNew: 73282K->0K(92160K), 0.0006457 secs] 104380K->31097K(194560K), 0.0007440 secs] [Times: user=0.00 sys=0.00, real=0.00 secs] 
337.142: [GC (Allocation Failure) 337.142: [ParNew: 73282K->0K(92160K), 0.0006855 secs] 104380K->31097K(194560K), 0.0008076 secs] [Times: user=0.01 sys=0.00, real=0.00 secs] 
338.162: [GC (Allocation Failure) 338.162: [ParNew: 73282K->0K(92160K), 0.0007475 secs] 104380K->31097K(194560K), 0.0008437 secs] [Times: user=0.00 sys=0.00, real=0.00 secs] 
339.178: [GC (Allocation Failure) 339.178: [ParNew: 73282K->0K(92160K), 0.0006749 secs] 104380K->31097K(194560K), 0.0007823 secs] [Times: user=0.00 sys=0.00, real=0.00 secs] 
340.199: [GC (Allocation Failure) 340.199: [ParNew: 73282K->0K(92160K), 0.0008653 secs] 104380K->31097K(194560K), 0.0010366 secs] [Times: user=0.00 sys=0.00, real=0.00 secs] 
341.221: [GC (Allocation Failure) 341.221: [ParNew: 73282K->0K(92160K), 0.0008024 secs] 104380K->31097K(194560K), 0.0009645 secs] [Times: user=0.01 sys=0.00, real=0.00 secs] 
342.243: [GC (Allocation Failure) 342.243: [ParNew: 73282K->0K(92160K), 0.0008312 secs] 104380K->31097K(194560K), 0.0009883 secs] [Times: user=0.00 sys=0.00, real=0.00 secs] 
343.261: [GC (Allocation Failure) 343.261: [ParNew: 73282K->0K(92160K), 0.0013314 secs] 104380K->31097K(194560K), 0.0015578 secs] [Times: user=0.00 sys=0.00, real=0.00 secs] 
343.278: [GC (Allocation Failure) 343.278: [ParNew: 73282K->0K(92160K), 0.0006408 secs] 104380K->31097K(194560K), 0.0007378 secs] [Times: user=0.00 sys=0.00, real=0.00 secs] 
344.289: [GC (Allocation Failure) 344.289: [ParNew: 73282K->0K(92160K), 0.0004589 secs] 104380K->31097K(194560K), 0.0006705 secs] [Times: user=0.00 sys=0.00, real=0.00 secs] 
345.309: [GC (Allocation Failure) 345.309: [ParNew: 73282K->0K(92160K), 0.0006838 secs] 104380K->31097K(194560K), 0.0007893 secs] [Times: user=0.01 sys=0.00, real=0.00 secs] 
346.323: [GC (Allocation Failure) 346.323: [ParNew: 73282K->0K(92160K), 0.0006877 secs] 104380K->31097K(194560K), 0.0008221 secs] [Times: user=0.00 sys=0.00, real=0.00 secs] 
347.344: [GC (Allocation Failure) 347.344: [ParNew: 73282K->0K(92160K), 0.0006928 secs] 104380K->31097K(194560K), 0.0008297 secs] [Times: user=0.00 sys=0.00, real=0.00 secs] 
348.366: [GC (Allocation Failure) 348.367: [ParNew: 73282K->0K(92160K), 0.0007225 secs] 104380K->31097K(194560K), 0.0008506 secs] [Times: user=0.00 sys=0.00, real=0.01 secs] 
349.390: [GC (Allocation Failure) 349.390: [ParNew: 73282K->0K(92160K), 0.0009846 secs] 104380K->31097K(194560K), 0.0011603 secs] [Times: user=0.00 sys=0.00, real=0.00 secs] 
350.413: [GC (Allocation Failure) 350.413: [ParNew: 73282K->0K(92160K), 0.0014983 secs] 104380K->31097K(194560K), 0.0017822 secs] [Times: user=0.00 sys=0.00, real=0.00 secs] 
350.429: [GC (Allocation Failure) 350.429: [ParNew: 73282K->0K(92160K), 0.0005932 secs] 104380K->31097K(194560K), 0.0006982 secs] [Times: user=0.01 sys=0.00, real=0.00 secs] 
351.447: [GC (Allocation Failure) 351.447: [ParNew: 73282K->0K(92160K), 0.0005647 secs] 104380K->31097K(194560K), 0.0006452 secs] [Times: user=0.00 sys=0.00, real=0.00 secs] 
352.465: [GC (Allocation Failure) 352.465: [ParNew: 73282K->0K(92160K), 0.0006267 secs] 104380K->31097K(194560K), 0.0007281 secs] [Times: user=0.00 sys=0.00, real=0.00 secs] 
353.480: [GC (Allocation Failure) 353.480: [ParNew: 73282K->0K(92160K), 0.0006987 secs] 104380K->31097K(194560K), 0.0008235 secs] [Times: user=0.01 sys=0.00, real=0.00 secs] 
354.501: [GC (Allocation Failure) 354.502: [ParNew: 73282K->0K(92160K), 0.0010406 secs] 104380K->31097K(194560K), 0.0021057 secs] [Times: user=0.00 sys=0.00, real=0.00 secs] 
355.518: [GC (Allocation Failure) 355.518: [ParNew: 73282K->0K(92160K), 0.0003619 secs] 104380K->31097K(194560K), 0.0004350 secs] [Times: user=0.00 sys=0.00, real=0.00 secs] 
356.532: [GC (Allocation Failure) 356.532: [ParNew: 73282K->0K(92160K), 0.0005116 secs] 104380K->31097K(194560K), 0.0006013 secs] [Times: user=0.00 sys=0.00, real=0.00 secs] 
357.550: [GC (Allocation Failure) 357.550: [ParNew: 73282K->0K(92160K), 0.0008841 secs] 104380K->31097K(194560K), 0.0010229 secs] [Times: user=0.01 sys=0.00, real=0.00 secs] 
357.560: [GC (Allocation Failure) 357.560: [ParNew: 73282K->0K(92160K), 0.0006695 secs] 104380K->31097K(194560K), 0.0007989 secs] [Times: user=0.01 sys=0.00, real=0.00 secs] 
358.582: [GC (Allocation Failure) 358.582: [ParNew: 73282K->0K(92160K), 0.0006912 secs] 104380K->31097K(194560K), 0.0008169 secs] [Times: user=0.00 sys=0.00, real=0.00 secs] 
359.603: [GC (Allocation Failure) 359.603: [ParNew: 73282K->0K(92160K), 0.0006402 secs] 104380K->31097K(194560K), 0.0007662 secs] [Times: user=0.00 sys=0.00, real=0.00 secs] 
360.620: [GC (Allocation Failure) 360.621: [ParNew: 73282K->0K(92160K), 0.0006953 secs] 104380K->31097K(194560K), 0.0007896 secs] [Times: user=0.00 sys=0.00, real=0.00 secs] 
361.641: [GC (Allocation Failure) 361.641: [ParNew: 73282K->0K(92160K), 0.0006922 secs] 104380K->31097K(194560K), 0.0008452 secs] [Times: user=0.00 sys=0.00, real=0.00 secs] 
362.664: [GC (Allocation Failure) 362.664: [ParNew: 73282K->0K(92160K), 0.0007194 secs] 104380K->31097K(194560K), 0.0008461 secs] [Times: user=0.00 sys=0.00, real=0.00 secs] 
363.681: [GC (Allocation Failure) 363.681: [ParNew: 73282K->0K(92160K), 0.0008452 secs] 104380K->31097K(194560K), 0.0009712 secs] [Times: user=0.01 sys=0.00, real=0.00 secs] 
Heap
 par new generation   total 92160K, used 76559K [0x00000007b3800000, 0x00000007b9c00000, 0x00000007b9c00000)
  eden space 81920K,  93% used [0x00000007b3800000, 0x00000007b82c3e18, 0x00000007b8800000)
  from space 10240K,   0% used [0x00000007b9200000, 0x00000007b9200000, 0x00000007b9c00000)
  to   space 10240K,   0% used [0x00000007b8800000, 0x00000007b8800000, 0x00000007b9200000)
 concurrent mark-sweep generation total 102400K, used 31097K [0x00000007b9c00000, 0x00000007c0000000, 0x00000007c0000000)
 Metaspace       used 3212K, capacity 4500K, committed 4864K, reserved 1056768K
  class space    used 357K, capacity 388K, committed 512K, reserved 1048576K
